Archive member included to satisfy reference by file (symbol)

.\CortexM3\ARM_GCC_541\Debug\Lab6_DC_Motor_PID.a(DAC_1.o)
                              .\CortexM3\ARM_GCC_541\Debug\main.o (DAC_1_SetValue)
.\CortexM3\ARM_GCC_541\Debug\Lab6_DC_Motor_PID.a(OA_1.o)
                              .\CortexM3\ARM_GCC_541\Debug\main.o (OA_1_Start)
.\CortexM3\ARM_GCC_541\Debug\Lab6_DC_Motor_PID.a(OA_2.o)
                              .\CortexM3\ARM_GCC_541\Debug\main.o (OA_2_Start)
.\CortexM3\ARM_GCC_541\Debug\Lab6_DC_Motor_PID.a(OA_3.o)
                              .\CortexM3\ARM_GCC_541\Debug\main.o (OA_3_Start)
.\CortexM3\ARM_GCC_541\Debug\Lab6_DC_Motor_PID.a(OA_4.o)
                              .\CortexM3\ARM_GCC_541\Debug\main.o (OA_4_Start)
.\CortexM3\ARM_GCC_541\Debug\Lab6_DC_Motor_PID.a(DAC_3.o)
                              .\CortexM3\ARM_GCC_541\Debug\main.o (DAC_3_SetValue)
.\CortexM3\ARM_GCC_541\Debug\Lab6_DC_Motor_PID.a(DAC_2.o)
                              .\CortexM3\ARM_GCC_541\Debug\main.o (DAC_2_SetValue)
.\CortexM3\ARM_GCC_541\Debug\Lab6_DC_Motor_PID.a(ADC.o)
                              .\CortexM3\ARM_GCC_541\Debug\main.o (ADC_Start)
.\CortexM3\ARM_GCC_541\Debug\Lab6_DC_Motor_PID.a(ADC_INT.o)
                              .\CortexM3\ARM_GCC_541\Debug\Lab6_DC_Motor_PID.a(ADC.o) (ADC_ISR)
.\CortexM3\ARM_GCC_541\Debug\Lab6_DC_Motor_PID.a(ADC_theACLK.o)
                              .\CortexM3\ARM_GCC_541\Debug\Lab6_DC_Motor_PID.a(ADC.o) (ADC_theACLK_SetModeRegister)
.\CortexM3\ARM_GCC_541\Debug\Lab6_DC_Motor_PID.a(CyLib.o)
                              .\CortexM3\ARM_GCC_541\Debug\Cm3Start.o (CyHalt)
.\CortexM3\ARM_GCC_541\Debug\Lab6_DC_Motor_PID.a(cyPm.o)
                              .\CortexM3\ARM_GCC_541\Debug\Lab6_DC_Motor_PID.a(CyLib.o) (CyPmReadStatus)
.\CortexM3\ARM_GCC_541\Debug\Lab6_DC_Motor_PID.a(CyBootAsmGnu.o)
                              .\CortexM3\ARM_GCC_541\Debug\cyfitter_cfg.o (CyDelayCycles)
.\CortexM3\ARM_GCC_541\Debug\Lab6_DC_Motor_PID.a(CyFlash.o)
                              .\CortexM3\ARM_GCC_541\Debug\Lab6_DC_Motor_PID.a(cyPm.o) (CyFlash_SetWaitCycles)
.\CortexM3\ARM_GCC_541\Debug\Lab6_DC_Motor_PID.a(CySpc.o)
                              .\CortexM3\ARM_GCC_541\Debug\Lab6_DC_Motor_PID.a(CyFlash.o) (CySpcStart)
c:/program files (x86)/cypress/psoc creator/4.2/psoc creator/import/gnu/arm/5.4.1/bin/../lib/gcc/arm-none-eabi/5.4.1/armv7-m\libgcc.a(_arm_addsubsf3.o)
                              .\CortexM3\ARM_GCC_541\Debug\Lab6_DC_Motor_PID.a(ADC.o) (__aeabi_i2f)
c:/program files (x86)/cypress/psoc creator/4.2/psoc creator/import/gnu/arm/5.4.1/bin/../lib/gcc/arm-none-eabi/5.4.1/armv7-m\libgcc.a(_arm_muldivsf3.o)
                              .\CortexM3\ARM_GCC_541\Debug\Lab6_DC_Motor_PID.a(ADC.o) (__aeabi_fmul)
c:/program files (x86)/cypress/psoc creator/4.2/psoc creator/import/gnu/arm/5.4.1/bin/../lib/gcc/arm-none-eabi/5.4.1/armv7-m\libgcc.a(_aeabi_ldivmod.o)
                              .\CortexM3\ARM_GCC_541\Debug\Lab6_DC_Motor_PID.a(ADC.o) (__aeabi_ldivmod)
c:/program files (x86)/cypress/psoc creator/4.2/psoc creator/import/gnu/arm/5.4.1/bin/../lib/gcc/arm-none-eabi/5.4.1/armv7-m\libgcc.a(_udivmoddi4.o)
                              c:/program files (x86)/cypress/psoc creator/4.2/psoc creator/import/gnu/arm/5.4.1/bin/../lib/gcc/arm-none-eabi/5.4.1/armv7-m\libgcc.a(_aeabi_ldivmod.o) (__udivmoddi4)
c:/program files (x86)/cypress/psoc creator/4.2/psoc creator/import/gnu/arm/5.4.1/bin/../lib/gcc/arm-none-eabi/5.4.1/armv7-m\libgcc.a(_dvmd_tls.o)
                              c:/program files (x86)/cypress/psoc creator/4.2/psoc creator/import/gnu/arm/5.4.1/bin/../lib/gcc/arm-none-eabi/5.4.1/armv7-m\libgcc.a(_aeabi_ldivmod.o) (__aeabi_ldiv0)
c:/program files (x86)/cypress/psoc creator/4.2/psoc creator/import/gnu/arm/5.4.1/bin/../lib/gcc/arm-none-eabi/5.4.1/../../../../arm-none-eabi/lib/armv7-m\libg_nano.a(lib_a-errno.o)
                              .\CortexM3\ARM_GCC_541\Debug\Cm3Start.o (__errno)
c:/program files (x86)/cypress/psoc creator/4.2/psoc creator/import/gnu/arm/5.4.1/bin/../lib/gcc/arm-none-eabi/5.4.1/../../../../arm-none-eabi/lib/armv7-m\libg_nano.a(lib_a-exit.o)
                              c:/program files (x86)/cypress/psoc creator/4.2/psoc creator/import/gnu/arm/5.4.1/bin/../lib/gcc/arm-none-eabi/5.4.1/../../../../arm-none-eabi/lib/armv7-m/crt0.o (exit)
c:/program files (x86)/cypress/psoc creator/4.2/psoc creator/import/gnu/arm/5.4.1/bin/../lib/gcc/arm-none-eabi/5.4.1/../../../../arm-none-eabi/lib/armv7-m\libg_nano.a(lib_a-impure.o)
                              c:/program files (x86)/cypress/psoc creator/4.2/psoc creator/import/gnu/arm/5.4.1/bin/../lib/gcc/arm-none-eabi/5.4.1/../../../../arm-none-eabi/lib/armv7-m\libg_nano.a(lib_a-exit.o) (_global_impure_ptr)
c:/program files (x86)/cypress/psoc creator/4.2/psoc creator/import/gnu/arm/5.4.1/bin/../lib/gcc/arm-none-eabi/5.4.1/../../../../arm-none-eabi/lib/armv7-m\libg_nano.a(lib_a-init.o)
                              c:/program files (x86)/cypress/psoc creator/4.2/psoc creator/import/gnu/arm/5.4.1/bin/../lib/gcc/arm-none-eabi/5.4.1/../../../../arm-none-eabi/lib/armv7-m/crt0.o (__libc_init_array)
c:/program files (x86)/cypress/psoc creator/4.2/psoc creator/import/gnu/arm/5.4.1/bin/../lib/gcc/arm-none-eabi/5.4.1/../../../../arm-none-eabi/lib/armv7-m\libg_nano.a(lib_a-memcpy-stub.o)
                              .\CortexM3\ARM_GCC_541\Debug\cyfitter_cfg.o (memcpy)
c:/program files (x86)/cypress/psoc creator/4.2/psoc creator/import/gnu/arm/5.4.1/bin/../lib/gcc/arm-none-eabi/5.4.1/../../../../arm-none-eabi/lib/armv7-m\libg_nano.a(lib_a-memset.o)
                              c:/program files (x86)/cypress/psoc creator/4.2/psoc creator/import/gnu/arm/5.4.1/bin/../lib/gcc/arm-none-eabi/5.4.1/../../../../arm-none-eabi/lib/armv7-m/crt0.o (memset)

Allocating common symbols
Common symbol       size              file

Vout_term_overflow_count
                    0x4               .\CortexM3\ARM_GCC_541\Debug\main.o
Vmeas_delta         0x4               .\CortexM3\ARM_GCC_541\Debug\main.o
Verror              0x4               .\CortexM3\ARM_GCC_541\Debug\main.o
Vmeas               0x4               .\CortexM3\ARM_GCC_541\Debug\main.o
last_adc_wait_count
                    0x4               .\CortexM3\ARM_GCC_541\Debug\main.o
loop_count          0x4               .\CortexM3\ARM_GCC_541\Debug\main.o
Vout_term_underflow_count
                    0x4               .\CortexM3\ARM_GCC_541\Debug\main.o
ADC_countsPer10Volt
                    0x4               .\CortexM3\ARM_GCC_541\Debug\Lab6_DC_Motor_PID.a(ADC.o)
Kp_term_limited     0x4               .\CortexM3\ARM_GCC_541\Debug\main.o
adc_result          0x2               .\CortexM3\ARM_GCC_541\Debug\main.o
Verror_sum          0x4               .\CortexM3\ARM_GCC_541\Debug\main.o
Vmeas_raw           0x1               .\CortexM3\ARM_GCC_541\Debug\main.o
ADC_shift           0x2               .\CortexM3\ARM_GCC_541\Debug\Lab6_DC_Motor_PID.a(ADC.o)
ADC_countsPerVolt   0x2               .\CortexM3\ARM_GCC_541\Debug\Lab6_DC_Motor_PID.a(ADC.o)
ADC_offset          0x2               .\CortexM3\ARM_GCC_541\Debug\Lab6_DC_Motor_PID.a(ADC.o)
Kp_term             0x4               .\CortexM3\ARM_GCC_541\Debug\main.o
Vout_limited        0x4               .\CortexM3\ARM_GCC_541\Debug\main.o
Ki_term             0x4               .\CortexM3\ARM_GCC_541\Debug\main.o
Vout                0x4               .\CortexM3\ARM_GCC_541\Debug\main.o
button_not_pushed_count
                    0x4               .\CortexM3\ARM_GCC_541\Debug\main.o
Ki_term_overflow_count
                    0x4               .\CortexM3\ARM_GCC_541\Debug\main.o
Ki_term_limited     0x4               .\CortexM3\ARM_GCC_541\Debug\main.o
Kd_term_limited     0x4               .\CortexM3\ARM_GCC_541\Debug\main.o
Kd_term             0x4               .\CortexM3\ARM_GCC_541\Debug\main.o
adc_wait_count      0x4               .\CortexM3\ARM_GCC_541\Debug\main.o
Vmeas_buffer        0x12c             .\CortexM3\ARM_GCC_541\Debug\main.o
dieTemperature      0x2               .\CortexM3\ARM_GCC_541\Debug\Lab6_DC_Motor_PID.a(CyFlash.o)
buffer_limit_reached
                    0x4               .\CortexM3\ARM_GCC_541\Debug\main.o
Vmeas_last          0x4               .\CortexM3\ARM_GCC_541\Debug\main.o
Ki_term_underflow_count
                    0x4               .\CortexM3\ARM_GCC_541\Debug\main.o

Discarded input sections

 .text          0x00000000        0x0 c:/program files (x86)/cypress/psoc creator/4.2/psoc creator/import/gnu/arm/5.4.1/bin/../lib/gcc/arm-none-eabi/5.4.1/armv7-m/crti.o
 .data          0x00000000        0x0 c:/program files (x86)/cypress/psoc creator/4.2/psoc creator/import/gnu/arm/5.4.1/bin/../lib/gcc/arm-none-eabi/5.4.1/armv7-m/crti.o
 .bss           0x00000000        0x0 c:/program files (x86)/cypress/psoc creator/4.2/psoc creator/import/gnu/arm/5.4.1/bin/../lib/gcc/arm-none-eabi/5.4.1/armv7-m/crti.o
 .data          0x00000000        0x4 c:/program files (x86)/cypress/psoc creator/4.2/psoc creator/import/gnu/arm/5.4.1/bin/../lib/gcc/arm-none-eabi/5.4.1/armv7-m/crtbegin.o
 .text          0x00000000       0x74 c:/program files (x86)/cypress/psoc creator/4.2/psoc creator/import/gnu/arm/5.4.1/bin/../lib/gcc/arm-none-eabi/5.4.1/../../../../arm-none-eabi/lib/armv7-m/crt0.o
 .data          0x00000000        0x0 c:/program files (x86)/cypress/psoc creator/4.2/psoc creator/import/gnu/arm/5.4.1/bin/../lib/gcc/arm-none-eabi/5.4.1/../../../../arm-none-eabi/lib/armv7-m/crt0.o
 .bss           0x00000000        0x0 c:/program files (x86)/cypress/psoc creator/4.2/psoc creator/import/gnu/arm/5.4.1/bin/../lib/gcc/arm-none-eabi/5.4.1/../../../../arm-none-eabi/lib/armv7-m/crt0.o
 .ARM.extab     0x00000000        0x0 c:/program files (x86)/cypress/psoc creator/4.2/psoc creator/import/gnu/arm/5.4.1/bin/../lib/gcc/arm-none-eabi/5.4.1/../../../../arm-none-eabi/lib/armv7-m/crt0.o
 .ARM.exidx     0x00000000        0x8 c:/program files (x86)/cypress/psoc creator/4.2/psoc creator/import/gnu/arm/5.4.1/bin/../lib/gcc/arm-none-eabi/5.4.1/../../../../arm-none-eabi/lib/armv7-m/crt0.o
 .text          0x00000000        0x0 .\CortexM3\ARM_GCC_541\Debug\main.o
 .text          0x00000000        0x0 .\CortexM3\ARM_GCC_541\Debug\cyfitter_cfg.o
 .data          0x00000000        0x0 .\CortexM3\ARM_GCC_541\Debug\cyfitter_cfg.o
 .bss           0x00000000        0x0 .\CortexM3\ARM_GCC_541\Debug\cyfitter_cfg.o
 .text.SetAnalogRoutingPumps
                0x00000000       0x1c .\CortexM3\ARM_GCC_541\Debug\cyfitter_cfg.o
 .text          0x00000000        0x0 .\CortexM3\ARM_GCC_541\Debug\cymetadata.o
 .data          0x00000000        0x0 .\CortexM3\ARM_GCC_541\Debug\cymetadata.o
 .bss           0x00000000        0x0 .\CortexM3\ARM_GCC_541\Debug\cymetadata.o
 .text          0x00000000        0x0 .\CortexM3\ARM_GCC_541\Debug\Cm3Start.o
 .data          0x00000000        0x4 .\CortexM3\ARM_GCC_541\Debug\Cm3Start.o
 .bss           0x00000000        0x0 .\CortexM3\ARM_GCC_541\Debug\Cm3Start.o
 .text._exit    0x00000000        0xc .\CortexM3\ARM_GCC_541\Debug\Cm3Start.o
 .text._sbrk    0x00000000       0x30 .\CortexM3\ARM_GCC_541\Debug\Cm3Start.o
 .text          0x00000000        0x0 .\CortexM3\ARM_GCC_541\Debug\Lab6_DC_Motor_PID.a(DAC_1.o)
 .data          0x00000000        0x0 .\CortexM3\ARM_GCC_541\Debug\Lab6_DC_Motor_PID.a(DAC_1.o)
 .text.DAC_1_Stop
                0x00000000       0x1c .\CortexM3\ARM_GCC_541\Debug\Lab6_DC_Motor_PID.a(DAC_1.o)
 .text          0x00000000        0x0 .\CortexM3\ARM_GCC_541\Debug\Lab6_DC_Motor_PID.a(OA_1.o)
 .data          0x00000000        0x0 .\CortexM3\ARM_GCC_541\Debug\Lab6_DC_Motor_PID.a(OA_1.o)
 .text.OA_1_Stop
                0x00000000       0x34 .\CortexM3\ARM_GCC_541\Debug\Lab6_DC_Motor_PID.a(OA_1.o)
 .text          0x00000000        0x0 .\CortexM3\ARM_GCC_541\Debug\Lab6_DC_Motor_PID.a(OA_2.o)
 .data          0x00000000        0x0 .\CortexM3\ARM_GCC_541\Debug\Lab6_DC_Motor_PID.a(OA_2.o)
 .text.OA_2_Stop
                0x00000000       0x34 .\CortexM3\ARM_GCC_541\Debug\Lab6_DC_Motor_PID.a(OA_2.o)
 .text          0x00000000        0x0 .\CortexM3\ARM_GCC_541\Debug\Lab6_DC_Motor_PID.a(OA_3.o)
 .data          0x00000000        0x0 .\CortexM3\ARM_GCC_541\Debug\Lab6_DC_Motor_PID.a(OA_3.o)
 .text.OA_3_Stop
                0x00000000       0x34 .\CortexM3\ARM_GCC_541\Debug\Lab6_DC_Motor_PID.a(OA_3.o)
 .text          0x00000000        0x0 .\CortexM3\ARM_GCC_541\Debug\Lab6_DC_Motor_PID.a(OA_4.o)
 .data          0x00000000        0x0 .\CortexM3\ARM_GCC_541\Debug\Lab6_DC_Motor_PID.a(OA_4.o)
 .text.OA_4_Stop
                0x00000000       0x34 .\CortexM3\ARM_GCC_541\Debug\Lab6_DC_Motor_PID.a(OA_4.o)
 .text          0x00000000        0x0 .\CortexM3\ARM_GCC_541\Debug\Lab6_DC_Motor_PID.a(DAC_3.o)
 .data          0x00000000        0x0 .\CortexM3\ARM_GCC_541\Debug\Lab6_DC_Motor_PID.a(DAC_3.o)
 .text.DAC_3_Stop
                0x00000000       0x1c .\CortexM3\ARM_GCC_541\Debug\Lab6_DC_Motor_PID.a(DAC_3.o)
 .text          0x00000000        0x0 .\CortexM3\ARM_GCC_541\Debug\Lab6_DC_Motor_PID.a(DAC_2.o)
 .data          0x00000000        0x0 .\CortexM3\ARM_GCC_541\Debug\Lab6_DC_Motor_PID.a(DAC_2.o)
 .text.DAC_2_Stop
                0x00000000       0x1c .\CortexM3\ARM_GCC_541\Debug\Lab6_DC_Motor_PID.a(DAC_2.o)
 .text          0x00000000        0x0 .\CortexM3\ARM_GCC_541\Debug\Lab6_DC_Motor_PID.a(ADC.o)
 .data          0x00000000        0x0 .\CortexM3\ARM_GCC_541\Debug\Lab6_DC_Motor_PID.a(ADC.o)
 .text.ADC_Stop
                0x00000000       0x48 .\CortexM3\ARM_GCC_541\Debug\Lab6_DC_Motor_PID.a(ADC.o)
 .text.ADC_SetPower
                0x00000000       0x18 .\CortexM3\ARM_GCC_541\Debug\Lab6_DC_Motor_PID.a(ADC.o)
 .text.ADC_StopConvert
                0x00000000       0x10 .\CortexM3\ARM_GCC_541\Debug\Lab6_DC_Motor_PID.a(ADC.o)
 .text.ADC_GetResult16
                0x00000000       0x18 .\CortexM3\ARM_GCC_541\Debug\Lab6_DC_Motor_PID.a(ADC.o)
 .text.ADC_SetOffset
                0x00000000        0xc .\CortexM3\ARM_GCC_541\Debug\Lab6_DC_Motor_PID.a(ADC.o)
 .text.ADC_SetGain
                0x00000000       0x10 .\CortexM3\ARM_GCC_541\Debug\Lab6_DC_Motor_PID.a(ADC.o)
 .text.ADC_SetScaledGain
                0x00000000        0xc .\CortexM3\ARM_GCC_541\Debug\Lab6_DC_Motor_PID.a(ADC.o)
 .text.ADC_CountsTo_mVolts
                0x00000000       0x58 .\CortexM3\ARM_GCC_541\Debug\Lab6_DC_Motor_PID.a(ADC.o)
 .text.ADC_CountsTo_uVolts
                0x00000000       0x48 .\CortexM3\ARM_GCC_541\Debug\Lab6_DC_Motor_PID.a(ADC.o)
 .text.ADC_CountsTo_Volts
                0x00000000       0x50 .\CortexM3\ARM_GCC_541\Debug\Lab6_DC_Motor_PID.a(ADC.o)
 .text          0x00000000        0x0 .\CortexM3\ARM_GCC_541\Debug\Lab6_DC_Motor_PID.a(ADC_INT.o)
 .data          0x00000000        0x0 .\CortexM3\ARM_GCC_541\Debug\Lab6_DC_Motor_PID.a(ADC_INT.o)
 .bss           0x00000000        0x0 .\CortexM3\ARM_GCC_541\Debug\Lab6_DC_Motor_PID.a(ADC_INT.o)
 .text          0x00000000        0x0 .\CortexM3\ARM_GCC_541\Debug\Lab6_DC_Motor_PID.a(ADC_theACLK.o)
 .data          0x00000000        0x0 .\CortexM3\ARM_GCC_541\Debug\Lab6_DC_Motor_PID.a(ADC_theACLK.o)
 .bss           0x00000000        0x0 .\CortexM3\ARM_GCC_541\Debug\Lab6_DC_Motor_PID.a(ADC_theACLK.o)
 .text.ADC_theACLK_Start
                0x00000000       0x1c .\CortexM3\ARM_GCC_541\Debug\Lab6_DC_Motor_PID.a(ADC_theACLK.o)
 .text.ADC_theACLK_Stop
                0x00000000       0x1c .\CortexM3\ARM_GCC_541\Debug\Lab6_DC_Motor_PID.a(ADC_theACLK.o)
 .text.ADC_theACLK_StopBlock
                0x00000000       0x6c .\CortexM3\ARM_GCC_541\Debug\Lab6_DC_Motor_PID.a(ADC_theACLK.o)
 .text.ADC_theACLK_StandbyPower
                0x00000000       0x20 .\CortexM3\ARM_GCC_541\Debug\Lab6_DC_Motor_PID.a(ADC_theACLK.o)
 .text.ADC_theACLK_GetDividerRegister
                0x00000000        0xc .\CortexM3\ARM_GCC_541\Debug\Lab6_DC_Motor_PID.a(ADC_theACLK.o)
 .text.ADC_theACLK_ClearModeRegister
                0x00000000       0x18 .\CortexM3\ARM_GCC_541\Debug\Lab6_DC_Motor_PID.a(ADC_theACLK.o)
 .text.ADC_theACLK_GetModeRegister
                0x00000000       0x10 .\CortexM3\ARM_GCC_541\Debug\Lab6_DC_Motor_PID.a(ADC_theACLK.o)
 .text.ADC_theACLK_GetSourceRegister
                0x00000000       0x10 .\CortexM3\ARM_GCC_541\Debug\Lab6_DC_Motor_PID.a(ADC_theACLK.o)
 .text.ADC_theACLK_SetDividerRegister
                0x00000000       0xd8 .\CortexM3\ARM_GCC_541\Debug\Lab6_DC_Motor_PID.a(ADC_theACLK.o)
 .text.ADC_theACLK_SetSourceRegister
                0x00000000       0x5c .\CortexM3\ARM_GCC_541\Debug\Lab6_DC_Motor_PID.a(ADC_theACLK.o)
 .text.ADC_theACLK_SetPhaseRegister
                0x00000000       0x10 .\CortexM3\ARM_GCC_541\Debug\Lab6_DC_Motor_PID.a(ADC_theACLK.o)
 .text.ADC_theACLK_GetPhaseRegister
                0x00000000       0x10 .\CortexM3\ARM_GCC_541\Debug\Lab6_DC_Motor_PID.a(ADC_theACLK.o)
 .text          0x00000000        0x0 .\CortexM3\ARM_GCC_541\Debug\Lab6_DC_Motor_PID.a(CyLib.o)
 .bss           0x00000000       0x1c .\CortexM3\ARM_GCC_541\Debug\Lab6_DC_Motor_PID.a(CyLib.o)
 .text.CyUSB_PowerOnCheck
                0x00000000       0x48 .\CortexM3\ARM_GCC_541\Debug\Lab6_DC_Motor_PID.a(CyLib.o)
 .text.CyBusClk_Internal_SetDivider
                0x00000000       0x48 .\CortexM3\ARM_GCC_541\Debug\Lab6_DC_Motor_PID.a(CyLib.o)
 .text.CyPLL_OUT_Stop
                0x00000000       0x10 .\CortexM3\ARM_GCC_541\Debug\Lab6_DC_Motor_PID.a(CyLib.o)
 .text.CyIMO_Stop
                0x00000000       0x1c .\CortexM3\ARM_GCC_541\Debug\Lab6_DC_Motor_PID.a(CyLib.o)
 .text.CyIMO_EnableDoubler
                0x00000000       0x10 .\CortexM3\ARM_GCC_541\Debug\Lab6_DC_Motor_PID.a(CyLib.o)
 .text.CyIMO_DisableDoubler
                0x00000000       0x10 .\CortexM3\ARM_GCC_541\Debug\Lab6_DC_Motor_PID.a(CyLib.o)
 .text.CyMasterClk_SetSource
                0x00000000       0x18 .\CortexM3\ARM_GCC_541\Debug\Lab6_DC_Motor_PID.a(CyLib.o)
 .text.CyMasterClk_SetDivider
                0x00000000        0xc .\CortexM3\ARM_GCC_541\Debug\Lab6_DC_Motor_PID.a(CyLib.o)
 .text.CyBusClk_SetDivider
                0x00000000       0x70 .\CortexM3\ARM_GCC_541\Debug\Lab6_DC_Motor_PID.a(CyLib.o)
 .text.CyUsbClk_SetSource
                0x00000000       0x18 .\CortexM3\ARM_GCC_541\Debug\Lab6_DC_Motor_PID.a(CyLib.o)
 .text.CyILO_Start1K
                0x00000000       0x10 .\CortexM3\ARM_GCC_541\Debug\Lab6_DC_Motor_PID.a(CyLib.o)
 .text.CyILO_Stop1K
                0x00000000       0x10 .\CortexM3\ARM_GCC_541\Debug\Lab6_DC_Motor_PID.a(CyLib.o)
 .text.CyILO_Start100K
                0x00000000       0x10 .\CortexM3\ARM_GCC_541\Debug\Lab6_DC_Motor_PID.a(CyLib.o)
 .text.CyILO_Stop100K
                0x00000000       0x10 .\CortexM3\ARM_GCC_541\Debug\Lab6_DC_Motor_PID.a(CyLib.o)
 .text.CyPLL_OUT_Start
                0x00000000       0x78 .\CortexM3\ARM_GCC_541\Debug\Lab6_DC_Motor_PID.a(CyLib.o)
 .text.CyIMO_Start
                0x00000000       0x60 .\CortexM3\ARM_GCC_541\Debug\Lab6_DC_Motor_PID.a(CyLib.o)
 .text.CyILO_Enable33K
                0x00000000       0x10 .\CortexM3\ARM_GCC_541\Debug\Lab6_DC_Motor_PID.a(CyLib.o)
 .text.CyILO_Disable33K
                0x00000000       0x10 .\CortexM3\ARM_GCC_541\Debug\Lab6_DC_Motor_PID.a(CyLib.o)
 .text.CyILO_SetSource
                0x00000000       0x18 .\CortexM3\ARM_GCC_541\Debug\Lab6_DC_Motor_PID.a(CyLib.o)
 .text.CyILO_SetPowerMode
                0x00000000       0x24 .\CortexM3\ARM_GCC_541\Debug\Lab6_DC_Motor_PID.a(CyLib.o)
 .text.CyXTAL_32KHZ_Stop
                0x00000000       0x30 .\CortexM3\ARM_GCC_541\Debug\Lab6_DC_Motor_PID.a(CyLib.o)
 .text.CyXTAL_32KHZ_ReadStatus
                0x00000000       0x10 .\CortexM3\ARM_GCC_541\Debug\Lab6_DC_Motor_PID.a(CyLib.o)
 .text.CyXTAL_Start
                0x00000000       0xac .\CortexM3\ARM_GCC_541\Debug\Lab6_DC_Motor_PID.a(CyLib.o)
 .text.CyXTAL_Stop
                0x00000000       0x10 .\CortexM3\ARM_GCC_541\Debug\Lab6_DC_Motor_PID.a(CyLib.o)
 .text.CyXTAL_EnableErrStatus
                0x00000000       0x10 .\CortexM3\ARM_GCC_541\Debug\Lab6_DC_Motor_PID.a(CyLib.o)
 .text.CyXTAL_DisableErrStatus
                0x00000000       0x10 .\CortexM3\ARM_GCC_541\Debug\Lab6_DC_Motor_PID.a(CyLib.o)
 .text.CyXTAL_ReadStatus
                0x00000000       0x18 .\CortexM3\ARM_GCC_541\Debug\Lab6_DC_Motor_PID.a(CyLib.o)
 .text.CyXTAL_EnableFaultRecovery
                0x00000000       0x10 .\CortexM3\ARM_GCC_541\Debug\Lab6_DC_Motor_PID.a(CyLib.o)
 .text.CyXTAL_DisableFaultRecovery
                0x00000000       0x10 .\CortexM3\ARM_GCC_541\Debug\Lab6_DC_Motor_PID.a(CyLib.o)
 .text.CyXTAL_SetStartup
                0x00000000       0x18 .\CortexM3\ARM_GCC_541\Debug\Lab6_DC_Motor_PID.a(CyLib.o)
 .text.CyXTAL_SetFbVoltage
                0x00000000       0x18 .\CortexM3\ARM_GCC_541\Debug\Lab6_DC_Motor_PID.a(CyLib.o)
 .text.CyXTAL_SetWdVoltage
                0x00000000       0x18 .\CortexM3\ARM_GCC_541\Debug\Lab6_DC_Motor_PID.a(CyLib.o)
 .text.CyPLL_OUT_SetPQ
                0x00000000       0x60 .\CortexM3\ARM_GCC_541\Debug\Lab6_DC_Motor_PID.a(CyLib.o)
 .text.CyPLL_OUT_SetSource
                0x00000000       0x34 .\CortexM3\ARM_GCC_541\Debug\Lab6_DC_Motor_PID.a(CyLib.o)
 .text.CyIMO_SetTrimValue
                0x00000000       0xcc .\CortexM3\ARM_GCC_541\Debug\Lab6_DC_Motor_PID.a(CyLib.o)
 .text.CyIMO_SetFreq
                0x00000000       0xf4 .\CortexM3\ARM_GCC_541\Debug\Lab6_DC_Motor_PID.a(CyLib.o)
 .text.CyIMO_SetSource
                0x00000000       0x58 .\CortexM3\ARM_GCC_541\Debug\Lab6_DC_Motor_PID.a(CyLib.o)
 .text.CySoftwareReset
                0x00000000       0x10 .\CortexM3\ARM_GCC_541\Debug\Lab6_DC_Motor_PID.a(CyLib.o)
 .text.CyXTAL_32KHZ_SetPowerMode
                0x00000000       0x84 .\CortexM3\ARM_GCC_541\Debug\Lab6_DC_Motor_PID.a(CyLib.o)
 .text.CyXTAL_32KHZ_Start
                0x00000000       0x74 .\CortexM3\ARM_GCC_541\Debug\Lab6_DC_Motor_PID.a(CyLib.o)
 .text.CyDelayFreq
                0x00000000       0x4c .\CortexM3\ARM_GCC_541\Debug\Lab6_DC_Motor_PID.a(CyLib.o)
 .text.CyWdtStart
                0x00000000       0x40 .\CortexM3\ARM_GCC_541\Debug\Lab6_DC_Motor_PID.a(CyLib.o)
 .text.CyWdtClear
                0x00000000        0xc .\CortexM3\ARM_GCC_541\Debug\Lab6_DC_Motor_PID.a(CyLib.o)
 .text.CyVdStickyStatus
                0x00000000       0x2c .\CortexM3\ARM_GCC_541\Debug\Lab6_DC_Motor_PID.a(CyLib.o)
 .text.CyVdLvDigitEnable
                0x00000000       0x84 .\CortexM3\ARM_GCC_541\Debug\Lab6_DC_Motor_PID.a(CyLib.o)
 .text.CyVdLvAnalogEnable
                0x00000000       0x80 .\CortexM3\ARM_GCC_541\Debug\Lab6_DC_Motor_PID.a(CyLib.o)
 .text.CyVdLvDigitDisable
                0x00000000       0x30 .\CortexM3\ARM_GCC_541\Debug\Lab6_DC_Motor_PID.a(CyLib.o)
 .text.CyVdLvAnalogDisable
                0x00000000       0x28 .\CortexM3\ARM_GCC_541\Debug\Lab6_DC_Motor_PID.a(CyLib.o)
 .text.CyVdHvAnalogEnable
                0x00000000       0x54 .\CortexM3\ARM_GCC_541\Debug\Lab6_DC_Motor_PID.a(CyLib.o)
 .text.CyVdHvAnalogDisable
                0x00000000       0x20 .\CortexM3\ARM_GCC_541\Debug\Lab6_DC_Motor_PID.a(CyLib.o)
 .text.CyVdRealTimeStatus
                0x00000000       0x1c .\CortexM3\ARM_GCC_541\Debug\Lab6_DC_Motor_PID.a(CyLib.o)
 .text.CyDisableInts
                0x00000000       0x1c .\CortexM3\ARM_GCC_541\Debug\Lab6_DC_Motor_PID.a(CyLib.o)
 .text.CyEnableInts
                0x00000000       0x18 .\CortexM3\ARM_GCC_541\Debug\Lab6_DC_Motor_PID.a(CyLib.o)
 .text.CyFlushCache
                0x00000000       0x44 .\CortexM3\ARM_GCC_541\Debug\Lab6_DC_Motor_PID.a(CyLib.o)
 .text.CyIntSetSysVector
                0x00000000       0x28 .\CortexM3\ARM_GCC_541\Debug\Lab6_DC_Motor_PID.a(CyLib.o)
 .text.CyIntGetSysVector
                0x00000000       0x20 .\CortexM3\ARM_GCC_541\Debug\Lab6_DC_Motor_PID.a(CyLib.o)
 .text.CyIntGetVector
                0x00000000       0x24 .\CortexM3\ARM_GCC_541\Debug\Lab6_DC_Motor_PID.a(CyLib.o)
 .text.CyIntGetPriority
                0x00000000       0x20 .\CortexM3\ARM_GCC_541\Debug\Lab6_DC_Motor_PID.a(CyLib.o)
 .text.CyIntGetState
                0x00000000       0x24 .\CortexM3\ARM_GCC_541\Debug\Lab6_DC_Motor_PID.a(CyLib.o)
 .text.CySysTickStop
                0x00000000       0x10 .\CortexM3\ARM_GCC_541\Debug\Lab6_DC_Motor_PID.a(CyLib.o)
 .text.CySysTickEnableInterrupt
                0x00000000       0x10 .\CortexM3\ARM_GCC_541\Debug\Lab6_DC_Motor_PID.a(CyLib.o)
 .text.CySysTickEnable
                0x00000000       0x18 .\CortexM3\ARM_GCC_541\Debug\Lab6_DC_Motor_PID.a(CyLib.o)
 .text.CySysTickDisableInterrupt
                0x00000000       0x10 .\CortexM3\ARM_GCC_541\Debug\Lab6_DC_Motor_PID.a(CyLib.o)
 .text.CySysTickSetReload
                0x00000000       0x10 .\CortexM3\ARM_GCC_541\Debug\Lab6_DC_Motor_PID.a(CyLib.o)
 .text.CySysTickGetReload
                0x00000000       0x10 .\CortexM3\ARM_GCC_541\Debug\Lab6_DC_Motor_PID.a(CyLib.o)
 .text.CySysTickGetValue
                0x00000000       0x10 .\CortexM3\ARM_GCC_541\Debug\Lab6_DC_Motor_PID.a(CyLib.o)
 .text.CySysTickSetClockSource
                0x00000000       0x20 .\CortexM3\ARM_GCC_541\Debug\Lab6_DC_Motor_PID.a(CyLib.o)
 .text.CySysTickGetClockSource
                0x00000000       0x10 .\CortexM3\ARM_GCC_541\Debug\Lab6_DC_Motor_PID.a(CyLib.o)
 .text.CySysTickGetCountFlag
                0x00000000       0x10 .\CortexM3\ARM_GCC_541\Debug\Lab6_DC_Motor_PID.a(CyLib.o)
 .text.CySysTickServiceCallbacks
                0x00000000       0x28 .\CortexM3\ARM_GCC_541\Debug\Lab6_DC_Motor_PID.a(CyLib.o)
 .text.CySysTickClear
                0x00000000        0xc .\CortexM3\ARM_GCC_541\Debug\Lab6_DC_Motor_PID.a(CyLib.o)
 .text.CySysTickInit
                0x00000000       0x58 .\CortexM3\ARM_GCC_541\Debug\Lab6_DC_Motor_PID.a(CyLib.o)
 .text.CySysTickStart
                0x00000000       0x1c .\CortexM3\ARM_GCC_541\Debug\Lab6_DC_Motor_PID.a(CyLib.o)
 .text.CySysTickSetCallback
                0x00000000       0x10 .\CortexM3\ARM_GCC_541\Debug\Lab6_DC_Motor_PID.a(CyLib.o)
 .text.CySysTickGetCallback
                0x00000000       0x10 .\CortexM3\ARM_GCC_541\Debug\Lab6_DC_Motor_PID.a(CyLib.o)
 .text.CyGetUniqueId
                0x00000000       0x70 .\CortexM3\ARM_GCC_541\Debug\Lab6_DC_Motor_PID.a(CyLib.o)
 .text          0x00000000        0x0 .\CortexM3\ARM_GCC_541\Debug\Lab6_DC_Motor_PID.a(cyPm.o)
 .data          0x00000000        0x0 .\CortexM3\ARM_GCC_541\Debug\Lab6_DC_Motor_PID.a(cyPm.o)
 .bss           0x00000000       0x43 .\CortexM3\ARM_GCC_541\Debug\Lab6_DC_Motor_PID.a(cyPm.o)
 .text.CyPmHibSlpSaveSet
                0x00000000      0x1dc .\CortexM3\ARM_GCC_541\Debug\Lab6_DC_Motor_PID.a(cyPm.o)
 .text.CyPmHibSlpRestore
                0x00000000       0xd8 .\CortexM3\ARM_GCC_541\Debug\Lab6_DC_Motor_PID.a(cyPm.o)
 .text.CyPmHviLviSaveDisable
                0x00000000       0xa0 .\CortexM3\ARM_GCC_541\Debug\Lab6_DC_Motor_PID.a(cyPm.o)
 .text.CyPmHibSaveSet
                0x00000000       0x98 .\CortexM3\ARM_GCC_541\Debug\Lab6_DC_Motor_PID.a(cyPm.o)
 .text.CyPmHviLviRestore
                0x00000000       0x48 .\CortexM3\ARM_GCC_541\Debug\Lab6_DC_Motor_PID.a(cyPm.o)
 .text.CyPmHibRestore
                0x00000000       0x60 .\CortexM3\ARM_GCC_541\Debug\Lab6_DC_Motor_PID.a(cyPm.o)
 .text.CyPmSaveClocks
                0x00000000      0x218 .\CortexM3\ARM_GCC_541\Debug\Lab6_DC_Motor_PID.a(cyPm.o)
 .text.CyPmRestoreClocks
                0x00000000      0x24c .\CortexM3\ARM_GCC_541\Debug\Lab6_DC_Motor_PID.a(cyPm.o)
 .text.CyPmAltAct
                0x00000000       0x6c .\CortexM3\ARM_GCC_541\Debug\Lab6_DC_Motor_PID.a(cyPm.o)
 .text.CyPmSleep
                0x00000000       0xf4 .\CortexM3\ARM_GCC_541\Debug\Lab6_DC_Motor_PID.a(cyPm.o)
 .text.CyPmHibernateEx
                0x00000000       0xf4 .\CortexM3\ARM_GCC_541\Debug\Lab6_DC_Motor_PID.a(cyPm.o)
 .text.CyPmHibernate
                0x00000000        0xc .\CortexM3\ARM_GCC_541\Debug\Lab6_DC_Motor_PID.a(cyPm.o)
 .text.CyPmReadStatus
                0x00000000       0x30 .\CortexM3\ARM_GCC_541\Debug\Lab6_DC_Motor_PID.a(cyPm.o)
 .text.CyPmCtwSetInterval
                0x00000000       0x5c .\CortexM3\ARM_GCC_541\Debug\Lab6_DC_Motor_PID.a(cyPm.o)
 .text.CyPmOppsSet
                0x00000000       0x2c .\CortexM3\ARM_GCC_541\Debug\Lab6_DC_Motor_PID.a(cyPm.o)
 .text.CyPmFtwSetInterval
                0x00000000       0x5c .\CortexM3\ARM_GCC_541\Debug\Lab6_DC_Motor_PID.a(cyPm.o)
 .rodata        0x00000000        0xf .\CortexM3\ARM_GCC_541\Debug\Lab6_DC_Motor_PID.a(cyPm.o)
 .data          0x00000000        0x0 .\CortexM3\ARM_GCC_541\Debug\Lab6_DC_Motor_PID.a(CyBootAsmGnu.o)
 .bss           0x00000000        0x0 .\CortexM3\ARM_GCC_541\Debug\Lab6_DC_Motor_PID.a(CyBootAsmGnu.o)
 .text          0x00000000        0x0 .\CortexM3\ARM_GCC_541\Debug\Lab6_DC_Motor_PID.a(CyFlash.o)
 .data          0x00000000        0x0 .\CortexM3\ARM_GCC_541\Debug\Lab6_DC_Motor_PID.a(CyFlash.o)
 .bss           0x00000000        0x0 .\CortexM3\ARM_GCC_541\Debug\Lab6_DC_Motor_PID.a(CyFlash.o)
 .text.CySetTempInt
                0x00000000       0x60 .\CortexM3\ARM_GCC_541\Debug\Lab6_DC_Motor_PID.a(CyFlash.o)
 .text.CyFlash_Start
                0x00000000       0x54 .\CortexM3\ARM_GCC_541\Debug\Lab6_DC_Motor_PID.a(CyFlash.o)
 .text.CyFlash_Stop
                0x00000000       0x24 .\CortexM3\ARM_GCC_541\Debug\Lab6_DC_Motor_PID.a(CyFlash.o)
 .text.CyFlash_EraseRow
                0x00000000       0x78 .\CortexM3\ARM_GCC_541\Debug\Lab6_DC_Motor_PID.a(CyFlash.o)
 .text.CyFlashGetSpcAlgorithm
                0x00000000       0x4c .\CortexM3\ARM_GCC_541\Debug\Lab6_DC_Motor_PID.a(CyFlash.o)
 .text.CySetTemp
                0x00000000       0x14 .\CortexM3\ARM_GCC_541\Debug\Lab6_DC_Motor_PID.a(CyFlash.o)
 .text.CySetFlashEEBuffer
                0x00000000       0x20 .\CortexM3\ARM_GCC_541\Debug\Lab6_DC_Motor_PID.a(CyFlash.o)
 .text.CyWriteRowFull
                0x00000000       0xf8 .\CortexM3\ARM_GCC_541\Debug\Lab6_DC_Motor_PID.a(CyFlash.o)
 .text.CyWriteRowData
                0x00000000       0x14 .\CortexM3\ARM_GCC_541\Debug\Lab6_DC_Motor_PID.a(CyFlash.o)
 .text.CyFlash_SetWaitCycles
                0x00000000       0x7c .\CortexM3\ARM_GCC_541\Debug\Lab6_DC_Motor_PID.a(CyFlash.o)
 .text.CyEEPROM_Start
                0x00000000       0x54 .\CortexM3\ARM_GCC_541\Debug\Lab6_DC_Motor_PID.a(CyFlash.o)
 .text.CyEEPROM_Stop
                0x00000000       0x24 .\CortexM3\ARM_GCC_541\Debug\Lab6_DC_Motor_PID.a(CyFlash.o)
 .text.CyEEPROM_ReadReserve
                0x00000000       0x1c .\CortexM3\ARM_GCC_541\Debug\Lab6_DC_Motor_PID.a(CyFlash.o)
 .text.CyEEPROM_ReadRelease
                0x00000000       0x10 .\CortexM3\ARM_GCC_541\Debug\Lab6_DC_Motor_PID.a(CyFlash.o)
 COMMON         0x00000000        0x2 .\CortexM3\ARM_GCC_541\Debug\Lab6_DC_Motor_PID.a(CyFlash.o)
 .text          0x00000000        0x0 .\CortexM3\ARM_GCC_541\Debug\Lab6_DC_Motor_PID.a(CySpc.o)
 .data          0x00000000        0x0 .\CortexM3\ARM_GCC_541\Debug\Lab6_DC_Motor_PID.a(CySpc.o)
 .bss           0x00000000        0x8 .\CortexM3\ARM_GCC_541\Debug\Lab6_DC_Motor_PID.a(CySpc.o)
 .text.CySpcStart
                0x00000000       0x24 .\CortexM3\ARM_GCC_541\Debug\Lab6_DC_Motor_PID.a(CySpc.o)
 .text.CySpcStop
                0x00000000       0x24 .\CortexM3\ARM_GCC_541\Debug\Lab6_DC_Motor_PID.a(CySpc.o)
 .text.CySpcReadData
                0x00000000       0x34 .\CortexM3\ARM_GCC_541\Debug\Lab6_DC_Motor_PID.a(CySpc.o)
 .text.CySpcLoadMultiByte
                0x00000000       0x78 .\CortexM3\ARM_GCC_541\Debug\Lab6_DC_Motor_PID.a(CySpc.o)
 .text.CySpcLoadRow
                0x00000000       0x50 .\CortexM3\ARM_GCC_541\Debug\Lab6_DC_Motor_PID.a(CySpc.o)
 .text.CySpcLoadRowFull
                0x00000000       0x80 .\CortexM3\ARM_GCC_541\Debug\Lab6_DC_Motor_PID.a(CySpc.o)
 .text.CySpcWriteRow
                0x00000000       0x4c .\CortexM3\ARM_GCC_541\Debug\Lab6_DC_Motor_PID.a(CySpc.o)
 .text.CySpcEraseSector
                0x00000000       0x3c .\CortexM3\ARM_GCC_541\Debug\Lab6_DC_Motor_PID.a(CySpc.o)
 .text.CySpcEraseRow
                0x00000000       0x4c .\CortexM3\ARM_GCC_541\Debug\Lab6_DC_Motor_PID.a(CySpc.o)
 .text.CySpcGetTemp
                0x00000000       0x3c .\CortexM3\ARM_GCC_541\Debug\Lab6_DC_Motor_PID.a(CySpc.o)
 .text.CySpcLock
                0x00000000       0x4c .\CortexM3\ARM_GCC_541\Debug\Lab6_DC_Motor_PID.a(CySpc.o)
 .text.CySpcUnlock
                0x00000000       0x38 .\CortexM3\ARM_GCC_541\Debug\Lab6_DC_Motor_PID.a(CySpc.o)
 .text.CySpcGetAlgorithm
                0x00000000       0x28 .\CortexM3\ARM_GCC_541\Debug\Lab6_DC_Motor_PID.a(CySpc.o)
 .text          0x00000000      0x21c c:/program files (x86)/cypress/psoc creator/4.2/psoc creator/import/gnu/arm/5.4.1/bin/../lib/gcc/arm-none-eabi/5.4.1/armv7-m\libgcc.a(_arm_addsubsf3.o)
 .data          0x00000000        0x0 c:/program files (x86)/cypress/psoc creator/4.2/psoc creator/import/gnu/arm/5.4.1/bin/../lib/gcc/arm-none-eabi/5.4.1/armv7-m\libgcc.a(_arm_addsubsf3.o)
 .bss           0x00000000        0x0 c:/program files (x86)/cypress/psoc creator/4.2/psoc creator/import/gnu/arm/5.4.1/bin/../lib/gcc/arm-none-eabi/5.4.1/armv7-m\libgcc.a(_arm_addsubsf3.o)
 .text          0x00000000      0x2a0 c:/program files (x86)/cypress/psoc creator/4.2/psoc creator/import/gnu/arm/5.4.1/bin/../lib/gcc/arm-none-eabi/5.4.1/armv7-m\libgcc.a(_arm_muldivsf3.o)
 .data          0x00000000        0x0 c:/program files (x86)/cypress/psoc creator/4.2/psoc creator/import/gnu/arm/5.4.1/bin/../lib/gcc/arm-none-eabi/5.4.1/armv7-m\libgcc.a(_arm_muldivsf3.o)
 .bss           0x00000000        0x0 c:/program files (x86)/cypress/psoc creator/4.2/psoc creator/import/gnu/arm/5.4.1/bin/../lib/gcc/arm-none-eabi/5.4.1/armv7-m\libgcc.a(_arm_muldivsf3.o)
 .text          0x00000000       0xa0 c:/program files (x86)/cypress/psoc creator/4.2/psoc creator/import/gnu/arm/5.4.1/bin/../lib/gcc/arm-none-eabi/5.4.1/armv7-m\libgcc.a(_aeabi_ldivmod.o)
 .data          0x00000000        0x0 c:/program files (x86)/cypress/psoc creator/4.2/psoc creator/import/gnu/arm/5.4.1/bin/../lib/gcc/arm-none-eabi/5.4.1/armv7-m\libgcc.a(_aeabi_ldivmod.o)
 .bss           0x00000000        0x0 c:/program files (x86)/cypress/psoc creator/4.2/psoc creator/import/gnu/arm/5.4.1/bin/../lib/gcc/arm-none-eabi/5.4.1/armv7-m\libgcc.a(_aeabi_ldivmod.o)
 .text          0x00000000      0x2ec c:/program files (x86)/cypress/psoc creator/4.2/psoc creator/import/gnu/arm/5.4.1/bin/../lib/gcc/arm-none-eabi/5.4.1/armv7-m\libgcc.a(_udivmoddi4.o)
 .data          0x00000000        0x0 c:/program files (x86)/cypress/psoc creator/4.2/psoc creator/import/gnu/arm/5.4.1/bin/../lib/gcc/arm-none-eabi/5.4.1/armv7-m\libgcc.a(_udivmoddi4.o)
 .bss           0x00000000        0x0 c:/program files (x86)/cypress/psoc creator/4.2/psoc creator/import/gnu/arm/5.4.1/bin/../lib/gcc/arm-none-eabi/5.4.1/armv7-m\libgcc.a(_udivmoddi4.o)
 .ARM.extab     0x00000000        0x0 c:/program files (x86)/cypress/psoc creator/4.2/psoc creator/import/gnu/arm/5.4.1/bin/../lib/gcc/arm-none-eabi/5.4.1/armv7-m\libgcc.a(_udivmoddi4.o)
 .ARM.exidx     0x00000000        0x8 c:/program files (x86)/cypress/psoc creator/4.2/psoc creator/import/gnu/arm/5.4.1/bin/../lib/gcc/arm-none-eabi/5.4.1/armv7-m\libgcc.a(_udivmoddi4.o)
 .text          0x00000000        0x4 c:/program files (x86)/cypress/psoc creator/4.2/psoc creator/import/gnu/arm/5.4.1/bin/../lib/gcc/arm-none-eabi/5.4.1/armv7-m\libgcc.a(_dvmd_tls.o)
 .data          0x00000000        0x0 c:/program files (x86)/cypress/psoc creator/4.2/psoc creator/import/gnu/arm/5.4.1/bin/../lib/gcc/arm-none-eabi/5.4.1/armv7-m\libgcc.a(_dvmd_tls.o)
 .bss           0x00000000        0x0 c:/program files (x86)/cypress/psoc creator/4.2/psoc creator/import/gnu/arm/5.4.1/bin/../lib/gcc/arm-none-eabi/5.4.1/armv7-m\libgcc.a(_dvmd_tls.o)
 .text          0x00000000        0x0 c:/program files (x86)/cypress/psoc creator/4.2/psoc creator/import/gnu/arm/5.4.1/bin/../lib/gcc/arm-none-eabi/5.4.1/../../../../arm-none-eabi/lib/armv7-m\libg_nano.a(lib_a-errno.o)
 .data          0x00000000        0x0 c:/program files (x86)/cypress/psoc creator/4.2/psoc creator/import/gnu/arm/5.4.1/bin/../lib/gcc/arm-none-eabi/5.4.1/../../../../arm-none-eabi/lib/armv7-m\libg_nano.a(lib_a-errno.o)
 .bss           0x00000000        0x0 c:/program files (x86)/cypress/psoc creator/4.2/psoc creator/import/gnu/arm/5.4.1/bin/../lib/gcc/arm-none-eabi/5.4.1/../../../../arm-none-eabi/lib/armv7-m\libg_nano.a(lib_a-errno.o)
 .text          0x00000000        0x0 c:/program files (x86)/cypress/psoc creator/4.2/psoc creator/import/gnu/arm/5.4.1/bin/../lib/gcc/arm-none-eabi/5.4.1/../../../../arm-none-eabi/lib/armv7-m\libg_nano.a(lib_a-exit.o)
 .data          0x00000000        0x0 c:/program files (x86)/cypress/psoc creator/4.2/psoc creator/import/gnu/arm/5.4.1/bin/../lib/gcc/arm-none-eabi/5.4.1/../../../../arm-none-eabi/lib/armv7-m\libg_nano.a(lib_a-exit.o)
 .bss           0x00000000        0x0 c:/program files (x86)/cypress/psoc creator/4.2/psoc creator/import/gnu/arm/5.4.1/bin/../lib/gcc/arm-none-eabi/5.4.1/../../../../arm-none-eabi/lib/armv7-m\libg_nano.a(lib_a-exit.o)
 .text.exit     0x00000000       0x28 c:/program files (x86)/cypress/psoc creator/4.2/psoc creator/import/gnu/arm/5.4.1/bin/../lib/gcc/arm-none-eabi/5.4.1/../../../../arm-none-eabi/lib/armv7-m\libg_nano.a(lib_a-exit.o)
 .text          0x00000000        0x0 c:/program files (x86)/cypress/psoc creator/4.2/psoc creator/import/gnu/arm/5.4.1/bin/../lib/gcc/arm-none-eabi/5.4.1/../../../../arm-none-eabi/lib/armv7-m\libg_nano.a(lib_a-impure.o)
 .data          0x00000000        0x0 c:/program files (x86)/cypress/psoc creator/4.2/psoc creator/import/gnu/arm/5.4.1/bin/../lib/gcc/arm-none-eabi/5.4.1/../../../../arm-none-eabi/lib/armv7-m\libg_nano.a(lib_a-impure.o)
 .bss           0x00000000        0x0 c:/program files (x86)/cypress/psoc creator/4.2/psoc creator/import/gnu/arm/5.4.1/bin/../lib/gcc/arm-none-eabi/5.4.1/../../../../arm-none-eabi/lib/armv7-m\libg_nano.a(lib_a-impure.o)
 .rodata._global_impure_ptr
                0x00000000        0x4 c:/program files (x86)/cypress/psoc creator/4.2/psoc creator/import/gnu/arm/5.4.1/bin/../lib/gcc/arm-none-eabi/5.4.1/../../../../arm-none-eabi/lib/armv7-m\libg_nano.a(lib_a-impure.o)
 .text          0x00000000        0x0 c:/program files (x86)/cypress/psoc creator/4.2/psoc creator/import/gnu/arm/5.4.1/bin/../lib/gcc/arm-none-eabi/5.4.1/../../../../arm-none-eabi/lib/armv7-m\libg_nano.a(lib_a-init.o)
 .data          0x00000000        0x0 c:/program files (x86)/cypress/psoc creator/4.2/psoc creator/import/gnu/arm/5.4.1/bin/../lib/gcc/arm-none-eabi/5.4.1/../../../../arm-none-eabi/lib/armv7-m\libg_nano.a(lib_a-init.o)
 .bss           0x00000000        0x0 c:/program files (x86)/cypress/psoc creator/4.2/psoc creator/import/gnu/arm/5.4.1/bin/../lib/gcc/arm-none-eabi/5.4.1/../../../../arm-none-eabi/lib/armv7-m\libg_nano.a(lib_a-init.o)
 .text          0x00000000        0x0 c:/program files (x86)/cypress/psoc creator/4.2/psoc creator/import/gnu/arm/5.4.1/bin/../lib/gcc/arm-none-eabi/5.4.1/../../../../arm-none-eabi/lib/armv7-m\libg_nano.a(lib_a-memcpy-stub.o)
 .data          0x00000000        0x0 c:/program files (x86)/cypress/psoc creator/4.2/psoc creator/import/gnu/arm/5.4.1/bin/../lib/gcc/arm-none-eabi/5.4.1/../../../../arm-none-eabi/lib/armv7-m\libg_nano.a(lib_a-memcpy-stub.o)
 .bss           0x00000000        0x0 c:/program files (x86)/cypress/psoc creator/4.2/psoc creator/import/gnu/arm/5.4.1/bin/../lib/gcc/arm-none-eabi/5.4.1/../../../../arm-none-eabi/lib/armv7-m\libg_nano.a(lib_a-memcpy-stub.o)
 .text          0x00000000        0x0 c:/program files (x86)/cypress/psoc creator/4.2/psoc creator/import/gnu/arm/5.4.1/bin/../lib/gcc/arm-none-eabi/5.4.1/../../../../arm-none-eabi/lib/armv7-m\libg_nano.a(lib_a-memset.o)
 .data          0x00000000        0x0 c:/program files (x86)/cypress/psoc creator/4.2/psoc creator/import/gnu/arm/5.4.1/bin/../lib/gcc/arm-none-eabi/5.4.1/../../../../arm-none-eabi/lib/armv7-m\libg_nano.a(lib_a-memset.o)
 .bss           0x00000000        0x0 c:/program files (x86)/cypress/psoc creator/4.2/psoc creator/import/gnu/arm/5.4.1/bin/../lib/gcc/arm-none-eabi/5.4.1/../../../../arm-none-eabi/lib/armv7-m\libg_nano.a(lib_a-memset.o)
 .text          0x00000000        0x0 c:/program files (x86)/cypress/psoc creator/4.2/psoc creator/import/gnu/arm/5.4.1/bin/../lib/gcc/arm-none-eabi/5.4.1/armv7-m/crtend.o
 .data          0x00000000        0x0 c:/program files (x86)/cypress/psoc creator/4.2/psoc creator/import/gnu/arm/5.4.1/bin/../lib/gcc/arm-none-eabi/5.4.1/armv7-m/crtend.o
 .bss           0x00000000        0x0 c:/program files (x86)/cypress/psoc creator/4.2/psoc creator/import/gnu/arm/5.4.1/bin/../lib/gcc/arm-none-eabi/5.4.1/armv7-m/crtend.o
 .text          0x00000000        0x0 c:/program files (x86)/cypress/psoc creator/4.2/psoc creator/import/gnu/arm/5.4.1/bin/../lib/gcc/arm-none-eabi/5.4.1/armv7-m/crtn.o
 .data          0x00000000        0x0 c:/program files (x86)/cypress/psoc creator/4.2/psoc creator/import/gnu/arm/5.4.1/bin/../lib/gcc/arm-none-eabi/5.4.1/armv7-m/crtn.o
 .bss           0x00000000        0x0 c:/program files (x86)/cypress/psoc creator/4.2/psoc creator/import/gnu/arm/5.4.1/bin/../lib/gcc/arm-none-eabi/5.4.1/armv7-m/crtn.o

Memory Configuration

Name             Origin             Length             Attributes
rom              0x00000000         0x00040000         xr
ram              0x1fff8000         0x00010000         xrw
*default*        0x00000000         0xffffffff

Linker script and memory map

LOAD c:/program files (x86)/cypress/psoc creator/4.2/psoc creator/import/gnu/arm/5.4.1/bin/../lib/gcc/arm-none-eabi/5.4.1/armv7-m/crti.o
LOAD c:/program files (x86)/cypress/psoc creator/4.2/psoc creator/import/gnu/arm/5.4.1/bin/../lib/gcc/arm-none-eabi/5.4.1/armv7-m/crtbegin.o
LOAD c:/program files (x86)/cypress/psoc creator/4.2/psoc creator/import/gnu/arm/5.4.1/bin/../lib/gcc/arm-none-eabi/5.4.1/../../../../arm-none-eabi/lib/armv7-m/crt0.o
START GROUP
LOAD .\CortexM3\ARM_GCC_541\Debug\main.o
LOAD .\CortexM3\ARM_GCC_541\Debug\cyfitter_cfg.o
LOAD .\CortexM3\ARM_GCC_541\Debug\cymetadata.o
LOAD .\CortexM3\ARM_GCC_541\Debug\Cm3Start.o
LOAD .\CortexM3\ARM_GCC_541\Debug\Lab6_DC_Motor_PID.a
LOAD C:\Program Files (x86)\Cypress\PSoC Creator\4.2\PSoC Creator\psoc\content\cycomponentlibrary\CyComponentLibrary.cylib\CortexM3\ARM_GCC_541\Debug\CyComponentLibrary.a
END GROUP
START GROUP
LOAD c:/program files (x86)/cypress/psoc creator/4.2/psoc creator/import/gnu/arm/5.4.1/bin/../lib/gcc/arm-none-eabi/5.4.1/armv7-m\libgcc.a
LOAD c:/program files (x86)/cypress/psoc creator/4.2/psoc creator/import/gnu/arm/5.4.1/bin/../lib/gcc/arm-none-eabi/5.4.1/../../../../arm-none-eabi/lib/armv7-m\libg_nano.a
LOAD c:/program files (x86)/cypress/psoc creator/4.2/psoc creator/import/gnu/arm/5.4.1/bin/../lib/gcc/arm-none-eabi/5.4.1/../../../../arm-none-eabi/lib/armv7-m\libc_nano.a
END GROUP
START GROUP
LOAD c:/program files (x86)/cypress/psoc creator/4.2/psoc creator/import/gnu/arm/5.4.1/bin/../lib/gcc/arm-none-eabi/5.4.1/armv7-m\libgcc.a
LOAD c:/program files (x86)/cypress/psoc creator/4.2/psoc creator/import/gnu/arm/5.4.1/bin/../lib/gcc/arm-none-eabi/5.4.1/../../../../arm-none-eabi/lib/armv7-m\libc_nano.a
END GROUP
LOAD c:/program files (x86)/cypress/psoc creator/4.2/psoc creator/import/gnu/arm/5.4.1/bin/../lib/gcc/arm-none-eabi/5.4.1/armv7-m/crtend.o
LOAD c:/program files (x86)/cypress/psoc creator/4.2/psoc creator/import/gnu/arm/5.4.1/bin/../lib/gcc/arm-none-eabi/5.4.1/armv7-m/crtn.o
START GROUP
LOAD c:/program files (x86)/cypress/psoc creator/4.2/psoc creator/import/gnu/arm/5.4.1/bin/../lib/gcc/arm-none-eabi/5.4.1/armv7-m\libgcc.a
LOAD c:/program files (x86)/cypress/psoc creator/4.2/psoc creator/import/gnu/arm/5.4.1/bin/../lib/gcc/arm-none-eabi/5.4.1/../../../../arm-none-eabi/lib/armv7-m\libc.a
LOAD c:/program files (x86)/cypress/psoc creator/4.2/psoc creator/import/gnu/arm/5.4.1/bin/../lib/gcc/arm-none-eabi/5.4.1/../../../../arm-none-eabi/lib/armv7-m\libnosys.a
END GROUP
                0x00000000                CY_APPL_ORIGIN = 0x0
                0x00000100                CY_FLASH_ROW_SIZE = 0x100
                0x00000020                CY_ECC_ROW_SIZE = 0x20
                0x00000000                CY_EE_IN_BTLDR = 0x0
                0x00000000                CY_APPL_LOADABLE = 0x0
                0x00000800                CY_EE_SIZE = 0x800
                0x00000001                CY_APPL_NUM = 0x1
                0x00000001                CY_APPL_MAX = 0x1
                0x00000040                CY_METADATA_SIZE = 0x40
                0x00000000                CY_APPL_LOADABLE = 0x0
                0x00000000                CY_CHECKSUM_EXCLUDE_SIZE = ALIGN (0x0, CY_FLASH_ROW_SIZE)
                [!provide]                PROVIDE (__cy_heap_start, _end)
                0x00000001                PROVIDE (__cy_region_num, ((__cy_regions_end - __cy_regions) / 0x10))
                0x20008000                PROVIDE (__cy_stack, (ORIGIN (ram) + LENGTH (ram)))
                [!provide]                PROVIDE (__cy_heap_end, (__cy_stack - 0x800))

.cybootloader   0x00000000        0x0
 *(.cybootloader)
                0x00000000                appl1_start = CY_APPL_ORIGIN?CY_APPL_ORIGIN:ALIGN (CY_FLASH_ROW_SIZE)
                0x0001ff00                appl2_start = (appl1_start + ALIGN ((((LENGTH (rom) - appl1_start) - (0x2 * CY_FLASH_ROW_SIZE)) / 0x2), CY_FLASH_ROW_SIZE))
                0x00000000                appl_start = (CY_APPL_NUM == 0x1)?appl1_start:appl2_start
                0x00000000                ecc_offset = ((appl_start / CY_FLASH_ROW_SIZE) * CY_ECC_ROW_SIZE)
                0x00000000                ee_offset = (CY_APPL_LOADABLE && ! (CY_EE_IN_BTLDR))?((CY_EE_SIZE / CY_APPL_MAX) * (CY_APPL_NUM - 0x1)):0x0
                0x00000800                ee_size = (CY_APPL_LOADABLE && ! (CY_EE_IN_BTLDR))?(CY_EE_SIZE / CY_APPL_MAX):CY_EE_SIZE
                [!provide]                PROVIDE (CY_ECC_OFFSET, ecc_offset)

.text           0x00000000      0xd5e
 CREATE_OBJECT_SYMBOLS
                0x00000000                PROVIDE (__cy_interrupt_vector, RomVectors)
 *(.romvectors)
 .romvectors    0x00000000       0x10 .\CortexM3\ARM_GCC_541\Debug\Cm3Start.o
                0x00000000                RomVectors
                0x00000001                ASSERT ((. != __cy_interrupt_vector), No interrupt vector)
                0x00000001                ASSERT (CY_APPL_ORIGIN?(SIZEOF (.cybootloader) <= CY_APPL_ORIGIN):0x1, Wrong image location)
                0x00000010                PROVIDE (__cy_reset, Reset)
 *(.text.Reset)
 .text.Reset    0x00000010       0x18 .\CortexM3\ARM_GCC_541\Debug\Cm3Start.o
                0x00000010                Reset
                0x00000001                ASSERT ((. != __cy_reset), No reset code)
 *(.dma_init)
                0x00000001                ASSERT ((((appl_start + .) <= 0x10000) || 0x1), DMA Init must be within the first 64k of flash)
 *(.text .text.* .gnu.linkonce.t.*)
 .text          0x00000028       0x5c c:/program files (x86)/cypress/psoc creator/4.2/psoc creator/import/gnu/arm/5.4.1/bin/../lib/gcc/arm-none-eabi/5.4.1/armv7-m/crtbegin.o
 .text.main     0x00000084      0x208 .\CortexM3\ARM_GCC_541\Debug\main.o
                0x00000084                main
 .text.CyClockStartupError
                0x0000028c        0x4 .\CortexM3\ARM_GCC_541\Debug\cyfitter_cfg.o
 .text.cfg_write_bytes32
                0x00000290       0x34 .\CortexM3\ARM_GCC_541\Debug\cyfitter_cfg.o
 .text.CYMEMZERO
                0x000002c4        0xc .\CortexM3\ARM_GCC_541\Debug\cyfitter_cfg.o
 .text.AnalogSetDefault
                0x000002d0       0xc0 .\CortexM3\ARM_GCC_541\Debug\cyfitter_cfg.o
 .text.CYCONFIGCPY
                0x00000390        0x8 .\CortexM3\ARM_GCC_541\Debug\cyfitter_cfg.o
 .text.ClockSetup
                0x00000398       0xcc .\CortexM3\ARM_GCC_541\Debug\cyfitter_cfg.o
 .text.cyfitter_cfg
                0x00000464       0xfc .\CortexM3\ARM_GCC_541\Debug\cyfitter_cfg.o
                0x00000464                cyfitter_cfg
 .text.IntDefaultHandler
                0x00000560       0x10 .\CortexM3\ARM_GCC_541\Debug\Cm3Start.o
                0x00000560                IntDefaultHandler
 .text.Start_c  0x00000570       0x4c .\CortexM3\ARM_GCC_541\Debug\Cm3Start.o
                0x00000570                Start_c
 .text.initialize_psoc
                0x000005bc       0x68 .\CortexM3\ARM_GCC_541\Debug\Cm3Start.o
                0x000005bc                initialize_psoc
 .text.DAC_1_Enable
                0x00000624       0x1c .\CortexM3\ARM_GCC_541\Debug\Lab6_DC_Motor_PID.a(DAC_1.o)
                0x00000624                DAC_1_Enable
 .text.DAC_1_SetSpeed
                0x00000640       0x1c .\CortexM3\ARM_GCC_541\Debug\Lab6_DC_Motor_PID.a(DAC_1.o)
                0x00000640                DAC_1_SetSpeed
 .text.DAC_1_SetValue
                0x0000065c        0xc .\CortexM3\ARM_GCC_541\Debug\Lab6_DC_Motor_PID.a(DAC_1.o)
                0x0000065c                DAC_1_SetValue
 .text.DAC_1_DacTrim
                0x00000668       0x24 .\CortexM3\ARM_GCC_541\Debug\Lab6_DC_Motor_PID.a(DAC_1.o)
                0x00000668                DAC_1_DacTrim
 .text.DAC_1_SetRange
                0x0000068c       0x20 .\CortexM3\ARM_GCC_541\Debug\Lab6_DC_Motor_PID.a(DAC_1.o)
                0x0000068c                DAC_1_SetRange
 .text.DAC_1_Init
                0x000006ac       0x20 .\CortexM3\ARM_GCC_541\Debug\Lab6_DC_Motor_PID.a(DAC_1.o)
                0x000006ac                DAC_1_Init
 .text.DAC_1_Start
                0x000006cc       0x24 .\CortexM3\ARM_GCC_541\Debug\Lab6_DC_Motor_PID.a(DAC_1.o)
                0x000006cc                DAC_1_Start
 .text.OA_1_Enable
                0x000006f0       0x28 .\CortexM3\ARM_GCC_541\Debug\Lab6_DC_Motor_PID.a(OA_1.o)
                0x000006f0                OA_1_Enable
 .text.OA_1_SetPower
                0x00000718       0x1c .\CortexM3\ARM_GCC_541\Debug\Lab6_DC_Motor_PID.a(OA_1.o)
                0x00000718                OA_1_SetPower
 .text.OA_1_Init
                0x00000734        0xc .\CortexM3\ARM_GCC_541\Debug\Lab6_DC_Motor_PID.a(OA_1.o)
                0x00000734                OA_1_Init
 .text.OA_1_Start
                0x00000740       0x1c .\CortexM3\ARM_GCC_541\Debug\Lab6_DC_Motor_PID.a(OA_1.o)
                0x00000740                OA_1_Start
 .text.OA_2_Enable
                0x0000075c       0x28 .\CortexM3\ARM_GCC_541\Debug\Lab6_DC_Motor_PID.a(OA_2.o)
                0x0000075c                OA_2_Enable
 .text.OA_2_SetPower
                0x00000784       0x1c .\CortexM3\ARM_GCC_541\Debug\Lab6_DC_Motor_PID.a(OA_2.o)
                0x00000784                OA_2_SetPower
 .text.OA_2_Init
                0x000007a0        0xc .\CortexM3\ARM_GCC_541\Debug\Lab6_DC_Motor_PID.a(OA_2.o)
                0x000007a0                OA_2_Init
 .text.OA_2_Start
                0x000007ac       0x1c .\CortexM3\ARM_GCC_541\Debug\Lab6_DC_Motor_PID.a(OA_2.o)
                0x000007ac                OA_2_Start
 .text.OA_3_Enable
                0x000007c8       0x28 .\CortexM3\ARM_GCC_541\Debug\Lab6_DC_Motor_PID.a(OA_3.o)
                0x000007c8                OA_3_Enable
 .text.OA_3_SetPower
                0x000007f0       0x1c .\CortexM3\ARM_GCC_541\Debug\Lab6_DC_Motor_PID.a(OA_3.o)
                0x000007f0                OA_3_SetPower
 .text.OA_3_Init
                0x0000080c        0xc .\CortexM3\ARM_GCC_541\Debug\Lab6_DC_Motor_PID.a(OA_3.o)
                0x0000080c                OA_3_Init
 .text.OA_3_Start
                0x00000818       0x1c .\CortexM3\ARM_GCC_541\Debug\Lab6_DC_Motor_PID.a(OA_3.o)
                0x00000818                OA_3_Start
 .text.OA_4_Enable
                0x00000834       0x28 .\CortexM3\ARM_GCC_541\Debug\Lab6_DC_Motor_PID.a(OA_4.o)
                0x00000834                OA_4_Enable
 .text.OA_4_SetPower
                0x0000085c       0x1c .\CortexM3\ARM_GCC_541\Debug\Lab6_DC_Motor_PID.a(OA_4.o)
                0x0000085c                OA_4_SetPower
 .text.OA_4_Init
                0x00000878        0xc .\CortexM3\ARM_GCC_541\Debug\Lab6_DC_Motor_PID.a(OA_4.o)
                0x00000878                OA_4_Init
 .text.OA_4_Start
                0x00000884       0x1c .\CortexM3\ARM_GCC_541\Debug\Lab6_DC_Motor_PID.a(OA_4.o)
                0x00000884                OA_4_Start
 .text.DAC_3_Enable
                0x000008a0       0x1c .\CortexM3\ARM_GCC_541\Debug\Lab6_DC_Motor_PID.a(DAC_3.o)
                0x000008a0                DAC_3_Enable
 .text.DAC_3_SetSpeed
                0x000008bc       0x1c .\CortexM3\ARM_GCC_541\Debug\Lab6_DC_Motor_PID.a(DAC_3.o)
                0x000008bc                DAC_3_SetSpeed
 .text.DAC_3_SetValue
                0x000008d8        0xc .\CortexM3\ARM_GCC_541\Debug\Lab6_DC_Motor_PID.a(DAC_3.o)
                0x000008d8                DAC_3_SetValue
 .text.DAC_3_DacTrim
                0x000008e4       0x24 .\CortexM3\ARM_GCC_541\Debug\Lab6_DC_Motor_PID.a(DAC_3.o)
                0x000008e4                DAC_3_DacTrim
 .text.DAC_3_SetRange
                0x00000908       0x20 .\CortexM3\ARM_GCC_541\Debug\Lab6_DC_Motor_PID.a(DAC_3.o)
                0x00000908                DAC_3_SetRange
 .text.DAC_3_Init
                0x00000928       0x20 .\CortexM3\ARM_GCC_541\Debug\Lab6_DC_Motor_PID.a(DAC_3.o)
                0x00000928                DAC_3_Init
 .text.DAC_3_Start
                0x00000948       0x24 .\CortexM3\ARM_GCC_541\Debug\Lab6_DC_Motor_PID.a(DAC_3.o)
                0x00000948                DAC_3_Start
 .text.DAC_2_Enable
                0x0000096c       0x1c .\CortexM3\ARM_GCC_541\Debug\Lab6_DC_Motor_PID.a(DAC_2.o)
                0x0000096c                DAC_2_Enable
 .text.DAC_2_SetSpeed
                0x00000988       0x1c .\CortexM3\ARM_GCC_541\Debug\Lab6_DC_Motor_PID.a(DAC_2.o)
                0x00000988                DAC_2_SetSpeed
 .text.DAC_2_SetValue
                0x000009a4        0xc .\CortexM3\ARM_GCC_541\Debug\Lab6_DC_Motor_PID.a(DAC_2.o)
                0x000009a4                DAC_2_SetValue
 .text.DAC_2_DacTrim
                0x000009b0       0x24 .\CortexM3\ARM_GCC_541\Debug\Lab6_DC_Motor_PID.a(DAC_2.o)
                0x000009b0                DAC_2_DacTrim
 .text.DAC_2_SetRange
                0x000009d4       0x20 .\CortexM3\ARM_GCC_541\Debug\Lab6_DC_Motor_PID.a(DAC_2.o)
                0x000009d4                DAC_2_SetRange
 .text.DAC_2_Init
                0x000009f4       0x20 .\CortexM3\ARM_GCC_541\Debug\Lab6_DC_Motor_PID.a(DAC_2.o)
                0x000009f4                DAC_2_Init
 .text.DAC_2_Start
                0x00000a14       0x24 .\CortexM3\ARM_GCC_541\Debug\Lab6_DC_Motor_PID.a(DAC_2.o)
                0x00000a14                DAC_2_Start
 .text.ADC_CalcGain
                0x00000a38       0x64 .\CortexM3\ARM_GCC_541\Debug\Lab6_DC_Motor_PID.a(ADC.o)
 .text.ADC_Enable
                0x00000a9c       0x94 .\CortexM3\ARM_GCC_541\Debug\Lab6_DC_Motor_PID.a(ADC.o)
                0x00000a9c                ADC_Enable
 .text.ADC_SetResolution
                0x00000b30       0x38 .\CortexM3\ARM_GCC_541\Debug\Lab6_DC_Motor_PID.a(ADC.o)
                0x00000b30                ADC_SetResolution
 .text.ADC_Init
                0x00000b68       0x3c .\CortexM3\ARM_GCC_541\Debug\Lab6_DC_Motor_PID.a(ADC.o)
                0x00000b68                ADC_Init
 .text.ADC_Start
                0x00000ba4       0x1c .\CortexM3\ARM_GCC_541\Debug\Lab6_DC_Motor_PID.a(ADC.o)
                0x00000ba4                ADC_Start
 .text.ADC_StartConvert
                0x00000bc0       0x10 .\CortexM3\ARM_GCC_541\Debug\Lab6_DC_Motor_PID.a(ADC.o)
                0x00000bc0                ADC_StartConvert
 .text.ADC_IsEndConversion
                0x00000bd0       0x24 .\CortexM3\ARM_GCC_541\Debug\Lab6_DC_Motor_PID.a(ADC.o)
                0x00000bd0                ADC_IsEndConversion
 .text.ADC_GetResult8
                0x00000bf4       0x18 .\CortexM3\ARM_GCC_541\Debug\Lab6_DC_Motor_PID.a(ADC.o)
                0x00000bf4                ADC_GetResult8
 .text.ADC_ISR  0x00000c0c        0x4 .\CortexM3\ARM_GCC_541\Debug\Lab6_DC_Motor_PID.a(ADC_INT.o)
                0x00000c0c                ADC_ISR
 .text.ADC_theACLK_SetModeRegister
                0x00000c10       0x14 .\CortexM3\ARM_GCC_541\Debug\Lab6_DC_Motor_PID.a(ADC_theACLK.o)
                0x00000c10                ADC_theACLK_SetModeRegister
 .text.CyHalt   0x00000c24        0x4 .\CortexM3\ARM_GCC_541\Debug\Lab6_DC_Motor_PID.a(CyLib.o)
                0x00000c24                CyHalt
 .text.CyDelay  0x00000c28       0x2c .\CortexM3\ARM_GCC_541\Debug\Lab6_DC_Motor_PID.a(CyLib.o)
                0x00000c28                CyDelay
 .text.CyDelayUs
                0x00000c54       0x14 .\CortexM3\ARM_GCC_541\Debug\Lab6_DC_Motor_PID.a(CyLib.o)
                0x00000c54                CyDelayUs
 .text.CyIntSetVector
                0x00000c68       0x28 .\CortexM3\ARM_GCC_541\Debug\Lab6_DC_Motor_PID.a(CyLib.o)
                0x00000c68                CyIntSetVector
 .text.CyIntSetPriority
                0x00000c90       0x30 .\CortexM3\ARM_GCC_541\Debug\Lab6_DC_Motor_PID.a(CyLib.o)
                0x00000c90                CyIntSetPriority
 .text          0x00000cc0       0x20 .\CortexM3\ARM_GCC_541\Debug\Lab6_DC_Motor_PID.a(CyBootAsmGnu.o)
                0x00000cc0                CyDelayCycles
                0x00000cd0                CyEnterCriticalSection
                0x00000cd8                CyExitCriticalSection
 .text.__errno  0x00000ce0        0xc c:/program files (x86)/cypress/psoc creator/4.2/psoc creator/import/gnu/arm/5.4.1/bin/../lib/gcc/arm-none-eabi/5.4.1/../../../../arm-none-eabi/lib/armv7-m\libg_nano.a(lib_a-errno.o)
                0x00000ce0                __errno
 .text.__libc_init_array
                0x00000cec       0x4c c:/program files (x86)/cypress/psoc creator/4.2/psoc creator/import/gnu/arm/5.4.1/bin/../lib/gcc/arm-none-eabi/5.4.1/../../../../arm-none-eabi/lib/armv7-m\libg_nano.a(lib_a-init.o)
                0x00000cec                __libc_init_array
 .text.memcpy   0x00000d38       0x16 c:/program files (x86)/cypress/psoc creator/4.2/psoc creator/import/gnu/arm/5.4.1/bin/../lib/gcc/arm-none-eabi/5.4.1/../../../../arm-none-eabi/lib/armv7-m\libg_nano.a(lib_a-memcpy-stub.o)
                0x00000d38                memcpy
 .text.memset   0x00000d4e       0x10 c:/program files (x86)/cypress/psoc creator/4.2/psoc creator/import/gnu/arm/5.4.1/bin/../lib/gcc/arm-none-eabi/5.4.1/../../../../arm-none-eabi/lib/armv7-m\libg_nano.a(lib_a-memset.o)
                0x00000d4e                memset
 *(.plt)
 *(.gnu.warning)
 *(.glue_7t)
 .glue_7t       0x00000d5e        0x0 linker stubs
 *(.glue_7)
 .glue_7        0x00000d5e        0x0 linker stubs
 *(.vfp11_veneer)
 .vfp11_veneer  0x00000d5e        0x0 linker stubs
 *(.bootloader)
 *(.ARM.extab* .gnu.linkonce.armextab.*)
 *(.gcc_except_table)

.v4_bx          0x00000d60        0x0
 .v4_bx         0x00000d60        0x0 linker stubs

.iplt           0x00000d60        0x0
 .iplt          0x00000d60        0x0 c:/program files (x86)/cypress/psoc creator/4.2/psoc creator/import/gnu/arm/5.4.1/bin/../lib/gcc/arm-none-eabi/5.4.1/armv7-m/crtbegin.o

.eh_frame_hdr
 *(.eh_frame_hdr)

.eh_frame       0x00000d60        0x4
 *(.eh_frame)
 .eh_frame      0x00000d60        0x0 c:/program files (x86)/cypress/psoc creator/4.2/psoc creator/import/gnu/arm/5.4.1/bin/../lib/gcc/arm-none-eabi/5.4.1/armv7-m/crtbegin.o
 .eh_frame      0x00000d60        0x4 c:/program files (x86)/cypress/psoc creator/4.2/psoc creator/import/gnu/arm/5.4.1/bin/../lib/gcc/arm-none-eabi/5.4.1/armv7-m/crtend.o
                [!provide]                PROVIDE (__exidx_start, .)

.ARM.exidx
 *(.ARM.exidx* .gnu.linkonce.armexidx.*)
                0x00000d64                __exidx_end = .

.rodata         0x00000d64       0x6c
 *(.rodata .rodata.* .gnu.linkonce.r.*)
 .rodata        0x00000d64       0x30 .\CortexM3\ARM_GCC_541\Debug\cyfitter_cfg.o
 .rodata.str1.1
                0x00000d94        0x2 c:/program files (x86)/cypress/psoc creator/4.2/psoc creator/import/gnu/arm/5.4.1/bin/../lib/gcc/arm-none-eabi/5.4.1/../../../../arm-none-eabi/lib/armv7-m\libg_nano.a(lib_a-impure.o)
                0x00000d98                . = ALIGN (0x4)
 *fill*         0x00000d96        0x2 
 *(.init)
 .init          0x00000d98        0x4 c:/program files (x86)/cypress/psoc creator/4.2/psoc creator/import/gnu/arm/5.4.1/bin/../lib/gcc/arm-none-eabi/5.4.1/armv7-m/crti.o
                0x00000d98                _init
 .init          0x00000d9c        0x8 c:/program files (x86)/cypress/psoc creator/4.2/psoc creator/import/gnu/arm/5.4.1/bin/../lib/gcc/arm-none-eabi/5.4.1/armv7-m/crtn.o
                0x00000da4                . = ALIGN (0x4)
                0x00000da4                __preinit_array_start = .
 *(.preinit_array)
                0x00000da4                __preinit_array_end = .
                0x00000da4                . = ALIGN (0x4)
                0x00000da4                __init_array_start = .
 *(SORT(.init_array.*))
 *(.init_array)
 .init_array    0x00000da4        0x4 c:/program files (x86)/cypress/psoc creator/4.2/psoc creator/import/gnu/arm/5.4.1/bin/../lib/gcc/arm-none-eabi/5.4.1/armv7-m/crtbegin.o
 .init_array    0x00000da8        0x4 .\CortexM3\ARM_GCC_541\Debug\Cm3Start.o
                0x00000dac                __init_array_end = .
                0x00000dac                . = ALIGN (0x4)
 *(.fini)
 .fini          0x00000dac        0x4 c:/program files (x86)/cypress/psoc creator/4.2/psoc creator/import/gnu/arm/5.4.1/bin/../lib/gcc/arm-none-eabi/5.4.1/armv7-m/crti.o
                0x00000dac                _fini
 .fini          0x00000db0        0x8 c:/program files (x86)/cypress/psoc creator/4.2/psoc creator/import/gnu/arm/5.4.1/bin/../lib/gcc/arm-none-eabi/5.4.1/armv7-m/crtn.o
                0x00000db8                . = ALIGN (0x4)
                0x00000db8                __fini_array_start = .
 *(.fini_array)
 .fini_array    0x00000db8        0x4 c:/program files (x86)/cypress/psoc creator/4.2/psoc creator/import/gnu/arm/5.4.1/bin/../lib/gcc/arm-none-eabi/5.4.1/armv7-m/crtbegin.o
 *(SORT(.fini_array.*))
                0x00000dbc                __fini_array_end = .
                0x00000dbc                . = ALIGN (0x4)
 *crtbegin.o(.ctors)
 *(EXCLUDE_FILE(*crtend.o) .ctors)
 *(SORT(.ctors.*))
 *crtend.o(.ctors)
                0x00000dbc                . = ALIGN (0x4)
 *crtbegin.o(.dtors)
 *(EXCLUDE_FILE(*crtend.o) .dtors)
 *(SORT(.dtors.*))
 *crtend.o(.dtors)
                0x00000dbc                . = ALIGN (0x4)
                0x00000dbc                __cy_regions = .
                0x00000dbc        0x4 LONG 0xdd0 __cy_region_init_ram
                0x00000dc0        0x4 LONG 0x1fff80c8 __cy_region_start_data
                0x00000dc4        0x4 LONG 0xa8 __cy_region_init_size_ram
                0x00000dc8        0x4 LONG 0x1d0 __cy_region_zero_size_ram
                0x00000dcc                __cy_regions_end = .
                0x00000dd0                . = ALIGN (0x8)
 *fill*         0x00000dcc        0x4 
                0x00000dd0                _etext = .

.cy_checksum_exclude
                0x00000dd0        0x0
 *(.cy_checksum_exclude)

.ramvectors     0x1fff8000       0xc0
                0x1fff8000                __cy_region_start_ram = .
 *(.ramvectors)
 .ramvectors    0x1fff8000       0xc0 .\CortexM3\ARM_GCC_541\Debug\Cm3Start.o
                0x1fff8000                CyRamVectors

.noinit         0x1fff80c0        0x1
 *(.noinit)
 .noinit        0x1fff80c0        0x1 .\CortexM3\ARM_GCC_541\Debug\Lab6_DC_Motor_PID.a(CyLib.o)
                0x1fff80c0                CyResetStatus

.data           0x1fff80c8       0xa8 load address 0x00000dd0
                0x1fff80c8                __cy_region_start_data = .
 *(.jcr)
 .jcr           0x1fff80c8        0x0 c:/program files (x86)/cypress/psoc creator/4.2/psoc creator/import/gnu/arm/5.4.1/bin/../lib/gcc/arm-none-eabi/5.4.1/armv7-m/crtbegin.o
 .jcr           0x1fff80c8        0x4 c:/program files (x86)/cypress/psoc creator/4.2/psoc creator/import/gnu/arm/5.4.1/bin/../lib/gcc/arm-none-eabi/5.4.1/armv7-m/crtend.o
 *(.got.plt)
 *(.got)
 *(.shdata)
 *(.data .data.* .gnu.linkonce.d.*)
 .data          0x1fff80cc       0x2b .\CortexM3\ARM_GCC_541\Debug\main.o
                0x1fff80cc                Vref
                0x1fff80d0                Kd
                0x1fff80d4                Kd_scale_factor
                0x1fff80d8                Kp
                0x1fff80dc                Kp_scale_factor
                0x1fff80e0                Verror_sum_limit
                0x1fff80e4                Ki
                0x1fff80e8                Ki_scale_factor
                0x1fff80ec                FF_term
                0x1fff80f0                Kd_display_gain
                0x1fff80f4                adc_limit
                0x1fff80f6                current_l
 *fill*         0x1fff80f7        0x1 
 .data          0x1fff80f8       0x10 .\CortexM3\ARM_GCC_541\Debug\Lab6_DC_Motor_PID.a(CyLib.o)
                0x1fff80f8                cydelay_32k_ms
                0x1fff80fc                cydelay_freq_khz
                0x1fff8100                cydelay_freq_mhz
                0x1fff8104                cydelay_freq_hz
 .data.impure_data
                0x1fff8108       0x60 c:/program files (x86)/cypress/psoc creator/4.2/psoc creator/import/gnu/arm/5.4.1/bin/../lib/gcc/arm-none-eabi/5.4.1/../../../../arm-none-eabi/lib/armv7-m\libg_nano.a(lib_a-impure.o)
 .data._impure_ptr
                0x1fff8168        0x4 c:/program files (x86)/cypress/psoc creator/4.2/psoc creator/import/gnu/arm/5.4.1/bin/../lib/gcc/arm-none-eabi/5.4.1/../../../../arm-none-eabi/lib/armv7-m\libg_nano.a(lib_a-impure.o)
                0x1fff8168                _impure_ptr
                0x1fff8170                . = ALIGN (0x8)
 *fill*         0x1fff816c        0x4 
 *(.ram)
                0x1fff8170                _edata = .

.igot.plt       0x1fff8170        0x0 load address 0x00000e78
 .igot.plt      0x1fff8170        0x0 c:/program files (x86)/cypress/psoc creator/4.2/psoc creator/import/gnu/arm/5.4.1/bin/../lib/gcc/arm-none-eabi/5.4.1/armv7-m/crtbegin.o

.bss            0x1fff8170      0x1d0 load address 0x00000e78
                0x1fff8170                PROVIDE (__bss_start__, .)
 *(.shbss)
 *(.bss .bss.* .gnu.linkonce.b.*)
 .bss           0x1fff8170       0x1c c:/program files (x86)/cypress/psoc creator/4.2/psoc creator/import/gnu/arm/5.4.1/bin/../lib/gcc/arm-none-eabi/5.4.1/armv7-m/crtbegin.o
 .bss           0x1fff818c       0x11 .\CortexM3\ARM_GCC_541\Debug\main.o
                0x1fff818c                Vmeas_buffer_index
                0x1fff8190                feedforward_only
                0x1fff8194                sample_count
                0x1fff8198                test_mode
                0x1fff819c                source
 .bss           0x1fff819d        0x1 .\CortexM3\ARM_GCC_541\Debug\Lab6_DC_Motor_PID.a(DAC_1.o)
                0x1fff819d                DAC_1_initVar
 .bss           0x1fff819e        0x1 .\CortexM3\ARM_GCC_541\Debug\Lab6_DC_Motor_PID.a(OA_1.o)
                0x1fff819e                OA_1_initVar
 .bss           0x1fff819f        0x1 .\CortexM3\ARM_GCC_541\Debug\Lab6_DC_Motor_PID.a(OA_2.o)
                0x1fff819f                OA_2_initVar
 .bss           0x1fff81a0        0x1 .\CortexM3\ARM_GCC_541\Debug\Lab6_DC_Motor_PID.a(OA_3.o)
                0x1fff81a0                OA_3_initVar
 .bss           0x1fff81a1        0x1 .\CortexM3\ARM_GCC_541\Debug\Lab6_DC_Motor_PID.a(OA_4.o)
                0x1fff81a1                OA_4_initVar
 .bss           0x1fff81a2        0x1 .\CortexM3\ARM_GCC_541\Debug\Lab6_DC_Motor_PID.a(DAC_3.o)
                0x1fff81a2                DAC_3_initVar
 .bss           0x1fff81a3        0x1 .\CortexM3\ARM_GCC_541\Debug\Lab6_DC_Motor_PID.a(DAC_2.o)
                0x1fff81a3                DAC_2_initVar
 .bss           0x1fff81a4        0x1 .\CortexM3\ARM_GCC_541\Debug\Lab6_DC_Motor_PID.a(ADC.o)
                0x1fff81a4                ADC_initVar
 *(COMMON)
 *fill*         0x1fff81a5        0x3 
 COMMON         0x1fff81a8      0x18c .\CortexM3\ARM_GCC_541\Debug\main.o
                0x1fff81a8                Vout_term_overflow_count
                0x1fff81ac                Vmeas_delta
                0x1fff81b0                Verror
                0x1fff81b4                Vmeas
                0x1fff81b8                last_adc_wait_count
                0x1fff81bc                loop_count
                0x1fff81c0                Vout_term_underflow_count
                0x1fff81c4                Kp_term_limited
                0x1fff81c8                adc_result
                0x1fff81cc                Verror_sum
                0x1fff81d0                Vmeas_raw
                0x1fff81d4                Kp_term
                0x1fff81d8                Vout_limited
                0x1fff81dc                Ki_term
                0x1fff81e0                Vout
                0x1fff81e4                button_not_pushed_count
                0x1fff81e8                Ki_term_overflow_count
                0x1fff81ec                Ki_term_limited
                0x1fff81f0                Kd_term_limited
                0x1fff81f4                Kd_term
                0x1fff81f8                adc_wait_count
                0x1fff81fc                Vmeas_buffer
                0x1fff8328                buffer_limit_reached
                0x1fff832c                Vmeas_last
                0x1fff8330                Ki_term_underflow_count
 COMMON         0x1fff8334        0xa .\CortexM3\ARM_GCC_541\Debug\Lab6_DC_Motor_PID.a(ADC.o)
                0x1fff8334                ADC_countsPer10Volt
                0x1fff8338                ADC_shift
                0x1fff833a                ADC_countsPerVolt
                0x1fff833c                ADC_offset
                0x1fff8340                . = ALIGN (0x8)
 *fill*         0x1fff833e        0x2 
 *(.ram.b)
                0x1fff8340                _end = .
                0x1fff8340                __end = .
                0x1fff8340                PROVIDE (end, .)
                0x1fff8340                PROVIDE (__bss_end__, .)
                0x00000dd0                __cy_region_init_ram = LOADADDR (.data)
                0x000000a8                __cy_region_init_size_ram = (_edata - ADDR (.data))
                0x000001d0                __cy_region_zero_size_ram = (_end - _edata)

.heap           0x1fff8340       0x80 load address 0x00000e78
                0x1fff8340                . = _end
                0x1fff83c0                . = (. + 0x80)
 *fill*         0x1fff8340       0x80 
                0x1fff83c0                __cy_heap_limit = .

.stack          0x20007800      0x800
                0x20007800                __cy_stack_limit = .
                0x20008000                . = (. + 0x800)
 *fill*         0x20007800      0x800 
                0x00000001                ASSERT ((__cy_stack_limit >= __cy_heap_limit), region RAM overflowed with stack)
                0x00000000                cy_checksum_exclude_size = (CY_APPL_LOADABLE == 0x1)?SIZEOF (.cy_checksum_exclude):0x0
                0x00000001                ASSERT ((cy_checksum_exclude_size <= CY_CHECKSUM_EXCLUDE_SIZE), CY_BOOT: Section .cy_checksum_exclude size exceedes specified limit.)

.cyloadermeta
 *(.cyloadermeta)

.cyloadablemeta
 *(.cyloadablemeta)

.cyconfigecc    0x80000000       0x74
 *(.cyconfigecc)
 .cyconfigecc   0x80000000       0x74 .\CortexM3\ARM_GCC_541\Debug\cymetadata.o
                0x80000000                cy_meta_configecc

.cycustnvl      0x90000000        0x4
 *(.cycustnvl)
 .cycustnvl     0x90000000        0x4 .\CortexM3\ARM_GCC_541\Debug\cymetadata.o
                0x90000000                cy_meta_custnvl

.cywolatch      0x90100000        0x4
 *(.cywolatch)
 .cywolatch     0x90100000        0x4 .\CortexM3\ARM_GCC_541\Debug\cymetadata.o
                0x90100000                cy_meta_wonvl

.cyeeprom       0x90200000        0x0
 *(.cyeeprom)
                0x00000001                ASSERT ((. <= ((0x90200000 + ee_offset) + ee_size)), .cyeeprom data will not fit in EEPROM)

.cyflashprotect
                0x90400000      0x100
 *(.cyflashprotect)
 .cyflashprotect
                0x90400000      0x100 .\CortexM3\ARM_GCC_541\Debug\cymetadata.o
                0x90400000                cy_meta_flashprotect

.cymeta         0x90500000        0xc
 *(.cymeta)
 .cymeta        0x90500000        0xc .\CortexM3\ARM_GCC_541\Debug\cymetadata.o
                0x90500000                cy_metadata

.rel.dyn        0x00000e78        0x0 load address 0x9050000c
 .rel.iplt      0x00000e78        0x0 c:/program files (x86)/cypress/psoc creator/4.2/psoc creator/import/gnu/arm/5.4.1/bin/../lib/gcc/arm-none-eabi/5.4.1/armv7-m/crtbegin.o

.stab
 *(.stab)

.stabstr
 *(.stabstr)

.debug
 *(.debug)

.line
 *(.line)

.debug_srcinfo
 *(.debug_srcinfo)

.debug_sfnames
 *(.debug_sfnames)

.debug_aranges  0x00000000      0x888
 *(.debug_aranges)
 .debug_aranges
                0x00000000       0x20 .\CortexM3\ARM_GCC_541\Debug\main.o
 .debug_aranges
                0x00000020       0x58 .\CortexM3\ARM_GCC_541\Debug\cyfitter_cfg.o
 .debug_aranges
                0x00000078       0x18 .\CortexM3\ARM_GCC_541\Debug\cymetadata.o
 .debug_aranges
                0x00000090       0x48 .\CortexM3\ARM_GCC_541\Debug\Cm3Start.o
 .debug_aranges
                0x000000d8       0x58 .\CortexM3\ARM_GCC_541\Debug\Lab6_DC_Motor_PID.a(DAC_1.o)
 .debug_aranges
                0x00000130       0x40 .\CortexM3\ARM_GCC_541\Debug\Lab6_DC_Motor_PID.a(OA_1.o)
 .debug_aranges
                0x00000170       0x40 .\CortexM3\ARM_GCC_541\Debug\Lab6_DC_Motor_PID.a(OA_2.o)
 .debug_aranges
                0x000001b0       0x40 .\CortexM3\ARM_GCC_541\Debug\Lab6_DC_Motor_PID.a(OA_3.o)
 .debug_aranges
                0x000001f0       0x40 .\CortexM3\ARM_GCC_541\Debug\Lab6_DC_Motor_PID.a(OA_4.o)
 .debug_aranges
                0x00000230       0x58 .\CortexM3\ARM_GCC_541\Debug\Lab6_DC_Motor_PID.a(DAC_3.o)
 .debug_aranges
                0x00000288       0x58 .\CortexM3\ARM_GCC_541\Debug\Lab6_DC_Motor_PID.a(DAC_2.o)
 .debug_aranges
                0x000002e0       0xa8 .\CortexM3\ARM_GCC_541\Debug\Lab6_DC_Motor_PID.a(ADC.o)
 .debug_aranges
                0x00000388       0x20 .\CortexM3\ARM_GCC_541\Debug\Lab6_DC_Motor_PID.a(ADC_INT.o)
 .debug_aranges
                0x000003a8       0x80 .\CortexM3\ARM_GCC_541\Debug\Lab6_DC_Motor_PID.a(ADC_theACLK.o)
 .debug_aranges
                0x00000428      0x2a0 .\CortexM3\ARM_GCC_541\Debug\Lab6_DC_Motor_PID.a(CyLib.o)
 .debug_aranges
                0x000006c8       0x98 .\CortexM3\ARM_GCC_541\Debug\Lab6_DC_Motor_PID.a(cyPm.o)
 .debug_aranges
                0x00000760       0x20 .\CortexM3\ARM_GCC_541\Debug\Lab6_DC_Motor_PID.a(CyBootAsmGnu.o)
 .debug_aranges
                0x00000780       0x88 .\CortexM3\ARM_GCC_541\Debug\Lab6_DC_Motor_PID.a(CyFlash.o)
 .debug_aranges
                0x00000808       0x80 .\CortexM3\ARM_GCC_541\Debug\Lab6_DC_Motor_PID.a(CySpc.o)

.debug_pubnames
 *(.debug_pubnames)

.debug_info     0x00000000     0x4d67
 *(.debug_info .gnu.linkonce.wi.*)
 .debug_info    0x00000000      0x531 .\CortexM3\ARM_GCC_541\Debug\main.o
 .debug_info    0x00000531      0x586 .\CortexM3\ARM_GCC_541\Debug\cyfitter_cfg.o
 .debug_info    0x00000ab7      0x134 .\CortexM3\ARM_GCC_541\Debug\cymetadata.o
 .debug_info    0x00000beb      0x3bb .\CortexM3\ARM_GCC_541\Debug\Cm3Start.o
 .debug_info    0x00000fa6      0x1dd .\CortexM3\ARM_GCC_541\Debug\Lab6_DC_Motor_PID.a(DAC_1.o)
 .debug_info    0x00001183      0x151 .\CortexM3\ARM_GCC_541\Debug\Lab6_DC_Motor_PID.a(OA_1.o)
 .debug_info    0x000012d4      0x151 .\CortexM3\ARM_GCC_541\Debug\Lab6_DC_Motor_PID.a(OA_2.o)
 .debug_info    0x00001425      0x151 .\CortexM3\ARM_GCC_541\Debug\Lab6_DC_Motor_PID.a(OA_3.o)
 .debug_info    0x00001576      0x151 .\CortexM3\ARM_GCC_541\Debug\Lab6_DC_Motor_PID.a(OA_4.o)
 .debug_info    0x000016c7      0x1dd .\CortexM3\ARM_GCC_541\Debug\Lab6_DC_Motor_PID.a(DAC_3.o)
 .debug_info    0x000018a4      0x1dd .\CortexM3\ARM_GCC_541\Debug\Lab6_DC_Motor_PID.a(DAC_2.o)
 .debug_info    0x00001a81      0x5c0 .\CortexM3\ARM_GCC_541\Debug\Lab6_DC_Motor_PID.a(ADC.o)
 .debug_info    0x00002041       0x92 .\CortexM3\ARM_GCC_541\Debug\Lab6_DC_Motor_PID.a(ADC_INT.o)
 .debug_info    0x000020d3      0x2c4 .\CortexM3\ARM_GCC_541\Debug\Lab6_DC_Motor_PID.a(ADC_theACLK.o)
 .debug_info    0x00002397     0x1374 .\CortexM3\ARM_GCC_541\Debug\Lab6_DC_Motor_PID.a(CyLib.o)
 .debug_info    0x0000370b      0xa2a .\CortexM3\ARM_GCC_541\Debug\Lab6_DC_Motor_PID.a(cyPm.o)
 .debug_info    0x00004135       0x95 .\CortexM3\ARM_GCC_541\Debug\Lab6_DC_Motor_PID.a(CyBootAsmGnu.o)
 .debug_info    0x000041ca      0x64d .\CortexM3\ARM_GCC_541\Debug\Lab6_DC_Motor_PID.a(CyFlash.o)
 .debug_info    0x00004817      0x550 .\CortexM3\ARM_GCC_541\Debug\Lab6_DC_Motor_PID.a(CySpc.o)

.debug_abbrev   0x00000000     0x153a
 *(.debug_abbrev)
 .debug_abbrev  0x00000000       0xed .\CortexM3\ARM_GCC_541\Debug\main.o
 .debug_abbrev  0x000000ed      0x1fe .\CortexM3\ARM_GCC_541\Debug\cyfitter_cfg.o
 .debug_abbrev  0x000002eb       0x5d .\CortexM3\ARM_GCC_541\Debug\cymetadata.o
 .debug_abbrev  0x00000348      0x1e8 .\CortexM3\ARM_GCC_541\Debug\Cm3Start.o
 .debug_abbrev  0x00000530       0xf7 .\CortexM3\ARM_GCC_541\Debug\Lab6_DC_Motor_PID.a(DAC_1.o)
 .debug_abbrev  0x00000627       0xb2 .\CortexM3\ARM_GCC_541\Debug\Lab6_DC_Motor_PID.a(OA_1.o)
 .debug_abbrev  0x000006d9       0xb2 .\CortexM3\ARM_GCC_541\Debug\Lab6_DC_Motor_PID.a(OA_2.o)
 .debug_abbrev  0x0000078b       0xb2 .\CortexM3\ARM_GCC_541\Debug\Lab6_DC_Motor_PID.a(OA_3.o)
 .debug_abbrev  0x0000083d       0xb2 .\CortexM3\ARM_GCC_541\Debug\Lab6_DC_Motor_PID.a(OA_4.o)
 .debug_abbrev  0x000008ef       0xf7 .\CortexM3\ARM_GCC_541\Debug\Lab6_DC_Motor_PID.a(DAC_3.o)
 .debug_abbrev  0x000009e6       0xf7 .\CortexM3\ARM_GCC_541\Debug\Lab6_DC_Motor_PID.a(DAC_2.o)
 .debug_abbrev  0x00000add      0x1ac .\CortexM3\ARM_GCC_541\Debug\Lab6_DC_Motor_PID.a(ADC.o)
 .debug_abbrev  0x00000c89       0x42 .\CortexM3\ARM_GCC_541\Debug\Lab6_DC_Motor_PID.a(ADC_INT.o)
 .debug_abbrev  0x00000ccb      0x121 .\CortexM3\ARM_GCC_541\Debug\Lab6_DC_Motor_PID.a(ADC_theACLK.o)
 .debug_abbrev  0x00000dec      0x254 .\CortexM3\ARM_GCC_541\Debug\Lab6_DC_Motor_PID.a(CyLib.o)
 .debug_abbrev  0x00001040      0x1ab .\CortexM3\ARM_GCC_541\Debug\Lab6_DC_Motor_PID.a(cyPm.o)
 .debug_abbrev  0x000011eb       0x14 .\CortexM3\ARM_GCC_541\Debug\Lab6_DC_Motor_PID.a(CyBootAsmGnu.o)
 .debug_abbrev  0x000011ff      0x1a7 .\CortexM3\ARM_GCC_541\Debug\Lab6_DC_Motor_PID.a(CyFlash.o)
 .debug_abbrev  0x000013a6      0x194 .\CortexM3\ARM_GCC_541\Debug\Lab6_DC_Motor_PID.a(CySpc.o)

.debug_line     0x00000000     0x20fb
 *(.debug_line)
 .debug_line    0x00000000      0x1fb .\CortexM3\ARM_GCC_541\Debug\main.o
 .debug_line    0x000001fb      0x1ed .\CortexM3\ARM_GCC_541\Debug\cyfitter_cfg.o
 .debug_line    0x000003e8      0x141 .\CortexM3\ARM_GCC_541\Debug\cymetadata.o
 .debug_line    0x00000529      0x234 .\CortexM3\ARM_GCC_541\Debug\Cm3Start.o
 .debug_line    0x0000075d       0xe2 .\CortexM3\ARM_GCC_541\Debug\Lab6_DC_Motor_PID.a(DAC_1.o)
 .debug_line    0x0000083f       0xa7 .\CortexM3\ARM_GCC_541\Debug\Lab6_DC_Motor_PID.a(OA_1.o)
 .debug_line    0x000008e6       0xa7 .\CortexM3\ARM_GCC_541\Debug\Lab6_DC_Motor_PID.a(OA_2.o)
 .debug_line    0x0000098d       0xa7 .\CortexM3\ARM_GCC_541\Debug\Lab6_DC_Motor_PID.a(OA_3.o)
 .debug_line    0x00000a34       0xa7 .\CortexM3\ARM_GCC_541\Debug\Lab6_DC_Motor_PID.a(OA_4.o)
 .debug_line    0x00000adb       0xe2 .\CortexM3\ARM_GCC_541\Debug\Lab6_DC_Motor_PID.a(DAC_3.o)
 .debug_line    0x00000bbd       0xe2 .\CortexM3\ARM_GCC_541\Debug\Lab6_DC_Motor_PID.a(DAC_2.o)
 .debug_line    0x00000c9f      0x212 .\CortexM3\ARM_GCC_541\Debug\Lab6_DC_Motor_PID.a(ADC.o)
 .debug_line    0x00000eb1       0x50 .\CortexM3\ARM_GCC_541\Debug\Lab6_DC_Motor_PID.a(ADC_INT.o)
 .debug_line    0x00000f01      0x19d .\CortexM3\ARM_GCC_541\Debug\Lab6_DC_Motor_PID.a(ADC_theACLK.o)
 .debug_line    0x0000109e      0x816 .\CortexM3\ARM_GCC_541\Debug\Lab6_DC_Motor_PID.a(CyLib.o)
 .debug_line    0x000018b4      0x367 .\CortexM3\ARM_GCC_541\Debug\Lab6_DC_Motor_PID.a(cyPm.o)
 .debug_line    0x00001c1b       0x66 .\CortexM3\ARM_GCC_541\Debug\Lab6_DC_Motor_PID.a(CyBootAsmGnu.o)
 .debug_line    0x00001c81      0x21a .\CortexM3\ARM_GCC_541\Debug\Lab6_DC_Motor_PID.a(CyFlash.o)
 .debug_line    0x00001e9b      0x260 .\CortexM3\ARM_GCC_541\Debug\Lab6_DC_Motor_PID.a(CySpc.o)

.debug_frame    0x00000000     0x1628
 *(.debug_frame)
 .debug_frame   0x00000000       0x2c .\CortexM3\ARM_GCC_541\Debug\main.o
 .debug_frame   0x0000002c       0xfc .\CortexM3\ARM_GCC_541\Debug\cyfitter_cfg.o
 .debug_frame   0x00000128       0xb8 .\CortexM3\ARM_GCC_541\Debug\Cm3Start.o
 .debug_frame   0x000001e0       0xb4 .\CortexM3\ARM_GCC_541\Debug\Lab6_DC_Motor_PID.a(DAC_1.o)
 .debug_frame   0x00000294       0x78 .\CortexM3\ARM_GCC_541\Debug\Lab6_DC_Motor_PID.a(OA_1.o)
 .debug_frame   0x0000030c       0x78 .\CortexM3\ARM_GCC_541\Debug\Lab6_DC_Motor_PID.a(OA_2.o)
 .debug_frame   0x00000384       0x78 .\CortexM3\ARM_GCC_541\Debug\Lab6_DC_Motor_PID.a(OA_3.o)
 .debug_frame   0x000003fc       0x78 .\CortexM3\ARM_GCC_541\Debug\Lab6_DC_Motor_PID.a(OA_4.o)
 .debug_frame   0x00000474       0xb4 .\CortexM3\ARM_GCC_541\Debug\Lab6_DC_Motor_PID.a(DAC_3.o)
 .debug_frame   0x00000528       0xb4 .\CortexM3\ARM_GCC_541\Debug\Lab6_DC_Motor_PID.a(DAC_2.o)
 .debug_frame   0x000005dc      0x1b0 .\CortexM3\ARM_GCC_541\Debug\Lab6_DC_Motor_PID.a(ADC.o)
 .debug_frame   0x0000078c       0x20 .\CortexM3\ARM_GCC_541\Debug\Lab6_DC_Motor_PID.a(ADC_INT.o)
 .debug_frame   0x000007ac      0x100 .\CortexM3\ARM_GCC_541\Debug\Lab6_DC_Motor_PID.a(ADC_theACLK.o)
 .debug_frame   0x000008ac      0x738 .\CortexM3\ARM_GCC_541\Debug\Lab6_DC_Motor_PID.a(CyLib.o)
 .debug_frame   0x00000fe4      0x1f8 .\CortexM3\ARM_GCC_541\Debug\Lab6_DC_Motor_PID.a(cyPm.o)
 .debug_frame   0x000011dc      0x194 .\CortexM3\ARM_GCC_541\Debug\Lab6_DC_Motor_PID.a(CyFlash.o)
 .debug_frame   0x00001370      0x180 .\CortexM3\ARM_GCC_541\Debug\Lab6_DC_Motor_PID.a(CySpc.o)
 .debug_frame   0x000014f0       0x44 c:/program files (x86)/cypress/psoc creator/4.2/psoc creator/import/gnu/arm/5.4.1/bin/../lib/gcc/arm-none-eabi/5.4.1/armv7-m\libgcc.a(_aeabi_ldivmod.o)
 .debug_frame   0x00001534       0x38 c:/program files (x86)/cypress/psoc creator/4.2/psoc creator/import/gnu/arm/5.4.1/bin/../lib/gcc/arm-none-eabi/5.4.1/armv7-m\libgcc.a(_udivmoddi4.o)
 .debug_frame   0x0000156c       0x20 c:/program files (x86)/cypress/psoc creator/4.2/psoc creator/import/gnu/arm/5.4.1/bin/../lib/gcc/arm-none-eabi/5.4.1/../../../../arm-none-eabi/lib/armv7-m\libg_nano.a(lib_a-errno.o)
 .debug_frame   0x0000158c       0x28 c:/program files (x86)/cypress/psoc creator/4.2/psoc creator/import/gnu/arm/5.4.1/bin/../lib/gcc/arm-none-eabi/5.4.1/../../../../arm-none-eabi/lib/armv7-m\libg_nano.a(lib_a-exit.o)
 .debug_frame   0x000015b4       0x2c c:/program files (x86)/cypress/psoc creator/4.2/psoc creator/import/gnu/arm/5.4.1/bin/../lib/gcc/arm-none-eabi/5.4.1/../../../../arm-none-eabi/lib/armv7-m\libg_nano.a(lib_a-init.o)
 .debug_frame   0x000015e0       0x28 c:/program files (x86)/cypress/psoc creator/4.2/psoc creator/import/gnu/arm/5.4.1/bin/../lib/gcc/arm-none-eabi/5.4.1/../../../../arm-none-eabi/lib/armv7-m\libg_nano.a(lib_a-memcpy-stub.o)
 .debug_frame   0x00001608       0x20 c:/program files (x86)/cypress/psoc creator/4.2/psoc creator/import/gnu/arm/5.4.1/bin/../lib/gcc/arm-none-eabi/5.4.1/../../../../arm-none-eabi/lib/armv7-m\libg_nano.a(lib_a-memset.o)

.debug_str      0x00000000     0x1be3
 *(.debug_str)
 .debug_str     0x00000000      0x447 .\CortexM3\ARM_GCC_541\Debug\main.o
                                0x4a4 (size before relaxing)
 .debug_str     0x00000447      0x176 .\CortexM3\ARM_GCC_541\Debug\cyfitter_cfg.o
                                0x324 (size before relaxing)
 .debug_str     0x000005bd       0x7f .\CortexM3\ARM_GCC_541\Debug\cymetadata.o
                                0x1e9 (size before relaxing)
 .debug_str     0x0000063c      0x138 .\CortexM3\ARM_GCC_541\Debug\Cm3Start.o
                                0x30f (size before relaxing)
 .debug_str     0x00000774       0x88 .\CortexM3\ARM_GCC_541\Debug\Lab6_DC_Motor_PID.a(DAC_1.o)
                                0x224 (size before relaxing)
 .debug_str     0x000007fc       0x5f .\CortexM3\ARM_GCC_541\Debug\Lab6_DC_Motor_PID.a(OA_1.o)
                                0x1f5 (size before relaxing)
 .debug_str     0x0000085b       0x59 .\CortexM3\ARM_GCC_541\Debug\Lab6_DC_Motor_PID.a(OA_2.o)
                                0x1f5 (size before relaxing)
 .debug_str     0x000008b4       0x59 .\CortexM3\ARM_GCC_541\Debug\Lab6_DC_Motor_PID.a(OA_3.o)
                                0x1f5 (size before relaxing)
 .debug_str     0x0000090d       0x59 .\CortexM3\ARM_GCC_541\Debug\Lab6_DC_Motor_PID.a(OA_4.o)
                                0x1f5 (size before relaxing)
 .debug_str     0x00000966       0x7c .\CortexM3\ARM_GCC_541\Debug\Lab6_DC_Motor_PID.a(DAC_3.o)
                                0x224 (size before relaxing)
 .debug_str     0x000009e2       0x7c .\CortexM3\ARM_GCC_541\Debug\Lab6_DC_Motor_PID.a(DAC_2.o)
                                0x224 (size before relaxing)
 .debug_str     0x00000a5e      0x1f5 .\CortexM3\ARM_GCC_541\Debug\Lab6_DC_Motor_PID.a(ADC.o)
                                0x42c (size before relaxing)
 .debug_str     0x00000c53       0x29 .\CortexM3\ARM_GCC_541\Debug\Lab6_DC_Motor_PID.a(ADC_INT.o)
                                0x194 (size before relaxing)
 .debug_str     0x00000c7c      0x1bf .\CortexM3\ARM_GCC_541\Debug\Lab6_DC_Motor_PID.a(ADC_theACLK.o)
                                0x366 (size before relaxing)
 .debug_str     0x00000e3b      0x7e3 .\CortexM3\ARM_GCC_541\Debug\Lab6_DC_Motor_PID.a(CyLib.o)
                                0xa4c (size before relaxing)
 .debug_str     0x0000161e      0x365 .\CortexM3\ARM_GCC_541\Debug\Lab6_DC_Motor_PID.a(cyPm.o)
                                0x738 (size before relaxing)
 .debug_str     0x00001983      0x1b4 .\CortexM3\ARM_GCC_541\Debug\Lab6_DC_Motor_PID.a(CyFlash.o)
                                0x3c5 (size before relaxing)
 .debug_str     0x00001b37       0xac .\CortexM3\ARM_GCC_541\Debug\Lab6_DC_Motor_PID.a(CySpc.o)
                                0x33d (size before relaxing)

.debug_loc      0x00000000     0x1fbe
 *(.debug_loc)
 .debug_loc     0x00000000      0x1fd .\CortexM3\ARM_GCC_541\Debug\cyfitter_cfg.o
 .debug_loc     0x000001fd      0x144 .\CortexM3\ARM_GCC_541\Debug\Cm3Start.o
 .debug_loc     0x00000341       0x79 .\CortexM3\ARM_GCC_541\Debug\Lab6_DC_Motor_PID.a(DAC_1.o)
 .debug_loc     0x000003ba       0x21 .\CortexM3\ARM_GCC_541\Debug\Lab6_DC_Motor_PID.a(OA_1.o)
 .debug_loc     0x000003db       0x21 .\CortexM3\ARM_GCC_541\Debug\Lab6_DC_Motor_PID.a(OA_2.o)
 .debug_loc     0x000003fc       0x21 .\CortexM3\ARM_GCC_541\Debug\Lab6_DC_Motor_PID.a(OA_3.o)
 .debug_loc     0x0000041d       0x21 .\CortexM3\ARM_GCC_541\Debug\Lab6_DC_Motor_PID.a(OA_4.o)
 .debug_loc     0x0000043e       0x79 .\CortexM3\ARM_GCC_541\Debug\Lab6_DC_Motor_PID.a(DAC_3.o)
 .debug_loc     0x000004b7       0x79 .\CortexM3\ARM_GCC_541\Debug\Lab6_DC_Motor_PID.a(DAC_2.o)
 .debug_loc     0x00000530      0x295 .\CortexM3\ARM_GCC_541\Debug\Lab6_DC_Motor_PID.a(ADC.o)
 .debug_loc     0x000007c5      0x14d .\CortexM3\ARM_GCC_541\Debug\Lab6_DC_Motor_PID.a(ADC_theACLK.o)
 .debug_loc     0x00000912      0xa11 .\CortexM3\ARM_GCC_541\Debug\Lab6_DC_Motor_PID.a(CyLib.o)
 .debug_loc     0x00001323      0x1e4 .\CortexM3\ARM_GCC_541\Debug\Lab6_DC_Motor_PID.a(cyPm.o)
 .debug_loc     0x00001507      0x3b2 .\CortexM3\ARM_GCC_541\Debug\Lab6_DC_Motor_PID.a(CyFlash.o)
 .debug_loc     0x000018b9      0x705 .\CortexM3\ARM_GCC_541\Debug\Lab6_DC_Motor_PID.a(CySpc.o)

.debug_macinfo
 *(.debug_macinfo)

.debug_ranges   0x00000000      0x740
 *(.debug_ranges)
 .debug_ranges  0x00000000       0x10 .\CortexM3\ARM_GCC_541\Debug\main.o
 .debug_ranges  0x00000010       0x48 .\CortexM3\ARM_GCC_541\Debug\cyfitter_cfg.o
 .debug_ranges  0x00000058       0x38 .\CortexM3\ARM_GCC_541\Debug\Cm3Start.o
 .debug_ranges  0x00000090       0x48 .\CortexM3\ARM_GCC_541\Debug\Lab6_DC_Motor_PID.a(DAC_1.o)
 .debug_ranges  0x000000d8       0x30 .\CortexM3\ARM_GCC_541\Debug\Lab6_DC_Motor_PID.a(OA_1.o)
 .debug_ranges  0x00000108       0x30 .\CortexM3\ARM_GCC_541\Debug\Lab6_DC_Motor_PID.a(OA_2.o)
 .debug_ranges  0x00000138       0x30 .\CortexM3\ARM_GCC_541\Debug\Lab6_DC_Motor_PID.a(OA_3.o)
 .debug_ranges  0x00000168       0x30 .\CortexM3\ARM_GCC_541\Debug\Lab6_DC_Motor_PID.a(OA_4.o)
 .debug_ranges  0x00000198       0x48 .\CortexM3\ARM_GCC_541\Debug\Lab6_DC_Motor_PID.a(DAC_3.o)
 .debug_ranges  0x000001e0       0x48 .\CortexM3\ARM_GCC_541\Debug\Lab6_DC_Motor_PID.a(DAC_2.o)
 .debug_ranges  0x00000228       0x98 .\CortexM3\ARM_GCC_541\Debug\Lab6_DC_Motor_PID.a(ADC.o)
 .debug_ranges  0x000002c0       0x10 .\CortexM3\ARM_GCC_541\Debug\Lab6_DC_Motor_PID.a(ADC_INT.o)
 .debug_ranges  0x000002d0       0x70 .\CortexM3\ARM_GCC_541\Debug\Lab6_DC_Motor_PID.a(ADC_theACLK.o)
 .debug_ranges  0x00000340      0x290 .\CortexM3\ARM_GCC_541\Debug\Lab6_DC_Motor_PID.a(CyLib.o)
 .debug_ranges  0x000005d0       0x88 .\CortexM3\ARM_GCC_541\Debug\Lab6_DC_Motor_PID.a(cyPm.o)
 .debug_ranges  0x00000658       0x78 .\CortexM3\ARM_GCC_541\Debug\Lab6_DC_Motor_PID.a(CyFlash.o)
 .debug_ranges  0x000006d0       0x70 .\CortexM3\ARM_GCC_541\Debug\Lab6_DC_Motor_PID.a(CySpc.o)

.comment        0x00000000       0x6e
 .comment       0x00000000       0x6e .\CortexM3\ARM_GCC_541\Debug\main.o
                                 0x6f (size before relaxing)
 .comment       0x0000006e       0x6f .\CortexM3\ARM_GCC_541\Debug\cyfitter_cfg.o
 .comment       0x0000006e       0x6f .\CortexM3\ARM_GCC_541\Debug\cymetadata.o
 .comment       0x0000006e       0x6f .\CortexM3\ARM_GCC_541\Debug\Cm3Start.o
 .comment       0x0000006e       0x6f .\CortexM3\ARM_GCC_541\Debug\Lab6_DC_Motor_PID.a(DAC_1.o)
 .comment       0x0000006e       0x6f .\CortexM3\ARM_GCC_541\Debug\Lab6_DC_Motor_PID.a(OA_1.o)
 .comment       0x0000006e       0x6f .\CortexM3\ARM_GCC_541\Debug\Lab6_DC_Motor_PID.a(OA_2.o)
 .comment       0x0000006e       0x6f .\CortexM3\ARM_GCC_541\Debug\Lab6_DC_Motor_PID.a(OA_3.o)
 .comment       0x0000006e       0x6f .\CortexM3\ARM_GCC_541\Debug\Lab6_DC_Motor_PID.a(OA_4.o)
 .comment       0x0000006e       0x6f .\CortexM3\ARM_GCC_541\Debug\Lab6_DC_Motor_PID.a(DAC_3.o)
 .comment       0x0000006e       0x6f .\CortexM3\ARM_GCC_541\Debug\Lab6_DC_Motor_PID.a(DAC_2.o)
 .comment       0x0000006e       0x6f .\CortexM3\ARM_GCC_541\Debug\Lab6_DC_Motor_PID.a(ADC.o)
 .comment       0x0000006e       0x6f .\CortexM3\ARM_GCC_541\Debug\Lab6_DC_Motor_PID.a(ADC_INT.o)
 .comment       0x0000006e       0x6f .\CortexM3\ARM_GCC_541\Debug\Lab6_DC_Motor_PID.a(ADC_theACLK.o)
 .comment       0x0000006e       0x6f .\CortexM3\ARM_GCC_541\Debug\Lab6_DC_Motor_PID.a(CyLib.o)
 .comment       0x0000006e       0x6f .\CortexM3\ARM_GCC_541\Debug\Lab6_DC_Motor_PID.a(cyPm.o)
 .comment       0x0000006e       0x6f .\CortexM3\ARM_GCC_541\Debug\Lab6_DC_Motor_PID.a(CyFlash.o)
 .comment       0x0000006e       0x6f .\CortexM3\ARM_GCC_541\Debug\Lab6_DC_Motor_PID.a(CySpc.o)

.debug_weaknames
 *(.debug_weaknames)

.debug_funcnames
 *(.debug_funcnames)

.debug_typenames
 *(.debug_typenames)

.debug_varnames
 *(.debug_varnames)

.note.gnu.arm.ident
 *(.note.gnu.arm.ident)

.ARM.attributes
                0x00000000       0x29
 *(.ARM.attributes)
 .ARM.attributes
                0x00000000       0x1d c:/program files (x86)/cypress/psoc creator/4.2/psoc creator/import/gnu/arm/5.4.1/bin/../lib/gcc/arm-none-eabi/5.4.1/armv7-m/crti.o
 .ARM.attributes
                0x0000001d       0x2d c:/program files (x86)/cypress/psoc creator/4.2/psoc creator/import/gnu/arm/5.4.1/bin/../lib/gcc/arm-none-eabi/5.4.1/armv7-m/crtbegin.o
 .ARM.attributes
                0x0000004a       0x1b c:/program files (x86)/cypress/psoc creator/4.2/psoc creator/import/gnu/arm/5.4.1/bin/../lib/gcc/arm-none-eabi/5.4.1/../../../../arm-none-eabi/lib/armv7-m/crt0.o
 .ARM.attributes
                0x00000065       0x33 .\CortexM3\ARM_GCC_541\Debug\main.o
 .ARM.attributes
                0x00000098       0x33 .\CortexM3\ARM_GCC_541\Debug\cyfitter_cfg.o
 .ARM.attributes
                0x000000cb       0x33 .\CortexM3\ARM_GCC_541\Debug\cymetadata.o
 .ARM.attributes
                0x000000fe       0x33 .\CortexM3\ARM_GCC_541\Debug\Cm3Start.o
 .ARM.attributes
                0x00000131       0x33 .\CortexM3\ARM_GCC_541\Debug\Lab6_DC_Motor_PID.a(DAC_1.o)
 .ARM.attributes
                0x00000164       0x33 .\CortexM3\ARM_GCC_541\Debug\Lab6_DC_Motor_PID.a(OA_1.o)
 .ARM.attributes
                0x00000197       0x33 .\CortexM3\ARM_GCC_541\Debug\Lab6_DC_Motor_PID.a(OA_2.o)
 .ARM.attributes
                0x000001ca       0x33 .\CortexM3\ARM_GCC_541\Debug\Lab6_DC_Motor_PID.a(OA_3.o)
 .ARM.attributes
                0x000001fd       0x33 .\CortexM3\ARM_GCC_541\Debug\Lab6_DC_Motor_PID.a(OA_4.o)
 .ARM.attributes
                0x00000230       0x33 .\CortexM3\ARM_GCC_541\Debug\Lab6_DC_Motor_PID.a(DAC_3.o)
 .ARM.attributes
                0x00000263       0x33 .\CortexM3\ARM_GCC_541\Debug\Lab6_DC_Motor_PID.a(DAC_2.o)
 .ARM.attributes
                0x00000296       0x33 .\CortexM3\ARM_GCC_541\Debug\Lab6_DC_Motor_PID.a(ADC.o)
 .ARM.attributes
                0x000002c9       0x33 .\CortexM3\ARM_GCC_541\Debug\Lab6_DC_Motor_PID.a(ADC_INT.o)
 .ARM.attributes
                0x000002fc       0x33 .\CortexM3\ARM_GCC_541\Debug\Lab6_DC_Motor_PID.a(ADC_theACLK.o)
 .ARM.attributes
                0x0000032f       0x33 .\CortexM3\ARM_GCC_541\Debug\Lab6_DC_Motor_PID.a(CyLib.o)
 .ARM.attributes
                0x00000362       0x33 .\CortexM3\ARM_GCC_541\Debug\Lab6_DC_Motor_PID.a(cyPm.o)
 .ARM.attributes
                0x00000395       0x21 .\CortexM3\ARM_GCC_541\Debug\Lab6_DC_Motor_PID.a(CyBootAsmGnu.o)
 .ARM.attributes
                0x000003b6       0x33 .\CortexM3\ARM_GCC_541\Debug\Lab6_DC_Motor_PID.a(CyFlash.o)
 .ARM.attributes
                0x000003e9       0x33 .\CortexM3\ARM_GCC_541\Debug\Lab6_DC_Motor_PID.a(CySpc.o)
 .ARM.attributes
                0x0000041c       0x1d c:/program files (x86)/cypress/psoc creator/4.2/psoc creator/import/gnu/arm/5.4.1/bin/../lib/gcc/arm-none-eabi/5.4.1/armv7-m\libgcc.a(_arm_addsubsf3.o)
 .ARM.attributes
                0x00000439       0x1d c:/program files (x86)/cypress/psoc creator/4.2/psoc creator/import/gnu/arm/5.4.1/bin/../lib/gcc/arm-none-eabi/5.4.1/armv7-m\libgcc.a(_arm_muldivsf3.o)
 .ARM.attributes
                0x00000456       0x1d c:/program files (x86)/cypress/psoc creator/4.2/psoc creator/import/gnu/arm/5.4.1/bin/../lib/gcc/arm-none-eabi/5.4.1/armv7-m\libgcc.a(_aeabi_ldivmod.o)
 .ARM.attributes
                0x00000473       0x2d c:/program files (x86)/cypress/psoc creator/4.2/psoc creator/import/gnu/arm/5.4.1/bin/../lib/gcc/arm-none-eabi/5.4.1/armv7-m\libgcc.a(_udivmoddi4.o)
 .ARM.attributes
                0x000004a0       0x1d c:/program files (x86)/cypress/psoc creator/4.2/psoc creator/import/gnu/arm/5.4.1/bin/../lib/gcc/arm-none-eabi/5.4.1/armv7-m\libgcc.a(_dvmd_tls.o)
 .ARM.attributes
                0x000004bd       0x2d c:/program files (x86)/cypress/psoc creator/4.2/psoc creator/import/gnu/arm/5.4.1/bin/../lib/gcc/arm-none-eabi/5.4.1/../../../../arm-none-eabi/lib/armv7-m\libg_nano.a(lib_a-errno.o)
 .ARM.attributes
                0x000004ea       0x2d c:/program files (x86)/cypress/psoc creator/4.2/psoc creator/import/gnu/arm/5.4.1/bin/../lib/gcc/arm-none-eabi/5.4.1/../../../../arm-none-eabi/lib/armv7-m\libg_nano.a(lib_a-exit.o)
 .ARM.attributes
                0x00000517       0x2d c:/program files (x86)/cypress/psoc creator/4.2/psoc creator/import/gnu/arm/5.4.1/bin/../lib/gcc/arm-none-eabi/5.4.1/../../../../arm-none-eabi/lib/armv7-m\libg_nano.a(lib_a-impure.o)
 .ARM.attributes
                0x00000544       0x2d c:/program files (x86)/cypress/psoc creator/4.2/psoc creator/import/gnu/arm/5.4.1/bin/../lib/gcc/arm-none-eabi/5.4.1/../../../../arm-none-eabi/lib/armv7-m\libg_nano.a(lib_a-init.o)
 .ARM.attributes
                0x00000571       0x2d c:/program files (x86)/cypress/psoc creator/4.2/psoc creator/import/gnu/arm/5.4.1/bin/../lib/gcc/arm-none-eabi/5.4.1/../../../../arm-none-eabi/lib/armv7-m\libg_nano.a(lib_a-memcpy-stub.o)
 .ARM.attributes
                0x0000059e       0x2d c:/program files (x86)/cypress/psoc creator/4.2/psoc creator/import/gnu/arm/5.4.1/bin/../lib/gcc/arm-none-eabi/5.4.1/../../../../arm-none-eabi/lib/armv7-m\libg_nano.a(lib_a-memset.o)
 .ARM.attributes
                0x000005cb       0x2d c:/program files (x86)/cypress/psoc creator/4.2/psoc creator/import/gnu/arm/5.4.1/bin/../lib/gcc/arm-none-eabi/5.4.1/armv7-m/crtend.o
 .ARM.attributes
                0x000005f8       0x1d c:/program files (x86)/cypress/psoc creator/4.2/psoc creator/import/gnu/arm/5.4.1/bin/../lib/gcc/arm-none-eabi/5.4.1/armv7-m/crtn.o

/DISCARD/
 *(.note.GNU-stack)
OUTPUT(C:\Users\poorn\Documents\PSoC Creator\ESM_Labs\Lab6_DC_Motor_PID.cydsn\CortexM3\ARM_GCC_541\Debug\Lab6_DC_Motor_PID.elf elf32-littlearm)
