Archive member included to satisfy reference by file (symbol)

.\CortexM3\ARM_GCC_541\Debug\Lab1_Thermistor.a(ADC_DelSig_1.o)
                              .\CortexM3\ARM_GCC_541\Debug\main.o (ADC_DelSig_1_Start)
.\CortexM3\ARM_GCC_541\Debug\Lab1_Thermistor.a(ADC_DelSig_1_INT.o)
                              .\CortexM3\ARM_GCC_541\Debug\Lab1_Thermistor.a(ADC_DelSig_1.o) (ADC_DelSig_1_ISR1)
.\CortexM3\ARM_GCC_541\Debug\Lab1_Thermistor.a(ADC_DelSig_1_Ext_CP_Clk.o)
                              .\CortexM3\ARM_GCC_541\Debug\Lab1_Thermistor.a(ADC_DelSig_1.o) (ADC_DelSig_1_Ext_CP_Clk_SetModeRegister)
.\CortexM3\ARM_GCC_541\Debug\Lab1_Thermistor.a(ADC_DelSig_1_theACLK.o)
                              .\CortexM3\ARM_GCC_541\Debug\Lab1_Thermistor.a(ADC_DelSig_1.o) (ADC_DelSig_1_theACLK_SetModeRegister)
.\CortexM3\ARM_GCC_541\Debug\Lab1_Thermistor.a(CyLib.o)
                              .\CortexM3\ARM_GCC_541\Debug\Cm3Start.o (CyHalt)
.\CortexM3\ARM_GCC_541\Debug\Lab1_Thermistor.a(cyPm.o)
                              .\CortexM3\ARM_GCC_541\Debug\Lab1_Thermistor.a(CyLib.o) (CyPmReadStatus)
.\CortexM3\ARM_GCC_541\Debug\Lab1_Thermistor.a(LCD.o)
                              .\CortexM3\ARM_GCC_541\Debug\main.o (LCD_PrintString)
.\CortexM3\ARM_GCC_541\Debug\Lab1_Thermistor.a(Thermistor_1.o)
                              .\CortexM3\ARM_GCC_541\Debug\main.o (Thermistor_1_GetTemperature)
.\CortexM3\ARM_GCC_541\Debug\Lab1_Thermistor.a(P1_6.o)
                              .\CortexM3\ARM_GCC_541\Debug\main.o (P1_6_Write)
.\CortexM3\ARM_GCC_541\Debug\Lab1_Thermistor.a(P1_7.o)
                              .\CortexM3\ARM_GCC_541\Debug\main.o (P1_7_Write)
.\CortexM3\ARM_GCC_541\Debug\Lab1_Thermistor.a(CyBootAsmGnu.o)
                              .\CortexM3\ARM_GCC_541\Debug\cyfitter_cfg.o (CyDelayCycles)
.\CortexM3\ARM_GCC_541\Debug\Lab1_Thermistor.a(CyFlash.o)
                              .\CortexM3\ARM_GCC_541\Debug\Lab1_Thermistor.a(cyPm.o) (CyFlash_SetWaitCycles)
.\CortexM3\ARM_GCC_541\Debug\Lab1_Thermistor.a(CySpc.o)
                              .\CortexM3\ARM_GCC_541\Debug\Lab1_Thermistor.a(CyFlash.o) (CySpcStart)
c:/program files (x86)/cypress/psoc creator/4.2/psoc creator/import/gnu/arm/5.4.1/bin/../lib/gcc/arm-none-eabi/5.4.1/../../../../arm-none-eabi/lib/armv7-m\libm.a(lib_a-w_log.o)
                              .\CortexM3\ARM_GCC_541\Debug\Lab1_Thermistor.a(Thermistor_1.o) (log)
c:/program files (x86)/cypress/psoc creator/4.2/psoc creator/import/gnu/arm/5.4.1/bin/../lib/gcc/arm-none-eabi/5.4.1/../../../../arm-none-eabi/lib/armv7-m\libm.a(lib_a-w_pow.o)
                              .\CortexM3\ARM_GCC_541\Debug\Lab1_Thermistor.a(Thermistor_1.o) (pow)
c:/program files (x86)/cypress/psoc creator/4.2/psoc creator/import/gnu/arm/5.4.1/bin/../lib/gcc/arm-none-eabi/5.4.1/../../../../arm-none-eabi/lib/armv7-m\libm.a(lib_a-e_log.o)
                              c:/program files (x86)/cypress/psoc creator/4.2/psoc creator/import/gnu/arm/5.4.1/bin/../lib/gcc/arm-none-eabi/5.4.1/../../../../arm-none-eabi/lib/armv7-m\libm.a(lib_a-w_log.o) (__ieee754_log)
c:/program files (x86)/cypress/psoc creator/4.2/psoc creator/import/gnu/arm/5.4.1/bin/../lib/gcc/arm-none-eabi/5.4.1/../../../../arm-none-eabi/lib/armv7-m\libm.a(lib_a-e_pow.o)
                              c:/program files (x86)/cypress/psoc creator/4.2/psoc creator/import/gnu/arm/5.4.1/bin/../lib/gcc/arm-none-eabi/5.4.1/../../../../arm-none-eabi/lib/armv7-m\libm.a(lib_a-w_pow.o) (__ieee754_pow)
c:/program files (x86)/cypress/psoc creator/4.2/psoc creator/import/gnu/arm/5.4.1/bin/../lib/gcc/arm-none-eabi/5.4.1/../../../../arm-none-eabi/lib/armv7-m\libm.a(lib_a-e_sqrt.o)
                              c:/program files (x86)/cypress/psoc creator/4.2/psoc creator/import/gnu/arm/5.4.1/bin/../lib/gcc/arm-none-eabi/5.4.1/../../../../arm-none-eabi/lib/armv7-m\libm.a(lib_a-e_pow.o) (__ieee754_sqrt)
c:/program files (x86)/cypress/psoc creator/4.2/psoc creator/import/gnu/arm/5.4.1/bin/../lib/gcc/arm-none-eabi/5.4.1/../../../../arm-none-eabi/lib/armv7-m\libm.a(lib_a-s_fabs.o)
                              c:/program files (x86)/cypress/psoc creator/4.2/psoc creator/import/gnu/arm/5.4.1/bin/../lib/gcc/arm-none-eabi/5.4.1/../../../../arm-none-eabi/lib/armv7-m\libm.a(lib_a-e_pow.o) (fabs)
c:/program files (x86)/cypress/psoc creator/4.2/psoc creator/import/gnu/arm/5.4.1/bin/../lib/gcc/arm-none-eabi/5.4.1/../../../../arm-none-eabi/lib/armv7-m\libm.a(lib_a-s_finite.o)
                              c:/program files (x86)/cypress/psoc creator/4.2/psoc creator/import/gnu/arm/5.4.1/bin/../lib/gcc/arm-none-eabi/5.4.1/../../../../arm-none-eabi/lib/armv7-m\libm.a(lib_a-w_pow.o) (finite)
c:/program files (x86)/cypress/psoc creator/4.2/psoc creator/import/gnu/arm/5.4.1/bin/../lib/gcc/arm-none-eabi/5.4.1/../../../../arm-none-eabi/lib/armv7-m\libm.a(lib_a-s_lib_ver.o)
[...]
Memory Configuration

Name             Origin             Length             Attributes
rom              0x00000000         0x00040000         xr
ram              0x1fff8000         0x00010000         xrw
*default*        0x00000000         0xffffffff

Linker script and memory map

LOAD c:/program files (x86)/cypress/psoc creator/4.2/psoc creator/import/gnu/arm/5.4.1/bin/../lib/gcc/arm-none-eabi/5.4.1/armv7-m/crti.o
LOAD c:/program files (x86)/cypress/psoc creator/4.2/psoc creator/import/gnu/arm/5.4.1/bin/../lib/gcc/arm-none-eabi/5.4.1/armv7-m/crtbegin.o
LOAD c:/program files (x86)/cypress/psoc creator/4.2/psoc creator/import/gnu/arm/5.4.1/bin/../lib/gcc/arm-none-eabi/5.4.1/../../../../arm-none-eabi/lib/armv7-m/crt0.o
START GROUP
LOAD .\CortexM3\ARM_GCC_541\Debug\main.o
LOAD .\CortexM3\ARM_GCC_541\Debug\cyfitter_cfg.o
LOAD .\CortexM3\ARM_GCC_541\Debug\cymetadata.o
LOAD .\CortexM3\ARM_GCC_541\Debug\Cm3Start.o
LOAD .\CortexM3\ARM_GCC_541\Debug\Lab1_Thermistor.a
LOAD C:\Program Files (x86)\Cypress\PSoC Creator\4.2\PSoC Creator\psoc\content\cycomponentlibrary\CyComponentLibrary.cylib\CortexM3\ARM_GCC_541\Debug\CyComponentLibrary.a
LOAD c:/program files (x86)/cypress/psoc creator/4.2/psoc creator/import/gnu/arm/5.4.1/bin/../lib/gcc/arm-none-eabi/5.4.1/../../../../arm-none-eabi/lib/armv7-m\libm.a
END GROUP
START GROUP
LOAD c:/program files (x86)/cypress/psoc creator/4.2/psoc creator/import/gnu/arm/5.4.1/bin/../lib/gcc/arm-none-eabi/5.4.1/armv7-m\libgcc.a
LOAD c:/program files (x86)/cypress/psoc creator/4.2/psoc creator/import/gnu/arm/5.4.1/bin/../lib/gcc/arm-none-eabi/5.4.1/../../../../arm-none-eabi/lib/armv7-m\libg_nano.a
LOAD c:/program files (x86)/cypress/psoc creator/4.2/psoc creator/import/gnu/arm/5.4.1/bin/../lib/gcc/arm-none-eabi/5.4.1/../../../../arm-none-eabi/lib/armv7-m\libc_nano.a
END GROUP
START GROUP
LOAD c:/program files (x86)/cypress/psoc creator/4.2/psoc creator/import/gnu/arm/5.4.1/bin/../lib/gcc/arm-none-eabi/5.4.1/armv7-m\libgcc.a
LOAD c:/program files (x86)/cypress/psoc creator/4.2/psoc creator/import/gnu/arm/5.4.1/bin/../lib/gcc/arm-none-eabi/5.4.1/../../../../arm-none-eabi/lib/armv7-m\libc_nano.a
END GROUP
LOAD c:/program files (x86)/cypress/psoc creator/4.2/psoc creator/import/gnu/arm/5.4.1/bin/../lib/gcc/arm-none-eabi/5.4.1/armv7-m/crtend.o
LOAD c:/program files (x86)/cypress/psoc creator/4.2/psoc creator/import/gnu/arm/5.4.1/bin/../lib/gcc/arm-none-eabi/5.4.1/armv7-m/crtn.o
START GROUP
LOAD c:/program files (x86)/cypress/psoc creator/4.2/psoc creator/import/gnu/arm/5.4.1/bin/../lib/gcc/arm-none-eabi/5.4.1/armv7-m\libgcc.a
LOAD c:/program files (x86)/cypress/psoc creator/4.2/psoc creator/import/gnu/arm/5.4.1/bin/../lib/gcc/arm-none-eabi/5.4.1/../../../../arm-none-eabi/lib/armv7-m\libc.a
LOAD c:/program files (x86)/cypress/psoc creator/4.2/psoc creator/import/gnu/arm/5.4.1/bin/../lib/gcc/arm-none-eabi/5.4.1/../../../../arm-none-eabi/lib/armv7-m\libnosys.a
END GROUP
                0x00000000                CY_APPL_ORIGIN = 0x0
                0x00000100                CY_FLASH_ROW_SIZE = 0x100
                0x00000020                CY_ECC_ROW_SIZE = 0x20
                0x00000000                CY_EE_IN_BTLDR = 0x0
                0x00000000                CY_APPL_LOADABLE = 0x0
                0x00000800                CY_EE_SIZE = 0x800
                0x00000001                CY_APPL_NUM = 0x1
                0x00000001                CY_APPL_MAX = 0x1
                0x00000040                CY_METADATA_SIZE = 0x40
                0x00000000                CY_APPL_LOADABLE = 0x0
                0x00000000                CY_CHECKSUM_EXCLUDE_SIZE = ALIGN (0x0, CY_FLASH_ROW_SIZE)
                [!provide]                PROVIDE (__cy_heap_start, _end)
                0x00000001                PROVIDE (__cy_region_num, ((__cy_regions_end - __cy_regions) / 0x10))
                0x20008000                PROVIDE (__cy_stack, (ORIGIN (ram) + LENGTH (ram)))
                [!provide]                PROVIDE (__cy_heap_end, (__cy_stack - 0x800))

.cybootloader   0x00000000        0x0
 *(.cybootloader)
                0x00000000                appl1_start = CY_APPL_ORIGIN?CY_APPL_ORIGIN:ALIGN (CY_FLASH_ROW_SIZE)
                0x0001ff00                appl2_start = (appl1_start + ALIGN ((((LENGTH (rom) - appl1_start) - (0x2 * CY_FLASH_ROW_SIZE)) / 0x2), CY_FLASH_ROW_SIZE))
                0x00000000                appl_start = (CY_APPL_NUM == 0x1)?appl1_start:appl2_start
                0x00000000                ecc_offset = ((appl_start / CY_FLASH_ROW_SIZE) * CY_ECC_ROW_SIZE)
                0x00000000                ee_offset = (CY_APPL_LOADABLE && ! (CY_EE_IN_BTLDR))?((CY_EE_SIZE / CY_APPL_MAX) * (CY_APPL_NUM - 0x1)):0x0
                0x00000800                ee_size = (CY_APPL_LOADABLE && ! (CY_EE_IN_BTLDR))?(CY_EE_SIZE / CY_APPL_MAX):CY_EE_SIZE
                [!provide]                PROVIDE (CY_ECC_OFFSET, ecc_offset)

.text           0x00000000     0x38ca
 CREATE_OBJECT_SYMBOLS
                0x00000000                PROVIDE (__cy_interrupt_vector, RomVectors)
 *(.romvectors)
 .romvectors    0x00000000       0x10 .\CortexM3\ARM_GCC_541\Debug\Cm3Start.o
                0x00000000                RomVectors
                0x00000001                ASSERT ((. != __cy_interrupt_vector), No interrupt vector)
                0x00000001                ASSERT (CY_APPL_ORIGIN?(SIZEOF (.cybootloader) <= CY_APPL_ORIGIN):0x1, Wrong image location)
                0x00000010                PROVIDE (__cy_reset, Reset)
 *(.text.Reset)
 .text.Reset    0x00000010       0x18 .\CortexM3\ARM_GCC_541\Debug\Cm3Start.o
                0x00000010                Reset
                0x00000001                ASSERT ((. != __cy_reset), No reset code)
 *(.dma_init)
                0x00000001                ASSERT ((((appl_start + .) <= 0x10000) || 0x1), DMA Init must be within the first 64k of flash)
 *(.text .text.* .gnu.linkonce.t.*)
 .text          0x00000028       0x5c c:/program files (x86)/cypress/psoc creator/4.2/psoc creator/import/gnu/arm/5.4.1/bin/../lib/gcc/arm-none-eabi/5.4.1/armv7-m/crtbegin.o
 .text.Main_Init
                0x00000084       0x2c .\CortexM3\ARM_GCC_541\Debug\main.o
                0x00000084                Main_Init
 .text.main     0x000000b0      0x164 .\CortexM3\ARM_GCC_541\Debug\main.o
                0x000000b0                main
 .text.CyClockStartupError
                0x00000214        0x4 .\CortexM3\ARM_GCC_541\Debug\cyfitter_cfg.o
 .text.cfg_write_bytes32
                0x00000218       0x34 .\CortexM3\ARM_GCC_541\Debug\cyfitter_cfg.o
 .text.AnalogSetDefault
                0x0000024c       0x40 .\CortexM3\ARM_GCC_541\Debug\cyfitter_cfg.o
 .text.CYMEMZERO
                0x0000028c        0xc .\CortexM3\ARM_GCC_541\Debug\cyfitter_cfg.o
 .text.CYCONFIGCPY
                0x00000298        0x8 .\CortexM3\ARM_GCC_541\Debug\cyfitter_cfg.o
 .text.ClockSetup
                0x000002a0       0xe4 .\CortexM3\ARM_GCC_541\Debug\cyfitter_cfg.o
 .text.cyfitter_cfg
                0x00000384       0xf8 .\CortexM3\ARM_GCC_541\Debug\cyfitter_cfg.o
                0x00000384                cyfitter_cfg
 .text.IntDefaultHandler
                0x0000047c       0x10 .\CortexM3\ARM_GCC_541\Debug\Cm3Start.o
                0x0000047c                IntDefaultHandler
 .text.Start_c  0x0000048c       0x4c .\CortexM3\ARM_GCC_541\Debug\Cm3Start.o
                0x0000048c                Start_c
 .text.initialize_psoc
                0x000004d8       0x68 .\CortexM3\ARM_GCC_541\Debug\Cm3Start.o
                0x000004d8                initialize_psoc
 .text.ADC_DelSig_1_GainCompensation
                0x00000540       0xe0 .\CortexM3\ARM_GCC_541\Debug\Lab1_Thermistor.a(ADC_DelSig_1.o)
 .text.ADC_DelSig_1_SetDSMRef0Reg
                0x00000620       0x4c .\CortexM3\ARM_GCC_541\Debug\Lab1_Thermistor.a(ADC_DelSig_1.o)
 .text.ADC_DelSig_1_InitConfig
                0x0000066c      0x31c .\CortexM3\ARM_GCC_541\Debug\Lab1_Thermistor.a(ADC_DelSig_1.o)
 .text.ADC_DelSig_1_Init
                0x00000988      0x108 .\CortexM3\ARM_GCC_541\Debug\Lab1_Thermistor.a(ADC_DelSig_1.o)
                0x00000988                ADC_DelSig_1_Init
 .text.ADC_DelSig_1_Enable
                0x00000a90       0xd8 .\CortexM3\ARM_GCC_541\Debug\Lab1_Thermistor.a(ADC_DelSig_1.o)
                0x00000a90                ADC_DelSig_1_Enable
 .text.ADC_DelSig_1_Start
                0x00000b68       0x28 .\CortexM3\ARM_GCC_541\Debug\Lab1_Thermistor.a(ADC_DelSig_1.o)
                0x00000b68                ADC_DelSig_1_Start
 .text.ADC_DelSig_1_StartConvert
                0x00000b90       0x10 .\CortexM3\ARM_GCC_541\Debug\Lab1_Thermistor.a(ADC_DelSig_1.o)
                0x00000b90                ADC_DelSig_1_StartConvert
 .text.ADC_DelSig_1_IsEndConversion
                0x00000ba0       0x30 .\CortexM3\ARM_GCC_541\Debug\Lab1_Thermistor.a(ADC_DelSig_1.o)
                0x00000ba0                ADC_DelSig_1_IsEndConversion
 .text.ADC_DelSig_1_GetResult16
                0x00000bd0       0x50 .\CortexM3\ARM_GCC_541\Debug\Lab1_Thermistor.a(ADC_DelSig_1.o)
                0x00000bd0                ADC_DelSig_1_GetResult16
 .text.ADC_DelSig_1_CountsTo_mVolts
                0x00000c20       0x24 .\CortexM3\ARM_GCC_541\Debug\Lab1_Thermistor.a(ADC_DelSig_1.o)
                0x00000c20                ADC_DelSig_1_CountsTo_mVolts
 .text.ADC_DelSig_1_ISR1
                0x00000c44        0x4 .\CortexM3\ARM_GCC_541\Debug\Lab1_Thermistor.a(ADC_DelSig_1_INT.o)
                0x00000c44                ADC_DelSig_1_ISR1
 .text.ADC_DelSig_1_ISR2
                0x00000c48        0x4 .\CortexM3\ARM_GCC_541\Debug\Lab1_Thermistor.a(ADC_DelSig_1_INT.o)
                0x00000c48                ADC_DelSig_1_ISR2
 .text.ADC_DelSig_1_ISR3
                0x00000c4c        0x4 .\CortexM3\ARM_GCC_541\Debug\Lab1_Thermistor.a(ADC_DelSig_1_INT.o)
                0x00000c4c                ADC_DelSig_1_ISR3
 .text.ADC_DelSig_1_ISR4
                0x00000c50        0x4 .\CortexM3\ARM_GCC_541\Debug\Lab1_Thermistor.a(ADC_DelSig_1_INT.o)
                0x00000c50                ADC_DelSig_1_ISR4
 .text.ADC_DelSig_1_Ext_CP_Clk_GetDividerRegister
                0x00000c54        0xc .\CortexM3\ARM_GCC_541\Debug\Lab1_Thermistor.a(ADC_DelSig_1_Ext_CP_Clk.o)
                0x00000c54                ADC_DelSig_1_Ext_CP_Clk_GetDividerRegister
 .text.ADC_DelSig_1_Ext_CP_Clk_SetModeRegister
                0x00000c60       0x14 .\CortexM3\ARM_GCC_541\Debug\Lab1_Thermistor.a(ADC_DelSig_1_Ext_CP_Clk.o)
                0x00000c60                ADC_DelSig_1_Ext_CP_Clk_SetModeRegister
 .text.ADC_DelSig_1_Ext_CP_Clk_GetSourceRegister
                0x00000c74       0x10 .\CortexM3\ARM_GCC_541\Debug\Lab1_Thermistor.a(ADC_DelSig_1_Ext_CP_Clk.o)
                0x00000c74                ADC_DelSig_1_Ext_CP_Clk_GetSourceRegister
 .text.ADC_DelSig_1_Ext_CP_Clk_SetDividerRegister
                0x00000c84       0xd8 .\CortexM3\ARM_GCC_541\Debug\Lab1_Thermistor.a(ADC_DelSig_1_Ext_CP_Clk.o)
                0x00000c84                ADC_DelSig_1_Ext_CP_Clk_SetDividerRegister
 .text.ADC_DelSig_1_theACLK_GetDividerRegister
                0x00000d5c        0xc .\CortexM3\ARM_GCC_541\Debug\Lab1_Thermistor.a(ADC_DelSig_1_theACLK.o)
                0x00000d5c                ADC_DelSig_1_theACLK_GetDividerRegister
 .text.ADC_DelSig_1_theACLK_SetModeRegister
                0x00000d68       0x14 .\CortexM3\ARM_GCC_541\Debug\Lab1_Thermistor.a(ADC_DelSig_1_theACLK.o)
                0x00000d68                ADC_DelSig_1_theACLK_SetModeRegister
 .text.ADC_DelSig_1_theACLK_GetSourceRegister
                0x00000d7c       0x10 .\CortexM3\ARM_GCC_541\Debug\Lab1_Thermistor.a(ADC_DelSig_1_theACLK.o)
                0x00000d7c                ADC_DelSig_1_theACLK_GetSourceRegister
 .text.ADC_DelSig_1_theACLK_SetDividerRegister
                0x00000d8c       0xd8 .\CortexM3\ARM_GCC_541\Debug\Lab1_Thermistor.a(ADC_DelSig_1_theACLK.o)
                0x00000d8c                ADC_DelSig_1_theACLK_SetDividerRegister
 .text.CyHalt   0x00000e64        0x4 .\CortexM3\ARM_GCC_541\Debug\Lab1_Thermistor.a(CyLib.o)
                0x00000e64                CyHalt
 .text.CyDelay  0x00000e68       0x2c .\CortexM3\ARM_GCC_541\Debug\Lab1_Thermistor.a(CyLib.o)
                0x00000e68                CyDelay
 .text.CyDelayUs
                0x00000e94       0x14 .\CortexM3\ARM_GCC_541\Debug\Lab1_Thermistor.a(CyLib.o)
                0x00000e94                CyDelayUs
 .text.CyIntSetVector
                0x00000ea8       0x28 .\CortexM3\ARM_GCC_541\Debug\Lab1_Thermistor.a(CyLib.o)
                0x00000ea8                CyIntSetVector
 .text.CyIntSetPriority
                0x00000ed0       0x30 .\CortexM3\ARM_GCC_541\Debug\Lab1_Thermistor.a(CyLib.o)
                0x00000ed0                CyIntSetPriority
 .text.LCD_WrCntrlNib
                0x00000f00       0x34 .\CortexM3\ARM_GCC_541\Debug\Lab1_Thermistor.a(LCD.o)
 .text.LCD_WrDatNib
                0x00000f34       0x44 .\CortexM3\ARM_GCC_541\Debug\Lab1_Thermistor.a(LCD.o)
 .text.LCD_IsReady
                0x00000f78       0xe4 .\CortexM3\ARM_GCC_541\Debug\Lab1_Thermistor.a(LCD.o)
                0x00000f78                LCD_IsReady
 .text.LCD_WriteData
                0x0000105c       0x18 .\CortexM3\ARM_GCC_541\Debug\Lab1_Thermistor.a(LCD.o)
                0x0000105c                LCD_WriteData
 .text.LCD_PrintString
                0x00001074       0x1c .\CortexM3\ARM_GCC_541\Debug\Lab1_Thermistor.a(LCD.o)
                0x00001074                LCD_PrintString
 .text.LCD_WriteControl
                0x00001090       0x18 .\CortexM3\ARM_GCC_541\Debug\Lab1_Thermistor.a(LCD.o)
                0x00001090                LCD_WriteControl
 .text.LCD_Init
                0x000010a8       0x6c .\CortexM3\ARM_GCC_541\Debug\Lab1_Thermistor.a(LCD.o)
                0x000010a8                LCD_Init
 .text.LCD_Enable
                0x00001114       0x14 .\CortexM3\ARM_GCC_541\Debug\Lab1_Thermistor.a(LCD.o)
                0x00001114                LCD_Enable
 .text.LCD_Start
                0x00001128       0x1c .\CortexM3\ARM_GCC_541\Debug\Lab1_Thermistor.a(LCD.o)
                0x00001128                LCD_Start
 .text.LCD_Position
                0x00001144       0x3c .\CortexM3\ARM_GCC_541\Debug\Lab1_Thermistor.a(LCD.o)
                0x00001144                LCD_Position
 .text.LCD_PrintU32Number
                0x00001180       0x64 .\CortexM3\ARM_GCC_541\Debug\Lab1_Thermistor.a(LCD.o)
                0x00001180                LCD_PrintU32Number
 *fill*         0x000011e4        0x4 
 .text.Thermistor_1_GetTemperature
                0x000011e8       0xc0 .\CortexM3\ARM_GCC_541\Debug\Lab1_Thermistor.a(Thermistor_1.o)
                0x000011e8                Thermistor_1_GetTemperature
 .text.P1_6_Write
                0x000012a8       0x18 .\CortexM3\ARM_GCC_541\Debug\Lab1_Thermistor.a(P1_6.o)
                0x000012a8                P1_6_Write
 .text.P1_7_Write
                0x000012c0       0x18 .\CortexM3\ARM_GCC_541\Debug\Lab1_Thermistor.a(P1_7.o)
                0x000012c0                P1_7_Write
 .text          0x000012d8       0x20 .\CortexM3\ARM_GCC_541\Debug\Lab1_Thermistor.a(CyBootAsmGnu.o)
                0x000012d8                CyDelayCycles
                0x000012e8                CyEnterCriticalSection
                0x000012f0                CyExitCriticalSection
 .text.log      0x000012f8      0x100 c:/program files (x86)/cypress/psoc creator/4.2/psoc creator/import/gnu/arm/5.4.1/bin/../lib/gcc/arm-none-eabi/5.4.1/../../../../arm-none-eabi/lib/armv7-m\libm.a(lib_a-w_log.o)
                0x000012f8                log
 .text.pow      0x000013f8      0x330 c:/program files (x86)/cypress/psoc creator/4.2/psoc creator/import/gnu/arm/5.4.1/bin/../lib/gcc/arm-none-eabi/5.4.1/../../../../arm-none-eabi/lib/armv7-m\libm.a(lib_a-w_pow.o)
                0x000013f8                pow
 .text.__ieee754_log
                0x00001728      0x3e8 c:/program files (x86)/cypress/psoc creator/4.2/psoc creator/import/gnu/arm/5.4.1/bin/../lib/gcc/arm-none-eabi/5.4.1/../../../../arm-none-eabi/lib/armv7-m\libm.a(lib_a-e_log.o)
                0x00001728                __ieee754_log
 .text.__ieee754_pow
                0x00001b10      0xac4 c:/program files (x86)/cypress/psoc creator/4.2/psoc creator/import/gnu/arm/5.4.1/bin/../lib/gcc/arm-none-eabi/5.4.1/../../../../arm-none-eabi/lib/armv7-m\libm.a(lib_a-e_pow.o)
                0x00001b10                __ieee754_pow
 .text.__ieee754_sqrt
                0x000025d4      0x188 c:/program files (x86)/cypress/psoc creator/4.2/psoc creator/import/gnu/arm/5.4.1/bin/../lib/gcc/arm-none-eabi/5.4.1/../../../../arm-none-eabi/lib/armv7-m\libm.a(lib_a-e_sqrt.o)
                0x000025d4                __ieee754_sqrt
 .text.fabs     0x0000275c        0x8 c:/program files (x86)/cypress/psoc creator/4.2/psoc creator/import/gnu/arm/5.4.1/bin/../lib/gcc/arm-none-eabi/5.4.1/../../../../arm-none-eabi/lib/armv7-m\libm.a(lib_a-s_fabs.o)
                0x0000275c                fabs
 .text.finite   0x00002764        0xc c:/program files (x86)/cypress/psoc creator/4.2/psoc creator/import/gnu/arm/5.4.1/bin/../lib/gcc/arm-none-eabi/5.4.1/../../../../arm-none-eabi/lib/armv7-m\libm.a(lib_a-s_finite.o)
                0x00002764                finite
 .text.matherr  0x00002770        0x4 c:/program files (x86)/cypress/psoc creator/4.2/psoc creator/import/gnu/arm/5.4.1/bin/../lib/gcc/arm-none-eabi/5.4.1/../../../../arm-none-eabi/lib/armv7-m\libm.a(lib_a-s_matherr.o)
                0x00002770                matherr
 .text.nan      0x00002774        0xc c:/program files (x86)/cypress/psoc creator/4.2/psoc creator/import/gnu/arm/5.4.1/bin/../lib/gcc/arm-none-eabi/5.4.1/../../../../arm-none-eabi/lib/armv7-m\libm.a(lib_a-s_nan.o)
                0x00002774                nan
 .text.rint     0x00002780      0x120 c:/program files (x86)/cypress/psoc creator/4.2/psoc creator/import/gnu/arm/5.4.1/bin/../lib/gcc/arm-none-eabi/5.4.1/../../../../arm-none-eabi/lib/armv7-m\libm.a(lib_a-s_rint.o)
                0x00002780                rint
 .text.scalbn   0x000028a0       0xe4 c:/program files (x86)/cypress/psoc creator/4.2/psoc creator/import/gnu/arm/5.4.1/bin/../lib/gcc/arm-none-eabi/5.4.1/../../../../arm-none-eabi/lib/armv7-m\libm.a(lib_a-s_scalbn.o)
                0x000028a0                scalbn
 .text.copysign
                0x00002984       0x10 c:/program files (x86)/cypress/psoc creator/4.2/psoc creator/import/gnu/arm/5.4.1/bin/../lib/gcc/arm-none-eabi/5.4.1/../../../../arm-none-eabi/lib/armv7-m\libm.a(lib_a-s_copysign.o)
                0x00002984                copysign
 .text          0x00002994      0x370 c:/program files (x86)/cypress/psoc creator/4.2/psoc creator/import/gnu/arm/5.4.1/bin/../lib/gcc/arm-none-eabi/5.4.1/armv7-m\libgcc.a(_arm_addsubdf3.o)
                0x00002994                __aeabi_drsub
                0x0000299c                __aeabi_dsub
                0x0000299c                __subdf3
                0x000029a0                __aeabi_dadd
                0x000029a0                __adddf3
                0x00002c18                __floatunsidf
                0x00002c18                __aeabi_ui2d
                0x00002c38                __floatsidf
                0x00002c38                __aeabi_i2d
                0x00002c5c                __aeabi_f2d
                0x00002c5c                __extendsfdf2
                0x00002c98                __floatundidf
                0x00002c98                __aeabi_ul2d
                0x00002ca8                __floatdidf
                0x00002ca8                __aeabi_l2d
 .text          0x00002d04      0x424 c:/program files (x86)/cypress/psoc creator/4.2/psoc creator/import/gnu/arm/5.4.1/bin/../lib/gcc/arm-none-eabi/5.4.1/armv7-m\libgcc.a(_arm_muldivdf3.o)
                0x00002d04                __aeabi_dmul
                0x00002d04                __muldf3
                0x00002f58                __divdf3
                0x00002f58                __aeabi_ddiv
 .text          0x00003128      0x110 c:/program files (x86)/cypress/psoc creator/4.2/psoc creator/import/gnu/arm/5.4.1/bin/../lib/gcc/arm-none-eabi/5.4.1/armv7-m\libgcc.a(_arm_cmpdf2.o)
                0x00003128                __gtdf2
                0x00003128                __gedf2
                0x00003130                __ltdf2
                0x00003130                __ledf2
                0x00003138                __nedf2
                0x00003138                __eqdf2
                0x00003138                __cmpdf2
                0x000031b4                __aeabi_cdrcmple
                0x000031c4                __aeabi_cdcmpeq
                0x000031c4                __aeabi_cdcmple
                0x000031d4                __aeabi_dcmpeq
                0x000031e8                __aeabi_dcmplt
                0x000031fc                __aeabi_dcmple
                0x00003210                __aeabi_dcmpge
                0x00003224                __aeabi_dcmpgt
 .text          0x00003238       0x2c c:/program files (x86)/cypress/psoc creator/4.2/psoc creator/import/gnu/arm/5.4.1/bin/../lib/gcc/arm-none-eabi/5.4.1/armv7-m\libgcc.a(_arm_unorddf2.o)
                0x00003238                __unorddf2
                0x00003238                __aeabi_dcmpun
 .text          0x00003264       0xa0 c:/program files (x86)/cypress/psoc creator/4.2/psoc creator/import/gnu/arm/5.4.1/bin/../lib/gcc/arm-none-eabi/5.4.1/armv7-m\libgcc.a(_arm_truncdfsf2.o)
                0x00003264                __truncdfsf2
                0x00003264                __aeabi_d2f
 .text          0x00003304      0x21c c:/program files (x86)/cypress/psoc creator/4.2/psoc creator/import/gnu/arm/5.4.1/bin/../lib/gcc/arm-none-eabi/5.4.1/armv7-m\libgcc.a(_arm_addsubsf3.o)
                0x00003304                __aeabi_frsub
                0x0000330c                __subsf3
                0x0000330c                __aeabi_fsub
                0x00003310                __aeabi_fadd
                0x00003310                __addsf3
                0x00003470                __aeabi_ui2f
                0x00003470                __floatunsisf
                0x00003478                __aeabi_i2f
                0x00003478                __floatsisf
                0x00003494                __aeabi_ul2f
                0x00003494                __floatundisf
                0x000034a4                __aeabi_l2f
                0x000034a4                __floatdisf
 .text          0x00003520      0x2a0 c:/program files (x86)/cypress/psoc creator/4.2/psoc creator/import/gnu/arm/5.4.1/bin/../lib/gcc/arm-none-eabi/5.4.1/armv7-m\libgcc.a(_arm_muldivsf3.o)
                0x00003520                __mulsf3
                0x00003520                __aeabi_fmul
                0x00003688                __aeabi_fdiv
                0x00003688                __divsf3
 .text          0x000037c0       0x4c c:/program files (x86)/cypress/psoc creator/4.2/psoc creator/import/gnu/arm/5.4.1/bin/../lib/gcc/arm-none-eabi/5.4.1/armv7-m\libgcc.a(_arm_fixsfsi.o)
                0x000037c0                __aeabi_f2iz
                0x000037c0                __fixsfsi
 .text          0x0000380c       0x40 c:/program files (x86)/cypress/psoc creator/4.2/psoc creator/import/gnu/arm/5.4.1/bin/../lib/gcc/arm-none-eabi/5.4.1/armv7-m\libgcc.a(_arm_fixunssfsi.o)
                0x0000380c                __fixunssfsi
                0x0000380c                __aeabi_f2uiz
 .text.__errno  0x0000384c        0xc c:/program files (x86)/cypress/psoc creator/4.2/psoc creator/import/gnu/arm/5.4.1/bin/../lib/gcc/arm-none-eabi/5.4.1/../../../../arm-none-eabi/lib/armv7-m\libg_nano.a(lib_a-errno.o)
                0x0000384c                __errno
 .text.__libc_init_array
                0x00003858       0x4c c:/program files (x86)/cypress/psoc creator/4.2/psoc creator/import/gnu/arm/5.4.1/bin/../lib/gcc/arm-none-eabi/5.4.1/../../../../arm-none-eabi/lib/armv7-m\libg_nano.a(lib_a-init.o)
                0x00003858                __libc_init_array
 .text.memcpy   0x000038a4       0x16 c:/program files (x86)/cypress/psoc creator/4.2/psoc creator/import/gnu/arm/5.4.1/bin/../lib/gcc/arm-none-eabi/5.4.1/../../../../arm-none-eabi/lib/armv7-m\libg_nano.a(lib_a-memcpy-stub.o)
                0x000038a4                memcpy
 .text.memset   0x000038ba       0x10 c:/program files (x86)/cypress/psoc creator/4.2/psoc creator/import/gnu/arm/5.4.1/bin/../lib/gcc/arm-none-eabi/5.4.1/../../../../arm-none-eabi/lib/armv7-m\libg_nano.a(lib_a-memset.o)
                0x000038ba                memset
 *(.plt)
 *(.gnu.warning)
 *(.glue_7t)
 .glue_7t       0x000038ca        0x0 linker stubs
 *(.glue_7)
 .glue_7        0x000038ca        0x0 linker stubs
 *(.vfp11_veneer)
 .vfp11_veneer  0x000038ca        0x0 linker stubs
 *(.bootloader)
 *(.ARM.extab* .gnu.linkonce.armextab.*)
 *(.gcc_except_table)

.v4_bx          0x000038cc        0x0
 .v4_bx         0x000038cc        0x0 linker stubs

.iplt           0x000038cc        0x0
 .iplt          0x000038cc        0x0 c:/program files (x86)/cypress/psoc creator/4.2/psoc creator/import/gnu/arm/5.4.1/bin/../lib/gcc/arm-none-eabi/5.4.1/armv7-m/crtbegin.o

.eh_frame_hdr
 *(.eh_frame_hdr)

.eh_frame       0x000038cc        0x4
 *(.eh_frame)
 .eh_frame      0x000038cc        0x0 c:/program files (x86)/cypress/psoc creator/4.2/psoc creator/import/gnu/arm/5.4.1/bin/../lib/gcc/arm-none-eabi/5.4.1/armv7-m/crtbegin.o
 .eh_frame      0x000038cc        0x4 c:/program files (x86)/cypress/psoc creator/4.2/psoc creator/import/gnu/arm/5.4.1/bin/../lib/gcc/arm-none-eabi/5.4.1/armv7-m/crtend.o
                [!provide]                PROVIDE (__exidx_start, .)

.ARM.exidx
 *(.ARM.exidx* .gnu.linkonce.armexidx.*)
                0x000038d0                __exidx_end = .

.rodata         0x000038d0       0xb8
 *(.rodata .rodata.* .gnu.linkonce.r.*)
 .rodata.str1.4
                0x000038d0       0x22 .\CortexM3\ARM_GCC_541\Debug\main.o
 *fill*         0x000038f2        0x2 
 .rodata        0x000038f4       0x3c .\CortexM3\ARM_GCC_541\Debug\cyfitter_cfg.o
 .rodata.str1.4
                0x00003930        0x5 c:/program files (x86)/cypress/psoc creator/4.2/psoc creator/import/gnu/arm/5.4.1/bin/../lib/gcc/arm-none-eabi/5.4.1/../../../../arm-none-eabi/lib/armv7-m\libm.a(lib_a-w_log.o)
 *fill*         0x00003935        0x3 
 .rodata.str1.4
                0x00003938        0x4 c:/program files (x86)/cypress/psoc creator/4.2/psoc creator/import/gnu/arm/5.4.1/bin/../lib/gcc/arm-none-eabi/5.4.1/../../../../arm-none-eabi/lib/armv7-m\libm.a(lib_a-w_pow.o)
 .rodata.str1.4
                0x0000393c        0x1 c:/program files (x86)/cypress/psoc creator/4.2/psoc creator/import/gnu/arm/5.4.1/bin/../lib/gcc/arm-none-eabi/5.4.1/../../../../arm-none-eabi/lib/armv7-m\libm.a(lib_a-e_pow.o)
 *fill*         0x0000393c        0x4 
 .rodata.TWO52  0x00003940       0x10 c:/program files (x86)/cypress/psoc creator/4.2/psoc creator/import/gnu/arm/5.4.1/bin/../lib/gcc/arm-none-eabi/5.4.1/../../../../arm-none-eabi/lib/armv7-m\libm.a(lib_a-s_rint.o)
 .rodata.str1.1
                0x00003950        0x2 c:/program files (x86)/cypress/psoc creator/4.2/psoc creator/import/gnu/arm/5.4.1/bin/../lib/gcc/arm-none-eabi/5.4.1/../../../../arm-none-eabi/lib/armv7-m\libg_nano.a(lib_a-impure.o)
                0x00003954                . = ALIGN (0x4)
 *fill*         0x00003952        0x2 
 *(.init)
 .init          0x00003954        0x4 c:/program files (x86)/cypress/psoc creator/4.2/psoc creator/import/gnu/arm/5.4.1/bin/../lib/gcc/arm-none-eabi/5.4.1/armv7-m/crti.o
                0x00003954                _init
 .init          0x00003958        0x8 c:/program files (x86)/cypress/psoc creator/4.2/psoc creator/import/gnu/arm/5.4.1/bin/../lib/gcc/arm-none-eabi/5.4.1/armv7-m/crtn.o
                0x00003960                . = ALIGN (0x4)
                0x00003960                __preinit_array_start = .
 *(.preinit_array)
                0x00003960                __preinit_array_end = .
                0x00003960                . = ALIGN (0x4)
                0x00003960                __init_array_start = .
 *(SORT(.init_array.*))
 *(.init_array)
 .init_array    0x00003960        0x4 c:/program files (x86)/cypress/psoc creator/4.2/psoc creator/import/gnu/arm/5.4.1/bin/../lib/gcc/arm-none-eabi/5.4.1/armv7-m/crtbegin.o
 .init_array    0x00003964        0x4 .\CortexM3\ARM_GCC_541\Debug\Cm3Start.o
                0x00003968                __init_array_end = .
                0x00003968                . = ALIGN (0x4)
 *(.fini)
 .fini          0x00003968        0x4 c:/program files (x86)/cypress/psoc creator/4.2/psoc creator/import/gnu/arm/5.4.1/bin/../lib/gcc/arm-none-eabi/5.4.1/armv7-m/crti.o
                0x00003968                _fini
 .fini          0x0000396c        0x8 c:/program files (x86)/cypress/psoc creator/4.2/psoc creator/import/gnu/arm/5.4.1/bin/../lib/gcc/arm-none-eabi/5.4.1/armv7-m/crtn.o
                0x00003974                . = ALIGN (0x4)
                0x00003974                __fini_array_start = .
 *(.fini_array)
 .fini_array    0x00003974        0x4 c:/program files (x86)/cypress/psoc creator/4.2/psoc creator/import/gnu/arm/5.4.1/bin/../lib/gcc/arm-none-eabi/5.4.1/armv7-m/crtbegin.o
 *(SORT(.fini_array.*))
                0x00003978                __fini_array_end = .
                0x00003978                . = ALIGN (0x4)
 *crtbegin.o(.ctors)
 *(EXCLUDE_FILE(*crtend.o) .ctors)
 *(SORT(.ctors.*))
 *crtend.o(.ctors)
                0x00003978                . = ALIGN (0x4)
 *crtbegin.o(.dtors)
 *(EXCLUDE_FILE(*crtend.o) .dtors)
 *(SORT(.dtors.*))
 *crtend.o(.dtors)
                0x00003978                . = ALIGN (0x4)
                0x00003978                __cy_regions = .
                0x00003978        0x4 LONG 0x3988 __cy_region_init_ram
                0x0000397c        0x4 LONG 0x1fff80c8 __cy_region_start_data
                0x00003980        0x4 LONG 0x80 __cy_region_init_size_ram
                0x00003984        0x4 LONG 0x68 __cy_region_zero_size_ram
                0x00003988                __cy_regions_end = .
                0x00003988                . = ALIGN (0x8)
                0x00003988                _etext = .

.cy_checksum_exclude
                0x00003988        0x0
 *(.cy_checksum_exclude)

.ramvectors     0x1fff8000       0xc0
                0x1fff8000                __cy_region_start_ram = .
 *(.ramvectors)
 .ramvectors    0x1fff8000       0xc0 .\CortexM3\ARM_GCC_541\Debug\Cm3Start.o
                0x1fff8000                CyRamVectors

.noinit         0x1fff80c0        0x1
 *(.noinit)
 .noinit        0x1fff80c0        0x1 .\CortexM3\ARM_GCC_541\Debug\Lab1_Thermistor.a(CyLib.o)
                0x1fff80c0                CyResetStatus

.data           0x1fff80c8       0x80 load address 0x00003988
                0x1fff80c8                __cy_region_start_data = .
 *(.jcr)
 .jcr           0x1fff80c8        0x0 c:/program files (x86)/cypress/psoc creator/4.2/psoc creator/import/gnu/arm/5.4.1/bin/../lib/gcc/arm-none-eabi/5.4.1/armv7-m/crtbegin.o
 .jcr           0x1fff80c8        0x4 c:/program files (x86)/cypress/psoc creator/4.2/psoc creator/import/gnu/arm/5.4.1/bin/../lib/gcc/arm-none-eabi/5.4.1/armv7-m/crtend.o
 *(.got.plt)
 *(.got)
 *(.shdata)
 *(.data .data.* .gnu.linkonce.d.*)
 .data          0x1fff80cc        0x1 .\CortexM3\ARM_GCC_541\Debug\Lab1_Thermistor.a(ADC_DelSig_1.o)
                0x1fff80cc                ADC_DelSig_1_Config
 *fill*         0x1fff80cd        0x3 
 .data          0x1fff80d0       0x10 .\CortexM3\ARM_GCC_541\Debug\Lab1_Thermistor.a(CyLib.o)
                0x1fff80d0                cydelay_32k_ms
                0x1fff80d4                cydelay_freq_khz
                0x1fff80d8                cydelay_freq_mhz
                0x1fff80dc                cydelay_freq_hz
 .data.__fdlib_version
                0x1fff80e0        0x1 c:/program files (x86)/cypress/psoc creator/4.2/psoc creator/import/gnu/arm/5.4.1/bin/../lib/gcc/arm-none-eabi/5.4.1/../../../../arm-none-eabi/lib/armv7-m\libm.a(lib_a-s_lib_ver.o)
                0x1fff80e0                __fdlib_version
 *fill*         0x1fff80e1        0x3 
 .data.impure_data
                0x1fff80e4       0x60 c:/program files (x86)/cypress/psoc creator/4.2/psoc creator/import/gnu/arm/5.4.1/bin/../lib/gcc/arm-none-eabi/5.4.1/../../../../arm-none-eabi/lib/armv7-m\libg_nano.a(lib_a-impure.o)
 .data._impure_ptr
                0x1fff8144        0x4 c:/program files (x86)/cypress/psoc creator/4.2/psoc creator/import/gnu/arm/5.4.1/bin/../lib/gcc/arm-none-eabi/5.4.1/../../../../arm-none-eabi/lib/armv7-m\libg_nano.a(lib_a-impure.o)
                0x1fff8144                _impure_ptr
                0x1fff8148                . = ALIGN (0x8)
 *(.ram)
                0x1fff8148                _edata = .

.igot.plt       0x1fff8148        0x0 load address 0x00003a08
 .igot.plt      0x1fff8148        0x0 c:/program files (x86)/cypress/psoc creator/4.2/psoc creator/import/gnu/arm/5.4.1/bin/../lib/gcc/arm-none-eabi/5.4.1/armv7-m/crtbegin.o

.bss            0x1fff8148       0x68 load address 0x00003a08
                0x1fff8148                PROVIDE (__bss_start__, .)
 *(.shbss)
 *(.bss .bss.* .gnu.linkonce.b.*)
 .bss           0x1fff8148       0x1c c:/program files (x86)/cypress/psoc creator/4.2/psoc creator/import/gnu/arm/5.4.1/bin/../lib/gcc/arm-none-eabi/5.4.1/armv7-m/crtbegin.o
 .bss           0x1fff8164       0x18 .\CortexM3\ARM_GCC_541\Debug\Lab1_Thermistor.a(ADC_DelSig_1.o)
                0x1fff8174                ADC_DelSig_1_stopConversion
                0x1fff8175                ADC_DelSig_1_convDone
                0x1fff8176                ADC_DelSig_1_initVar
                0x1fff8177                ADC_DelSig_1_started
                0x1fff8178                ADC_DelSig_1_Offset
 .bss           0x1fff817c        0x2 .\CortexM3\ARM_GCC_541\Debug\Lab1_Thermistor.a(LCD.o)
                0x1fff817c                LCD_enableState
                0x1fff817d                LCD_initVar
 *(COMMON)
 *fill*         0x1fff817e        0x2 
 COMMON         0x1fff8180       0x28 .\CortexM3\ARM_GCC_541\Debug\main.o
                0x1fff8180                xyz
                0x1fff8184                R1_mV_f
                0x1fff8188                Rt_mV_f
                0x1fff818c                Rt_val
                0x1fff8190                temperature
                0x1fff8194                Current
                0x1fff8198                R1_mV
                0x1fff819a                count
                0x1fff819c                Rt_mV
                0x1fff81a0                Rt_val2
                0x1fff81a4                Rt_Raw
                0x1fff81a6                R1_Raw
 COMMON         0x1fff81a8        0x4 .\CortexM3\ARM_GCC_541\Debug\Lab1_Thermistor.a(ADC_DelSig_1.o)
                0x1fff81a8                ADC_DelSig_1_CountsPerVolt
                0x1fff81b0                . = ALIGN (0x8)
 *fill*         0x1fff81ac        0x4 
 *(.ram.b)
                0x1fff81b0                _end = .
                0x1fff81b0                __end = .
                0x1fff81b0                PROVIDE (end, .)
                0x1fff81b0                PROVIDE (__bss_end__, .)
                0x00003988                __cy_region_init_ram = LOADADDR (.data)
                0x00000080                __cy_region_init_size_ram = (_edata - ADDR (.data))
                0x00000068                __cy_region_zero_size_ram = (_end - _edata)

.heap           0x1fff81b0       0x80 load address 0x00003a08
                0x1fff81b0                . = _end
                0x1fff8230                . = (. + 0x80)
 *fill*         0x1fff81b0       0x80 
                0x1fff8230                __cy_heap_limit = .

.stack          0x20007800      0x800
                0x20007800                __cy_stack_limit = .
                0x20008000                . = (. + 0x800)
 *fill*         0x20007800      0x800 
                0x00000001                ASSERT ((__cy_stack_limit >= __cy_heap_limit), region RAM overflowed with stack)
                0x00000000                cy_checksum_exclude_size = (CY_APPL_LOADABLE == 0x1)?SIZEOF (.cy_checksum_exclude):0x0
                0x00000001                ASSERT ((cy_checksum_exclude_size <= CY_CHECKSUM_EXCLUDE_SIZE), CY_BOOT: Section .cy_checksum_exclude size exceedes specified limit.)

.cyloadermeta
 *(.cyloadermeta)

.cyloadablemeta
 *(.cyloadablemeta)

.cyconfigecc    0x80000000       0x80
 *(.cyconfigecc)
 .cyconfigecc   0x80000000       0x80 .\CortexM3\ARM_GCC_541\Debug\cymetadata.o
                0x80000000                cy_meta_configecc

.cycustnvl      0x90000000        0x4
 *(.cycustnvl)
 .cycustnvl     0x90000000        0x4 .\CortexM3\ARM_GCC_541\Debug\cymetadata.o
                0x90000000                cy_meta_custnvl

.cywolatch      0x90100000        0x4
 *(.cywolatch)
 .cywolatch     0x90100000        0x4 .\CortexM3\ARM_GCC_541\Debug\cymetadata.o
                0x90100000                cy_meta_wonvl

.cyeeprom       0x90200000        0x0
 *(.cyeeprom)
                0x00000001                ASSERT ((. <= ((0x90200000 + ee_offset) + ee_size)), .cyeeprom data will not fit in EEPROM)

.cyflashprotect
                0x90400000      0x100
 *(.cyflashprotect)
 .cyflashprotect
                0x90400000      0x100 .\CortexM3\ARM_GCC_541\Debug\cymetadata.o
                0x90400000                cy_meta_flashprotect

.cymeta         0x90500000        0xc
 *(.cymeta)
 .cymeta        0x90500000        0xc .\CortexM3\ARM_GCC_541\Debug\cymetadata.o
                0x90500000                cy_metadata

.rel.dyn        0x00003a08        0x0 load address 0x9050000c
 .rel.iplt      0x00003a08        0x0 c:/program files (x86)/cypress/psoc creator/4.2/psoc creator/import/gnu/arm/5.4.1/bin/../lib/gcc/arm-none-eabi/5.4.1/armv7-m/crtbegin.o

.stab
 *(.stab)

.stabstr
 *(.stabstr)

.debug
 *(.debug)

.line
 *(.line)

.debug_srcinfo
 *(.debug_srcinfo)

.debug_sfnames
 *(.debug_sfnames)

.debug_aranges  0x00000000      0x880
 *(.debug_aranges)
 .debug_aranges
                0x00000000       0x28 .\CortexM3\ARM_GCC_541\Debug\main.o
 .debug_aranges
                0x00000028       0x58 .\CortexM3\ARM_GCC_541\Debug\cyfitter_cfg.o
 .debug_aranges
                0x00000080       0x18 .\CortexM3\ARM_GCC_541\Debug\cymetadata.o
 .debug_aranges
                0x00000098       0x48 .\CortexM3\ARM_GCC_541\Debug\Cm3Start.o
 .debug_aranges
                0x000000e0       0xe8 .\CortexM3\ARM_GCC_541\Debug\Lab1_Thermistor.a(ADC_DelSig_1.o)
 .debug_aranges
                0x000001c8       0x38 .\CortexM3\ARM_GCC_541\Debug\Lab1_Thermistor.a(ADC_DelSig_1_INT.o)
 .debug_aranges
                0x00000200       0x70 .\CortexM3\ARM_GCC_541\Debug\Lab1_Thermistor.a(ADC_DelSig_1_Ext_CP_Clk.o)
 .debug_aranges
                0x00000270       0x80 .\CortexM3\ARM_GCC_541\Debug\Lab1_Thermistor.a(ADC_DelSig_1_theACLK.o)
 .debug_aranges
                0x000002f0      0x2a0 .\CortexM3\ARM_GCC_541\Debug\Lab1_Thermistor.a(CyLib.o)
 .debug_aranges
                0x00000590       0x98 .\CortexM3\ARM_GCC_541\Debug\Lab1_Thermistor.a(cyPm.o)
 .debug_aranges
                0x00000628       0x98 .\CortexM3\ARM_GCC_541\Debug\Lab1_Thermistor.a(LCD.o)
 .debug_aranges
                0x000006c0       0x28 .\CortexM3\ARM_GCC_541\Debug\Lab1_Thermistor.a(Thermistor_1.o)
 .debug_aranges
                0x000006e8       0x38 .\CortexM3\ARM_GCC_541\Debug\Lab1_Thermistor.a(P1_6.o)
 .debug_aranges
                0x00000720       0x38 .\CortexM3\ARM_GCC_541\Debug\Lab1_Thermistor.a(P1_7.o)
 .debug_aranges
                0x00000758       0x20 .\CortexM3\ARM_GCC_541\Debug\Lab1_Thermistor.a(CyBootAsmGnu.o)
 .debug_aranges
                0x00000778       0x88 .\CortexM3\ARM_GCC_541\Debug\Lab1_Thermistor.a(CyFlash.o)
 .debug_aranges
                0x00000800       0x80 .\CortexM3\ARM_GCC_541\Debug\Lab1_Thermistor.a(CySpc.o)

.debug_pubnames
 *(.debug_pubnames)

.debug_info     0x00000000     0x54f3
 *(.debug_info .gnu.linkonce.wi.*)
 .debug_info    0x00000000      0x4a0 .\CortexM3\ARM_GCC_541\Debug\main.o
 .debug_info    0x000004a0      0x4ee .\CortexM3\ARM_GCC_541\Debug\cyfitter_cfg.o
 .debug_info    0x0000098e      0x134 .\CortexM3\ARM_GCC_541\Debug\cymetadata.o
 .debug_info    0x00000ac2      0x3bb .\CortexM3\ARM_GCC_541\Debug\Cm3Start.o
 .debug_info    0x00000e7d      0xb92 .\CortexM3\ARM_GCC_541\Debug\Lab1_Thermistor.a(ADC_DelSig_1.o)
 .debug_info    0x00001a0f       0xd3 .\CortexM3\ARM_GCC_541\Debug\Lab1_Thermistor.a(ADC_DelSig_1_INT.o)
 .debug_info    0x00001ae2      0x283 .\CortexM3\ARM_GCC_541\Debug\Lab1_Thermistor.a(ADC_DelSig_1_Ext_CP_Clk.o)
 .debug_info    0x00001d65      0x2c4 .\CortexM3\ARM_GCC_541\Debug\Lab1_Thermistor.a(ADC_DelSig_1_theACLK.o)
 .debug_info    0x00002029     0x1374 .\CortexM3\ARM_GCC_541\Debug\Lab1_Thermistor.a(CyLib.o)
 .debug_info    0x0000339d      0xa2a .\CortexM3\ARM_GCC_541\Debug\Lab1_Thermistor.a(cyPm.o)
 .debug_info    0x00003dc7      0x715 .\CortexM3\ARM_GCC_541\Debug\Lab1_Thermistor.a(LCD.o)
 .debug_info    0x000044dc      0x1a9 .\CortexM3\ARM_GCC_541\Debug\Lab1_Thermistor.a(Thermistor_1.o)
 .debug_info    0x00004685      0x11f .\CortexM3\ARM_GCC_541\Debug\Lab1_Thermistor.a(P1_6.o)
 .debug_info    0x000047a4      0x11f .\CortexM3\ARM_GCC_541\Debug\Lab1_Thermistor.a(P1_7.o)
 .debug_info    0x000048c3       0x93 .\CortexM3\ARM_GCC_541\Debug\Lab1_Thermistor.a(CyBootAsmGnu.o)
 .debug_info    0x00004956      0x64d .\CortexM3\ARM_GCC_541\Debug\Lab1_Thermistor.a(CyFlash.o)
 .debug_info    0x00004fa3      0x550 .\CortexM3\ARM_GCC_541\Debug\Lab1_Thermistor.a(CySpc.o)

.debug_abbrev   0x00000000     0x1431
 *(.debug_abbrev)
 .debug_abbrev  0x00000000       0xea .\CortexM3\ARM_GCC_541\Debug\main.o
 .debug_abbrev  0x000000ea      0x1fe .\CortexM3\ARM_GCC_541\Debug\cyfitter_cfg.o
 .debug_abbrev  0x000002e8       0x5d .\CortexM3\ARM_GCC_541\Debug\cymetadata.o
 .debug_abbrev  0x00000345      0x1e8 .\CortexM3\ARM_GCC_541\Debug\Cm3Start.o
 .debug_abbrev  0x0000052d      0x1eb .\CortexM3\ARM_GCC_541\Debug\Lab1_Thermistor.a(ADC_DelSig_1.o)
 .debug_abbrev  0x00000718       0x42 .\CortexM3\ARM_GCC_541\Debug\Lab1_Thermistor.a(ADC_DelSig_1_INT.o)
 .debug_abbrev  0x0000075a      0x139 .\CortexM3\ARM_GCC_541\Debug\Lab1_Thermistor.a(ADC_DelSig_1_Ext_CP_Clk.o)
 .debug_abbrev  0x00000893      0x121 .\CortexM3\ARM_GCC_541\Debug\Lab1_Thermistor.a(ADC_DelSig_1_theACLK.o)
 .debug_abbrev  0x000009b4      0x254 .\CortexM3\ARM_GCC_541\Debug\Lab1_Thermistor.a(CyLib.o)
 .debug_abbrev  0x00000c08      0x1ab .\CortexM3\ARM_GCC_541\Debug\Lab1_Thermistor.a(cyPm.o)
 .debug_abbrev  0x00000db3      0x157 .\CortexM3\ARM_GCC_541\Debug\Lab1_Thermistor.a(LCD.o)
 .debug_abbrev  0x00000f0a       0xb8 .\CortexM3\ARM_GCC_541\Debug\Lab1_Thermistor.a(Thermistor_1.o)
 .debug_abbrev  0x00000fc2       0x90 .\CortexM3\ARM_GCC_541\Debug\Lab1_Thermistor.a(P1_6.o)
 .debug_abbrev  0x00001052       0x90 .\CortexM3\ARM_GCC_541\Debug\Lab1_Thermistor.a(P1_7.o)
 .debug_abbrev  0x000010e2       0x14 .\CortexM3\ARM_GCC_541\Debug\Lab1_Thermistor.a(CyBootAsmGnu.o)
 .debug_abbrev  0x000010f6      0x1a7 .\CortexM3\ARM_GCC_541\Debug\Lab1_Thermistor.a(CyFlash.o)
 .debug_abbrev  0x0000129d      0x194 .\CortexM3\ARM_GCC_541\Debug\Lab1_Thermistor.a(CySpc.o)

.debug_line     0x00000000     0x2302
 *(.debug_line)
 .debug_line    0x00000000      0x1dc .\CortexM3\ARM_GCC_541\Debug\main.o
 .debug_line    0x000001dc      0x1df .\CortexM3\ARM_GCC_541\Debug\cyfitter_cfg.o
 .debug_line    0x000003bb      0x141 .\CortexM3\ARM_GCC_541\Debug\cymetadata.o
 .debug_line    0x000004fc      0x234 .\CortexM3\ARM_GCC_541\Debug\Cm3Start.o
 .debug_line    0x00000730      0x3cb .\CortexM3\ARM_GCC_541\Debug\Lab1_Thermistor.a(ADC_DelSig_1.o)
 .debug_line    0x00000afb       0x89 .\CortexM3\ARM_GCC_541\Debug\Lab1_Thermistor.a(ADC_DelSig_1_INT.o)
 .debug_line    0x00000b84      0x186 .\CortexM3\ARM_GCC_541\Debug\Lab1_Thermistor.a(ADC_DelSig_1_Ext_CP_Clk.o)
 .debug_line    0x00000d0a      0x1a6 .\CortexM3\ARM_GCC_541\Debug\Lab1_Thermistor.a(ADC_DelSig_1_theACLK.o)
 .debug_line    0x00000eb0      0x816 .\CortexM3\ARM_GCC_541\Debug\Lab1_Thermistor.a(CyLib.o)
 .debug_line    0x000016c6      0x367 .\CortexM3\ARM_GCC_541\Debug\Lab1_Thermistor.a(cyPm.o)
 .debug_line    0x00001a2d      0x1dc .\CortexM3\ARM_GCC_541\Debug\Lab1_Thermistor.a(LCD.o)
 .debug_line    0x00001c09       0xf7 .\CortexM3\ARM_GCC_541\Debug\Lab1_Thermistor.a(Thermistor_1.o)
 .debug_line    0x00001d00       0x91 .\CortexM3\ARM_GCC_541\Debug\Lab1_Thermistor.a(P1_6.o)
 .debug_line    0x00001d91       0x91 .\CortexM3\ARM_GCC_541\Debug\Lab1_Thermistor.a(P1_7.o)
 .debug_line    0x00001e22       0x66 .\CortexM3\ARM_GCC_541\Debug\Lab1_Thermistor.a(CyBootAsmGnu.o)
 .debug_line    0x00001e88      0x21a .\CortexM3\ARM_GCC_541\Debug\Lab1_Thermistor.a(CyFlash.o)
 .debug_line    0x000020a2      0x260 .\CortexM3\ARM_GCC_541\Debug\Lab1_Thermistor.a(CySpc.o)

.debug_frame    0x00000000     0x18ec
 *(.debug_frame)
 .debug_frame   0x00000000       0x48 .\CortexM3\ARM_GCC_541\Debug\main.o
 .debug_frame   0x00000048       0xe4 .\CortexM3\ARM_GCC_541\Debug\cyfitter_cfg.o
 .debug_frame   0x0000012c       0xb8 .\CortexM3\ARM_GCC_541\Debug\Cm3Start.o
 .debug_frame   0x000001e4      0x284 .\CortexM3\ARM_GCC_541\Debug\Lab1_Thermistor.a(ADC_DelSig_1.o)
 .debug_frame   0x00000468       0x50 .\CortexM3\ARM_GCC_541\Debug\Lab1_Thermistor.a(ADC_DelSig_1_INT.o)
 .debug_frame   0x000004b8       0xe0 .\CortexM3\ARM_GCC_541\Debug\Lab1_Thermistor.a(ADC_DelSig_1_Ext_CP_Clk.o)
 .debug_frame   0x00000598      0x100 .\CortexM3\ARM_GCC_541\Debug\Lab1_Thermistor.a(ADC_DelSig_1_theACLK.o)
 .debug_frame   0x00000698      0x738 .\CortexM3\ARM_GCC_541\Debug\Lab1_Thermistor.a(CyLib.o)
 .debug_frame   0x00000dd0      0x1f8 .\CortexM3\ARM_GCC_541\Debug\Lab1_Thermistor.a(cyPm.o)
 .debug_frame   0x00000fc8      0x1e8 .\CortexM3\ARM_GCC_541\Debug\Lab1_Thermistor.a(LCD.o)
 .debug_frame   0x000011b0       0x48 .\CortexM3\ARM_GCC_541\Debug\Lab1_Thermistor.a(Thermistor_1.o)
 .debug_frame   0x000011f8       0x50 .\CortexM3\ARM_GCC_541\Debug\Lab1_Thermistor.a(P1_6.o)
 .debug_frame   0x00001248       0x50 .\CortexM3\ARM_GCC_541\Debug\Lab1_Thermistor.a(P1_7.o)
 .debug_frame   0x00001298      0x194 .\CortexM3\ARM_GCC_541\Debug\Lab1_Thermistor.a(CyFlash.o)
 .debug_frame   0x0000142c      0x180 .\CortexM3\ARM_GCC_541\Debug\Lab1_Thermistor.a(CySpc.o)
 .debug_frame   0x000015ac       0x40 c:/program files (x86)/cypress/psoc creator/4.2/psoc creator/import/gnu/arm/5.4.1/bin/../lib/gcc/arm-none-eabi/5.4.1/../../../../arm-none-eabi/lib/armv7-m\libm.a(lib_a-w_log.o)
 .debug_frame   0x000015ec       0x4c c:/program files (x86)/cypress/psoc creator/4.2/psoc creator/import/gnu/arm/5.4.1/bin/../lib/gcc/arm-none-eabi/5.4.1/../../../../arm-none-eabi/lib/armv7-m\libm.a(lib_a-w_pow.o)
 .debug_frame   0x00001638       0x54 c:/program files (x86)/cypress/psoc creator/4.2/psoc creator/import/gnu/arm/5.4.1/bin/../lib/gcc/arm-none-eabi/5.4.1/../../../../arm-none-eabi/lib/armv7-m\libm.a(lib_a-e_log.o)
 .debug_frame   0x0000168c       0x68 c:/program files (x86)/cypress/psoc creator/4.2/psoc creator/import/gnu/arm/5.4.1/bin/../lib/gcc/arm-none-eabi/5.4.1/../../../../arm-none-eabi/lib/armv7-m\libm.a(lib_a-e_pow.o)
 .debug_frame   0x000016f4       0x30 c:/program files (x86)/cypress/psoc creator/4.2/psoc creator/import/gnu/arm/5.4.1/bin/../lib/gcc/arm-none-eabi/5.4.1/../../../../arm-none-eabi/lib/armv7-m\libm.a(lib_a-e_sqrt.o)
 .debug_frame   0x00001724       0x20 c:/program files (x86)/cypress/psoc creator/4.2/psoc creator/import/gnu/arm/5.4.1/bin/../lib/gcc/arm-none-eabi/5.4.1/../../../../arm-none-eabi/lib/armv7-m\libm.a(lib_a-s_fabs.o)
 .debug_frame   0x00001744       0x20 c:/program files (x86)/cypress/psoc creator/4.2/psoc creator/import/gnu/arm/5.4.1/bin/../lib/gcc/arm-none-eabi/5.4.1/../../../../arm-none-eabi/lib/armv7-m\libm.a(lib_a-s_finite.o)
 .debug_frame   0x00001764       0x20 c:/program files (x86)/cypress/psoc creator/4.2/psoc creator/import/gnu/arm/5.4.1/bin/../lib/gcc/arm-none-eabi/5.4.1/../../../../arm-none-eabi/lib/armv7-m\libm.a(lib_a-s_matherr.o)
 .debug_frame   0x00001784       0x20 c:/program files (x86)/cypress/psoc creator/4.2/psoc creator/import/gnu/arm/5.4.1/bin/../lib/gcc/arm-none-eabi/5.4.1/../../../../arm-none-eabi/lib/armv7-m\libm.a(lib_a-s_nan.o)
 .debug_frame   0x000017a4       0x3c c:/program files (x86)/cypress/psoc creator/4.2/psoc creator/import/gnu/arm/5.4.1/bin/../lib/gcc/arm-none-eabi/5.4.1/../../../../arm-none-eabi/lib/armv7-m\libm.a(lib_a-s_rint.o)
 .debug_frame   0x000017e0       0x30 c:/program files (x86)/cypress/psoc creator/4.2/psoc creator/import/gnu/arm/5.4.1/bin/../lib/gcc/arm-none-eabi/5.4.1/../../../../arm-none-eabi/lib/armv7-m\libm.a(lib_a-s_scalbn.o)
 .debug_frame   0x00001810       0x20 c:/program files (x86)/cypress/psoc creator/4.2/psoc creator/import/gnu/arm/5.4.1/bin/../lib/gcc/arm-none-eabi/5.4.1/../../../../arm-none-eabi/lib/armv7-m\libm.a(lib_a-s_copysign.o)
 .debug_frame   0x00001830       0x20 c:/program files (x86)/cypress/psoc creator/4.2/psoc creator/import/gnu/arm/5.4.1/bin/../lib/gcc/arm-none-eabi/5.4.1/../../../../arm-none-eabi/lib/armv7-m\libg_nano.a(lib_a-errno.o)
 .debug_frame   0x00001850       0x28 c:/program files (x86)/cypress/psoc creator/4.2/psoc creator/import/gnu/arm/5.4.1/bin/../lib/gcc/arm-none-eabi/5.4.1/../../../../arm-none-eabi/lib/armv7-m\libg_nano.a(lib_a-exit.o)
 .debug_frame   0x00001878       0x2c c:/program files (x86)/cypress/psoc creator/4.2/psoc creator/import/gnu/arm/5.4.1/bin/../lib/gcc/arm-none-eabi/5.4.1/../../../../arm-none-eabi/lib/armv7-m\libg_nano.a(lib_a-init.o)
 .debug_frame   0x000018a4       0x28 c:/program files (x86)/cypress/psoc creator/4.2/psoc creator/import/gnu/arm/5.4.1/bin/../lib/gcc/arm-none-eabi/5.4.1/../../../../arm-none-eabi/lib/armv7-m\libg_nano.a(lib_a-memcpy-stub.o)
 .debug_frame   0x000018cc       0x20 c:/program files (x86)/cypress/psoc creator/4.2/psoc creator/import/gnu/arm/5.4.1/bin/../lib/gcc/arm-none-eabi/5.4.1/../../../../arm-none-eabi/lib/armv7-m\libg_nano.a(lib_a-memset.o)

.debug_str      0x00000000     0x1eb7
 *(.debug_str)
 .debug_str     0x00000000      0x2ce .\CortexM3\ARM_GCC_541\Debug\main.o
                                0x31f (size before relaxing)
 .debug_str     0x000002ce      0x181 .\CortexM3\ARM_GCC_541\Debug\cyfitter_cfg.o
                                0x312 (size before relaxing)
 .debug_str     0x0000044f       0x7f .\CortexM3\ARM_GCC_541\Debug\cymetadata.o
                                0x1e7 (size before relaxing)
 .debug_str     0x000004ce      0x144 .\CortexM3\ARM_GCC_541\Debug\Cm3Start.o
                                0x30d (size before relaxing)
 .debug_str     0x00000612      0x4b5 .\CortexM3\ARM_GCC_541\Debug\Lab1_Thermistor.a(ADC_DelSig_1.o)
                                0x724 (size before relaxing)
 .debug_str     0x00000ac7       0x72 .\CortexM3\ARM_GCC_541\Debug\Lab1_Thermistor.a(ADC_DelSig_1_INT.o)
                                0x1f0 (size before relaxing)
 .debug_str     0x00000b39      0x1cd .\CortexM3\ARM_GCC_541\Debug\Lab1_Thermistor.a(ADC_DelSig_1_Ext_CP_Clk.o)
                                0x3b1 (size before relaxing)
 .debug_str     0x00000d06      0x1bb .\CortexM3\ARM_GCC_541\Debug\Lab1_Thermistor.a(ADC_DelSig_1_theACLK.o)
                                0x3e2 (size before relaxing)
 .debug_str     0x00000ec1      0x7ef .\CortexM3\ARM_GCC_541\Debug\Lab1_Thermistor.a(CyLib.o)
                                0xa4a (size before relaxing)
 .debug_str     0x000016b0      0x365 .\CortexM3\ARM_GCC_541\Debug\Lab1_Thermistor.a(cyPm.o)
                                0x736 (size before relaxing)
 .debug_str     0x00001a15      0x11d .\CortexM3\ARM_GCC_541\Debug\Lab1_Thermistor.a(LCD.o)
                                0x32e (size before relaxing)
 .debug_str     0x00001b32       0x7d .\CortexM3\ARM_GCC_541\Debug\Lab1_Thermistor.a(Thermistor_1.o)
                                0x239 (size before relaxing)
 .debug_str     0x00001baf       0x56 .\CortexM3\ARM_GCC_541\Debug\Lab1_Thermistor.a(P1_6.o)
                                0x1e0 (size before relaxing)
 .debug_str     0x00001c05       0x4b .\CortexM3\ARM_GCC_541\Debug\Lab1_Thermistor.a(P1_7.o)
                                0x1e0 (size before relaxing)
 .debug_str     0x00001c50      0x1bb .\CortexM3\ARM_GCC_541\Debug\Lab1_Thermistor.a(CyFlash.o)
                                0x3c3 (size before relaxing)
 .debug_str     0x00001e0b       0xac .\CortexM3\ARM_GCC_541\Debug\Lab1_Thermistor.a(CySpc.o)
                                0x33b (size before relaxing)

.debug_loc      0x00000000     0x27f9
 *(.debug_loc)
 .debug_loc     0x00000000      0x1d7 .\CortexM3\ARM_GCC_541\Debug\cyfitter_cfg.o
 .debug_loc     0x000001d7      0x144 .\CortexM3\ARM_GCC_541\Debug\Cm3Start.o
 .debug_loc     0x0000031b      0x681 .\CortexM3\ARM_GCC_541\Debug\Lab1_Thermistor.a(ADC_DelSig_1.o)
 .debug_loc     0x0000099c      0x12c .\CortexM3\ARM_GCC_541\Debug\Lab1_Thermistor.a(ADC_DelSig_1_Ext_CP_Clk.o)
 .debug_loc     0x00000ac8      0x14d .\CortexM3\ARM_GCC_541\Debug\Lab1_Thermistor.a(ADC_DelSig_1_theACLK.o)
 .debug_loc     0x00000c15      0xa11 .\CortexM3\ARM_GCC_541\Debug\Lab1_Thermistor.a(CyLib.o)
 .debug_loc     0x00001626      0x1e4 .\CortexM3\ARM_GCC_541\Debug\Lab1_Thermistor.a(cyPm.o)
 .debug_loc     0x0000180a      0x3c6 .\CortexM3\ARM_GCC_541\Debug\Lab1_Thermistor.a(LCD.o)
 .debug_loc     0x00001bd0       0xee .\CortexM3\ARM_GCC_541\Debug\Lab1_Thermistor.a(Thermistor_1.o)
 .debug_loc     0x00001cbe       0x42 .\CortexM3\ARM_GCC_541\Debug\Lab1_Thermistor.a(P1_6.o)
 .debug_loc     0x00001d00       0x42 .\CortexM3\ARM_GCC_541\Debug\Lab1_Thermistor.a(P1_7.o)
 .debug_loc     0x00001d42      0x3b2 .\CortexM3\ARM_GCC_541\Debug\Lab1_Thermistor.a(CyFlash.o)
 .debug_loc     0x000020f4      0x705 .\CortexM3\ARM_GCC_541\Debug\Lab1_Thermistor.a(CySpc.o)

.debug_macinfo
 *(.debug_macinfo)

.debug_ranges   0x00000000      0x758
 *(.debug_ranges)
 .debug_ranges  0x00000000       0x18 .\CortexM3\ARM_GCC_541\Debug\main.o
 .debug_ranges  0x00000018       0x48 .\CortexM3\ARM_GCC_541\Debug\cyfitter_cfg.o
 .debug_ranges  0x00000060       0x38 .\CortexM3\ARM_GCC_541\Debug\Cm3Start.o
 .debug_ranges  0x00000098       0xd8 .\CortexM3\ARM_GCC_541\Debug\Lab1_Thermistor.a(ADC_DelSig_1.o)
 .debug_ranges  0x00000170       0x28 .\CortexM3\ARM_GCC_541\Debug\Lab1_Thermistor.a(ADC_DelSig_1_INT.o)
 .debug_ranges  0x00000198       0x60 .\CortexM3\ARM_GCC_541\Debug\Lab1_Thermistor.a(ADC_DelSig_1_Ext_CP_Clk.o)
 .debug_ranges  0x000001f8       0x70 .\CortexM3\ARM_GCC_541\Debug\Lab1_Thermistor.a(ADC_DelSig_1_theACLK.o)
 .debug_ranges  0x00000268      0x290 .\CortexM3\ARM_GCC_541\Debug\Lab1_Thermistor.a(CyLib.o)
 .debug_ranges  0x000004f8       0x88 .\CortexM3\ARM_GCC_541\Debug\Lab1_Thermistor.a(cyPm.o)
 .debug_ranges  0x00000580       0x88 .\CortexM3\ARM_GCC_541\Debug\Lab1_Thermistor.a(LCD.o)
 .debug_ranges  0x00000608       0x18 .\CortexM3\ARM_GCC_541\Debug\Lab1_Thermistor.a(Thermistor_1.o)
 .debug_ranges  0x00000620       0x28 .\CortexM3\ARM_GCC_541\Debug\Lab1_Thermistor.a(P1_6.o)
 .debug_ranges  0x00000648       0x28 .\CortexM3\ARM_GCC_541\Debug\Lab1_Thermistor.a(P1_7.o)
 .debug_ranges  0x00000670       0x78 .\CortexM3\ARM_GCC_541\Debug\Lab1_Thermistor.a(CyFlash.o)
 .debug_ranges  0x000006e8       0x70 .\CortexM3\ARM_GCC_541\Debug\Lab1_Thermistor.a(CySpc.o)

.comment        0x00000000       0x6e
 .comment       0x00000000       0x6e .\CortexM3\ARM_GCC_541\Debug\main.o
                                 0x6f (size before relaxing)
 .comment       0x0000006e       0x6f .\CortexM3\ARM_GCC_541\Debug\cyfitter_cfg.o
 .comment       0x0000006e       0x6f .\CortexM3\ARM_GCC_541\Debug\cymetadata.o
 .comment       0x0000006e       0x6f .\CortexM3\ARM_GCC_541\Debug\Cm3Start.o
 .comment       0x0000006e       0x6f .\CortexM3\ARM_GCC_541\Debug\Lab1_Thermistor.a(ADC_DelSig_1.o)
 .comment       0x0000006e       0x6f .\CortexM3\ARM_GCC_541\Debug\Lab1_Thermistor.a(ADC_DelSig_1_INT.o)
 .comment       0x0000006e       0x6f .\CortexM3\ARM_GCC_541\Debug\Lab1_Thermistor.a(ADC_DelSig_1_Ext_CP_Clk.o)
 .comment       0x0000006e       0x6f .\CortexM3\ARM_GCC_541\Debug\Lab1_Thermistor.a(ADC_DelSig_1_theACLK.o)
 .comment       0x0000006e       0x6f .\CortexM3\ARM_GCC_541\Debug\Lab1_Thermistor.a(CyLib.o)
 .comment       0x0000006e       0x6f .\CortexM3\ARM_GCC_541\Debug\Lab1_Thermistor.a(cyPm.o)
 .comment       0x0000006e       0x6f .\CortexM3\ARM_GCC_541\Debug\Lab1_Thermistor.a(LCD.o)
 .comment       0x0000006e       0x6f .\CortexM3\ARM_GCC_541\Debug\Lab1_Thermistor.a(Thermistor_1.o)
 .comment       0x0000006e       0x6f .\CortexM3\ARM_GCC_541\Debug\Lab1_Thermistor.a(P1_6.o)
 .comment       0x0000006e       0x6f .\CortexM3\ARM_GCC_541\Debug\Lab1_Thermistor.a(P1_7.o)
 .comment       0x0000006e       0x6f .\CortexM3\ARM_GCC_541\Debug\Lab1_Thermistor.a(CyFlash.o)
 .comment       0x0000006e       0x6f .\CortexM3\ARM_GCC_541\Debug\Lab1_Thermistor.a(CySpc.o)

.debug_weaknames
 *(.debug_weaknames)

.debug_funcnames
 *(.debug_funcnames)

.debug_typenames
 *(.debug_typenames)

.debug_varnames
 *(.debug_varnames)

.note.gnu.arm.ident
 *(.note.gnu.arm.ident)

.ARM.attributes
                0x00000000       0x29
 *(.ARM.attributes)
 .ARM.attributes
                0x00000000       0x1d c:/program files (x86)/cypress/psoc creator/4.2/psoc creator/import/gnu/arm/5.4.1/bin/../lib/gcc/arm-none-eabi/5.4.1/armv7-m/crti.o
 .ARM.attributes
                0x0000001d       0x2d c:/program files (x86)/cypress/psoc creator/4.2/psoc creator/import/gnu/arm/5.4.1/bin/../lib/gcc/arm-none-eabi/5.4.1/armv7-m/crtbegin.o
 .ARM.attributes
                0x0000004a       0x1b c:/program files (x86)/cypress/psoc creator/4.2/psoc creator/import/gnu/arm/5.4.1/bin/../lib/gcc/arm-none-eabi/5.4.1/../../../../arm-none-eabi/lib/armv7-m/crt0.o
 .ARM.attributes
                0x00000065       0x33 .\CortexM3\ARM_GCC_541\Debug\main.o
 .ARM.attributes
                0x00000098       0x33 .\CortexM3\ARM_GCC_541\Debug\cyfitter_cfg.o
 .ARM.attributes
                0x000000cb       0x33 .\CortexM3\ARM_GCC_541\Debug\cymetadata.o
 .ARM.attributes
                0x000000fe       0x33 .\CortexM3\ARM_GCC_541\Debug\Cm3Start.o
 .ARM.attributes
                0x00000131       0x33 .\CortexM3\ARM_GCC_541\Debug\Lab1_Thermistor.a(ADC_DelSig_1.o)
 .ARM.attributes
                0x00000164       0x33 .\CortexM3\ARM_GCC_541\Debug\Lab1_Thermistor.a(ADC_DelSig_1_INT.o)
 .ARM.attributes
                0x00000197       0x33 .\CortexM3\ARM_GCC_541\Debug\Lab1_Thermistor.a(ADC_DelSig_1_Ext_CP_Clk.o)
 .ARM.attributes
                0x000001ca       0x33 .\CortexM3\ARM_GCC_541\Debug\Lab1_Thermistor.a(ADC_DelSig_1_theACLK.o)
 .ARM.attributes
                0x000001fd       0x33 .\CortexM3\ARM_GCC_541\Debug\Lab1_Thermistor.a(CyLib.o)
 .ARM.attributes
                0x00000230       0x33 .\CortexM3\ARM_GCC_541\Debug\Lab1_Thermistor.a(cyPm.o)
 .ARM.attributes
                0x00000263       0x33 .\CortexM3\ARM_GCC_541\Debug\Lab1_Thermistor.a(LCD.o)
 .ARM.attributes
                0x00000296       0x33 .\CortexM3\ARM_GCC_541\Debug\Lab1_Thermistor.a(Thermistor_1.o)
 .ARM.attributes
                0x000002c9       0x33 .\CortexM3\ARM_GCC_541\Debug\Lab1_Thermistor.a(P1_6.o)
 .ARM.attributes
                0x000002fc       0x33 .\CortexM3\ARM_GCC_541\Debug\Lab1_Thermistor.a(P1_7.o)
 .ARM.attributes
                0x0000032f       0x21 .\CortexM3\ARM_GCC_541\Debug\Lab1_Thermistor.a(CyBootAsmGnu.o)
 .ARM.attributes
                0x00000350       0x33 .\CortexM3\ARM_GCC_541\Debug\Lab1_Thermistor.a(CyFlash.o)
 .ARM.attributes
                0x00000383       0x33 .\CortexM3\ARM_GCC_541\Debug\Lab1_Thermistor.a(CySpc.o)
 .ARM.attributes
                0x000003b6       0x2d c:/program files (x86)/cypress/psoc creator/4.2/psoc creator/import/gnu/arm/5.4.1/bin/../lib/gcc/arm-none-eabi/5.4.1/../../../../arm-none-eabi/lib/armv7-m\libm.a(lib_a-w_log.o)
 .ARM.attributes
                0x000003e3       0x2d c:/program files (x86)/cypress/psoc creator/4.2/psoc creator/import/gnu/arm/5.4.1/bin/../lib/gcc/arm-none-eabi/5.4.1/../../../../arm-none-eabi/lib/armv7-m\libm.a(lib_a-w_pow.o)
 .ARM.attributes
                0x00000410       0x2d c:/program files (x86)/cypress/psoc creator/4.2/psoc creator/import/gnu/arm/5.4.1/bin/../lib/gcc/arm-none-eabi/5.4.1/../../../../arm-none-eabi/lib/armv7-m\libm.a(lib_a-e_log.o)
 .ARM.attributes
                0x0000043d       0x2d c:/program files (x86)/cypress/psoc creator/4.2/psoc creator/import/gnu/arm/5.4.1/bin/../lib/gcc/arm-none-eabi/5.4.1/../../../../arm-none-eabi/lib/armv7-m\libm.a(lib_a-e_pow.o)
 .ARM.attributes
                0x0000046a       0x2d c:/program files (x86)/cypress/psoc creator/4.2/psoc creator/import/gnu/arm/5.4.1/bin/../lib/gcc/arm-none-eabi/5.4.1/../../../../arm-none-eabi/lib/armv7-m\libm.a(lib_a-e_sqrt.o)
 .ARM.attributes
                0x00000497       0x2d c:/program files (x86)/cypress/psoc creator/4.2/psoc creator/import/gnu/arm/5.4.1/bin/../lib/gcc/arm-none-eabi/5.4.1/../../../../arm-none-eabi/lib/armv7-m\libm.a(lib_a-s_fabs.o)
 .ARM.attributes
                0x000004c4       0x2d c:/program files (x86)/cypress/psoc creator/4.2/psoc creator/import/gnu/arm/5.4.1/bin/../lib/gcc/arm-none-eabi/5.4.1/../../../../arm-none-eabi/lib/armv7-m\libm.a(lib_a-s_finite.o)
 .ARM.attributes
                0x000004f1       0x2d c:/program files (x86)/cypress/psoc creator/4.2/psoc creator/import/gnu/arm/5.4.1/bin/../lib/gcc/arm-none-eabi/5.4.1/../../../../arm-none-eabi/lib/armv7-m\libm.a(lib_a-s_lib_ver.o)
 .ARM.attributes
                0x0000051e       0x2d c:/program files (x86)/cypress/psoc creator/4.2/psoc creator/import/gnu/arm/5.4.1/bin/../lib/gcc/arm-none-eabi/5.4.1/../../../../arm-none-eabi/lib/armv7-m\libm.a(lib_a-s_matherr.o)
 .ARM.attributes
                0x0000054b       0x2d c:/program files (x86)/cypress/psoc creator/4.2/psoc creator/import/gnu/arm/5.4.1/bin/../lib/gcc/arm-none-eabi/5.4.1/../../../../arm-none-eabi/lib/armv7-m\libm.a(lib_a-s_nan.o)
 .ARM.attributes
                0x00000578       0x2d c:/program files (x86)/cypress/psoc creator/4.2/psoc creator/import/gnu/arm/5.4.1/bin/../lib/gcc/arm-none-eabi/5.4.1/../../../../arm-none-eabi/lib/armv7-m\libm.a(lib_a-s_rint.o)
 .ARM.attributes
                0x000005a5       0x2d c:/program files (x86)/cypress/psoc creator/4.2/psoc creator/import/gnu/arm/5.4.1/bin/../lib/gcc/arm-none-eabi/5.4.1/../../../../arm-none-eabi/lib/armv7-m\libm.a(lib_a-s_scalbn.o)
 .ARM.attributes
                0x000005d2       0x2d c:/program files (x86)/cypress/psoc creator/4.2/psoc creator/import/gnu/arm/5.4.1/bin/../lib/gcc/arm-none-eabi/5.4.1/../../../../arm-none-eabi/lib/armv7-m\libm.a(lib_a-s_copysign.o)
 .ARM.attributes
                0x000005ff       0x1d c:/program files (x86)/cypress/psoc creator/4.2/psoc creator/import/gnu/arm/5.4.1/bin/../lib/gcc/arm-none-eabi/5.4.1/armv7-m\libgcc.a(_arm_addsubdf3.o)
 .ARM.attributes
                0x0000061c       0x1d c:/program files (x86)/cypress/psoc creator/4.2/psoc creator/import/gnu/arm/5.4.1/bin/../lib/gcc/arm-none-eabi/5.4.1/armv7-m\libgcc.a(_arm_muldivdf3.o)
 .ARM.attributes
                0x00000639       0x1d c:/program files (x86)/cypress/psoc creator/4.2/psoc creator/import/gnu/arm/5.4.1/bin/../lib/gcc/arm-none-eabi/5.4.1/armv7-m\libgcc.a(_arm_cmpdf2.o)
 .ARM.attributes
                0x00000656       0x1d c:/program files (x86)/cypress/psoc creator/4.2/psoc creator/import/gnu/arm/5.4.1/bin/../lib/gcc/arm-none-eabi/5.4.1/armv7-m\libgcc.a(_arm_unorddf2.o)
 .ARM.attributes
                0x00000673       0x1d c:/program files (x86)/cypress/psoc creator/4.2/psoc creator/import/gnu/arm/5.4.1/bin/../lib/gcc/arm-none-eabi/5.4.1/armv7-m\libgcc.a(_arm_truncdfsf2.o)
 .ARM.attributes
                0x00000690       0x1d c:/program files (x86)/cypress/psoc creator/4.2/psoc creator/import/gnu/arm/5.4.1/bin/../lib/gcc/arm-none-eabi/5.4.1/armv7-m\libgcc.a(_arm_addsubsf3.o)
 .ARM.attributes
                0x000006ad       0x1d c:/program files (x86)/cypress/psoc creator/4.2/psoc creator/import/gnu/arm/5.4.1/bin/../lib/gcc/arm-none-eabi/5.4.1/armv7-m\libgcc.a(_arm_muldivsf3.o)
 .ARM.attributes
                0x000006ca       0x1d c:/program files (x86)/cypress/psoc creator/4.2/psoc creator/import/gnu/arm/5.4.1/bin/../lib/gcc/arm-none-eabi/5.4.1/armv7-m\libgcc.a(_arm_fixsfsi.o)
 .ARM.attributes
                0x000006e7       0x1d c:/program files (x86)/cypress/psoc creator/4.2/psoc creator/import/gnu/arm/5.4.1/bin/../lib/gcc/arm-none-eabi/5.4.1/armv7-m\libgcc.a(_arm_fixunssfsi.o)
 .ARM.attributes
                0x00000704       0x2d c:/program files (x86)/cypress/psoc creator/4.2/psoc creator/import/gnu/arm/5.4.1/bin/../lib/gcc/arm-none-eabi/5.4.1/../../../../arm-none-eabi/lib/armv7-m\libg_nano.a(lib_a-errno.o)
 .ARM.attributes
                0x00000731       0x2d c:/program files (x86)/cypress/psoc creator/4.2/psoc creator/import/gnu/arm/5.4.1/bin/../lib/gcc/arm-none-eabi/5.4.1/../../../../arm-none-eabi/lib/armv7-m\libg_nano.a(lib_a-exit.o)
 .ARM.attributes
                0x0000075e       0x2d c:/program files (x86)/cypress/psoc creator/4.2/psoc creator/import/gnu/arm/5.4.1/bin/../lib/gcc/arm-none-eabi/5.4.1/../../../../arm-none-eabi/lib/armv7-m\libg_nano.a(lib_a-impure.o)
 .ARM.attributes
                0x0000078b       0x2d c:/program files (x86)/cypress/psoc creator/4.2/psoc creator/import/gnu/arm/5.4.1/bin/../lib/gcc/arm-none-eabi/5.4.1/../../../../arm-none-eabi/lib/armv7-m\libg_nano.a(lib_a-init.o)
 .ARM.attributes
                0x000007b8       0x2d c:/program files (x86)/cypress/psoc creator/4.2/psoc creator/import/gnu/arm/5.4.1/bin/../lib/gcc/arm-none-eabi/5.4.1/../../../../arm-none-eabi/lib/armv7-m\libg_nano.a(lib_a-memcpy-stub.o)
 .ARM.attributes
                0x000007e5       0x2d c:/program files (x86)/cypress/psoc creator/4.2/psoc creator/import/gnu/arm/5.4.1/bin/../lib/gcc/arm-none-eabi/5.4.1/../../../../arm-none-eabi/lib/armv7-m\libg_nano.a(lib_a-memset.o)
 .ARM.attributes
                0x00000812       0x2d c:/program files (x86)/cypress/psoc creator/4.2/psoc creator/import/gnu/arm/5.4.1/bin/../lib/gcc/arm-none-eabi/5.4.1/armv7-m/crtend.o
 .ARM.attributes
                0x0000083f       0x1d c:/program files (x86)/cypress/psoc creator/4.2/psoc creator/import/gnu/arm/5.4.1/bin/../lib/gcc/arm-none-eabi/5.4.1/armv7-m/crtn.o

/DISCARD/
 *(.note.GNU-stack)
OUTPUT(C:\Users\poorn\Documents\PSoC Creator\ESM_Labs\Lab1_Thermistor.cydsn\CortexM3\ARM_GCC_541\Debug\Lab1_Thermistor.elf elf32-littlearm)
