Archive member included to satisfy reference by file (symbol)

.\CortexM3\ARM_GCC_541\Debug\Lab4_Strain_Gauge.a(Opamp.o)
                              .\CortexM3\ARM_GCC_541\Debug\main.o (Opamp_Start)
.\CortexM3\ARM_GCC_541\Debug\Lab4_Strain_Gauge.a(DAC.o)
                              .\CortexM3\ARM_GCC_541\Debug\main.o (DAC_SetValue)
.\CortexM3\ARM_GCC_541\Debug\Lab4_Strain_Gauge.a(USBUART.o)
                              .\CortexM3\ARM_GCC_541\Debug\main.o (USBUART_Start)
.\CortexM3\ARM_GCC_541\Debug\Lab4_Strain_Gauge.a(USBUART_cdc.o)
                              .\CortexM3\ARM_GCC_541\Debug\main.o (USBUART_CDC_Init)
.\CortexM3\ARM_GCC_541\Debug\Lab4_Strain_Gauge.a(USBUART_drv.o)
                              .\CortexM3\ARM_GCC_541\Debug\Lab4_Strain_Gauge.a(USBUART.o) (USBUART_lastPacketSize)
.\CortexM3\ARM_GCC_541\Debug\Lab4_Strain_Gauge.a(USBUART_episr.o)
                              .\CortexM3\ARM_GCC_541\Debug\Lab4_Strain_Gauge.a(USBUART.o) (USBUART_EP_1_ISR)
.\CortexM3\ARM_GCC_541\Debug\Lab4_Strain_Gauge.a(USBUART_pm.o)
                              .\CortexM3\ARM_GCC_541\Debug\Lab4_Strain_Gauge.a(USBUART.o) (USBUART_DP_ISR)
.\CortexM3\ARM_GCC_541\Debug\Lab4_Strain_Gauge.a(USBUART_std.o)
                              .\CortexM3\ARM_GCC_541\Debug\Lab4_Strain_Gauge.a(USBUART_pm.o) (USBUART_ConfigReg)
.\CortexM3\ARM_GCC_541\Debug\Lab4_Strain_Gauge.a(USBUART_vnd.o)
                              .\CortexM3\ARM_GCC_541\Debug\Lab4_Strain_Gauge.a(USBUART_drv.o) (USBUART_HandleVendorRqst)
.\CortexM3\ARM_GCC_541\Debug\Lab4_Strain_Gauge.a(PGA.o)
                              .\CortexM3\ARM_GCC_541\Debug\main.o (PGA_Start)
.\CortexM3\ARM_GCC_541\Debug\Lab4_Strain_Gauge.a(LCD.o)
                              .\CortexM3\ARM_GCC_541\Debug\main.o (LCD_PrintString)
.\CortexM3\ARM_GCC_541\Debug\Lab4_Strain_Gauge.a(USBUART_Dp.o)
                              .\CortexM3\ARM_GCC_541\Debug\Lab4_Strain_Gauge.a(USBUART.o) (USBUART_Dp_ClearInterrupt)
.\CortexM3\ARM_GCC_541\Debug\Lab4_Strain_Gauge.a(CyLib.o)
                              .\CortexM3\ARM_GCC_541\Debug\Cm3Start.o (CyHalt)
.\CortexM3\ARM_GCC_541\Debug\Lab4_Strain_Gauge.a(cyPm.o)
                              .\CortexM3\ARM_GCC_541\Debug\Lab4_Strain_Gauge.a(CyLib.o) (CyPmReadStatus)
.\CortexM3\ARM_GCC_541\Debug\Lab4_Strain_Gauge.a(ADC.o)
                              .\CortexM3\ARM_GCC_541\Debug\main.o (ADC_Start)
.\CortexM3\ARM_GCC_541\Debug\Lab4_Strain_Gauge.a(ADC_INT.o)
                              .\CortexM3\ARM_GCC_541\Debug\Lab4_Strain_Gauge.a(ADC.o) (ADC_ISR1)
.\CortexM3\ARM_GCC_541\Debug\Lab4_Strain_Gauge.a(ADC_Ext_CP_Clk.o)
                              .\CortexM3\ARM_GCC_541\Debug\Lab4_Strain_Gauge.a(ADC.o) (ADC_Ext_CP_Clk_SetModeRegister)
.\CortexM3\ARM_GCC_541\Debug\Lab4_Strain_Gauge.a(ADC_theACLK.o)
                              .\CortexM3\ARM_GCC_541\Debug\Lab4_Strain_Gauge.a(ADC.o) (ADC_theACLK_SetModeRegister)
.\CortexM3\ARM_GCC_541\Debug\Lab4_Strain_Gauge.a(CyBootAsmGnu.o)
                              .\CortexM3\ARM_GCC_541\Debug\cyfitter_cfg.o (CyDelayCycles)
.\CortexM3\ARM_GCC_541\Debug\Lab4_Strain_Gauge.a(USBUART_cls.o)
                              .\CortexM3\ARM_GCC_541\Debug\Lab4_Strain_Gauge.a(USBUART_drv.o) (USBUART_DispatchClassRqst)
.\CortexM3\ARM_GCC_541\Debug\Lab4_Strain_Gauge.a(USBUART_descr.o)
                              .\CortexM3\ARM_GCC_541\Debug\Lab4_Strain_Gauge.a(USBUART_std.o) (USBUART_idSerialNumberStringDescriptor)
.\CortexM3\ARM_GCC_541\Debug\Lab4_Strain_Gauge.a(CyFlash.o)
                              .\CortexM3\ARM_GCC_541\Debug\Lab4_Strain_Gauge.a(cyPm.o) (CyFlash_SetWaitCycles)
.\CortexM3\ARM_GCC_541\Debug\Lab4_Strain_Gauge.a(CySpc.o)
                              .\CortexM3\ARM_GCC_541\Debug\Lab4_Strain_Gauge.a(CyFlash.o) (CySpcStart)
c:/program files (x86)/cypress/psoc creator/4.2/psoc creator/import/gnu/arm/5.4.1/bin/../lib/gcc/arm-none-eabi/5.4.1/armv7-m\libgcc.a(_arm_addsubdf3.o)
                              .\CortexM3\ARM_GCC_541\Debug\Lab4_Strain_Gauge.a(ADC.o) (__aeabi_f2d)
c:/program files (x86)/cypress/psoc creator/4.2/psoc creator/import/gnu/arm/5.4.1/bin/../lib/gcc/arm-none-eabi/5.4.1/armv7-m\libgcc.a(_arm_cmpdf2.o)
                              .\CortexM3\ARM_GCC_541\Debug\Lab4_Strain_Gauge.a(ADC.o) (__aeabi_dcmpgt)
c:/program files (x86)/cypress/psoc creator/4.2/psoc creator/import/gnu/arm/5.4.1/bin/../lib/gcc/arm-none-eabi/5.4.1/armv7-m\libgcc.a(_arm_addsubsf3.o)
                              .\CortexM3\ARM_GCC_541\Debug\Lab4_Strain_Gauge.a(ADC.o) (__aeabi_ui2f)
c:/program files (x86)/cypress/psoc creator/4.2/psoc creator/import/gnu/arm/5.4.1/bin/../lib/gcc/arm-none-eabi/5.4.1/armv7-m\libgcc.a(_arm_muldivsf3.o)
                              .\CortexM3\ARM_GCC_541\Debug\Lab4_Strain_Gauge.a(ADC.o) (__aeabi_fmul)
c:/program files (x86)/cypress/psoc creator/4.2/psoc creator/import/gnu/arm/5.4.1/bin/../lib/gcc/arm-none-eabi/5.4.1/armv7-m\libgcc.a(_arm_fixunssfsi.o)
[...]
Memory Configuration

Name             Origin             Length             Attributes
rom              0x00000000         0x00040000         xr
ram              0x1fff8000         0x00010000         xrw
*default*        0x00000000         0xffffffff

Linker script and memory map

LOAD c:/program files (x86)/cypress/psoc creator/4.2/psoc creator/import/gnu/arm/5.4.1/bin/../lib/gcc/arm-none-eabi/5.4.1/armv7-m/crti.o
LOAD c:/program files (x86)/cypress/psoc creator/4.2/psoc creator/import/gnu/arm/5.4.1/bin/../lib/gcc/arm-none-eabi/5.4.1/armv7-m/crtbegin.o
LOAD c:/program files (x86)/cypress/psoc creator/4.2/psoc creator/import/gnu/arm/5.4.1/bin/../lib/gcc/arm-none-eabi/5.4.1/../../../../arm-none-eabi/lib/armv7-m/crt0.o
START GROUP
LOAD .\CortexM3\ARM_GCC_541\Debug\main.o
LOAD .\CortexM3\ARM_GCC_541\Debug\cyfitter_cfg.o
LOAD .\CortexM3\ARM_GCC_541\Debug\cymetadata.o
LOAD .\CortexM3\ARM_GCC_541\Debug\Cm3Start.o
LOAD .\CortexM3\ARM_GCC_541\Debug\Lab4_Strain_Gauge.a
LOAD C:\Program Files (x86)\Cypress\PSoC Creator\4.2\PSoC Creator\psoc\content\cycomponentlibrary\CyComponentLibrary.cylib\CortexM3\ARM_GCC_541\Debug\CyComponentLibrary.a
END GROUP
START GROUP
LOAD c:/program files (x86)/cypress/psoc creator/4.2/psoc creator/import/gnu/arm/5.4.1/bin/../lib/gcc/arm-none-eabi/5.4.1/armv7-m\libgcc.a
LOAD c:/program files (x86)/cypress/psoc creator/4.2/psoc creator/import/gnu/arm/5.4.1/bin/../lib/gcc/arm-none-eabi/5.4.1/../../../../arm-none-eabi/lib/armv7-m\libg_nano.a
LOAD c:/program files (x86)/cypress/psoc creator/4.2/psoc creator/import/gnu/arm/5.4.1/bin/../lib/gcc/arm-none-eabi/5.4.1/../../../../arm-none-eabi/lib/armv7-m\libc_nano.a
END GROUP
START GROUP
LOAD c:/program files (x86)/cypress/psoc creator/4.2/psoc creator/import/gnu/arm/5.4.1/bin/../lib/gcc/arm-none-eabi/5.4.1/armv7-m\libgcc.a
LOAD c:/program files (x86)/cypress/psoc creator/4.2/psoc creator/import/gnu/arm/5.4.1/bin/../lib/gcc/arm-none-eabi/5.4.1/../../../../arm-none-eabi/lib/armv7-m\libc_nano.a
END GROUP
LOAD c:/program files (x86)/cypress/psoc creator/4.2/psoc creator/import/gnu/arm/5.4.1/bin/../lib/gcc/arm-none-eabi/5.4.1/armv7-m/crtend.o
LOAD c:/program files (x86)/cypress/psoc creator/4.2/psoc creator/import/gnu/arm/5.4.1/bin/../lib/gcc/arm-none-eabi/5.4.1/armv7-m/crtn.o
START GROUP
LOAD c:/program files (x86)/cypress/psoc creator/4.2/psoc creator/import/gnu/arm/5.4.1/bin/../lib/gcc/arm-none-eabi/5.4.1/armv7-m\libgcc.a
LOAD c:/program files (x86)/cypress/psoc creator/4.2/psoc creator/import/gnu/arm/5.4.1/bin/../lib/gcc/arm-none-eabi/5.4.1/../../../../arm-none-eabi/lib/armv7-m\libc.a
LOAD c:/program files (x86)/cypress/psoc creator/4.2/psoc creator/import/gnu/arm/5.4.1/bin/../lib/gcc/arm-none-eabi/5.4.1/../../../../arm-none-eabi/lib/armv7-m\libnosys.a
END GROUP
                0x00000000                CY_APPL_ORIGIN = 0x0
                0x00000100                CY_FLASH_ROW_SIZE = 0x100
                0x00000020                CY_ECC_ROW_SIZE = 0x20
                0x00000000                CY_EE_IN_BTLDR = 0x0
                0x00000000                CY_APPL_LOADABLE = 0x0
                0x00000800                CY_EE_SIZE = 0x800
                0x00000001                CY_APPL_NUM = 0x1
                0x00000001                CY_APPL_MAX = 0x1
                0x00000040                CY_METADATA_SIZE = 0x40
                0x00000000                CY_APPL_LOADABLE = 0x0
                0x00000000                CY_CHECKSUM_EXCLUDE_SIZE = ALIGN (0x0, CY_FLASH_ROW_SIZE)
                [!provide]                PROVIDE (__cy_heap_start, _end)
                0x00000001                PROVIDE (__cy_region_num, ((__cy_regions_end - __cy_regions) / 0x10))
                0x20008000                PROVIDE (__cy_stack, (ORIGIN (ram) + LENGTH (ram)))
                [!provide]                PROVIDE (__cy_heap_end, (__cy_stack - 0x800))

.cybootloader   0x00000000        0x0
 *(.cybootloader)
                0x00000000                appl1_start = CY_APPL_ORIGIN?CY_APPL_ORIGIN:ALIGN (CY_FLASH_ROW_SIZE)
                0x0001ff00                appl2_start = (appl1_start + ALIGN ((((LENGTH (rom) - appl1_start) - (0x2 * CY_FLASH_ROW_SIZE)) / 0x2), CY_FLASH_ROW_SIZE))
                0x00000000                appl_start = (CY_APPL_NUM == 0x1)?appl1_start:appl2_start
                0x00000000                ecc_offset = ((appl_start / CY_FLASH_ROW_SIZE) * CY_ECC_ROW_SIZE)
                0x00000000                ee_offset = (CY_APPL_LOADABLE && ! (CY_EE_IN_BTLDR))?((CY_EE_SIZE / CY_APPL_MAX) * (CY_APPL_NUM - 0x1)):0x0
                0x00000800                ee_size = (CY_APPL_LOADABLE && ! (CY_EE_IN_BTLDR))?(CY_EE_SIZE / CY_APPL_MAX):CY_EE_SIZE
                [!provide]                PROVIDE (CY_ECC_OFFSET, ecc_offset)

.text           0x00000000     0x2f38
 CREATE_OBJECT_SYMBOLS
                0x00000000                PROVIDE (__cy_interrupt_vector, RomVectors)
 *(.romvectors)
 .romvectors    0x00000000       0x10 .\CortexM3\ARM_GCC_541\Debug\Cm3Start.o
                0x00000000                RomVectors
                0x00000001                ASSERT ((. != __cy_interrupt_vector), No interrupt vector)
                0x00000001                ASSERT (CY_APPL_ORIGIN?(SIZEOF (.cybootloader) <= CY_APPL_ORIGIN):0x1, Wrong image location)
                0x00000010                PROVIDE (__cy_reset, Reset)
 *(.text.Reset)
 .text.Reset    0x00000010       0x18 .\CortexM3\ARM_GCC_541\Debug\Cm3Start.o
                0x00000010                Reset
                0x00000001                ASSERT ((. != __cy_reset), No reset code)
 *(.dma_init)
                0x00000001                ASSERT ((((appl_start + .) <= 0x10000) || 0x1), DMA Init must be within the first 64k of flash)
 *(.text .text.* .gnu.linkonce.t.*)
 .text          0x00000028       0x5c c:/program files (x86)/cypress/psoc creator/4.2/psoc creator/import/gnu/arm/5.4.1/bin/../lib/gcc/arm-none-eabi/5.4.1/armv7-m/crtbegin.o
 .text.display  0x00000084       0x64 .\CortexM3\ARM_GCC_541\Debug\main.o
                0x00000084                display
 .text.main     0x000000e8      0x468 .\CortexM3\ARM_GCC_541\Debug\main.o
                0x000000e8                main
 .text.CyClockStartupError
                0x00000550        0x4 .\CortexM3\ARM_GCC_541\Debug\cyfitter_cfg.o
 .text.cfg_write_bytes32
                0x00000554       0x34 .\CortexM3\ARM_GCC_541\Debug\cyfitter_cfg.o
 .text.AnalogSetDefault
                0x00000588       0x6c .\CortexM3\ARM_GCC_541\Debug\cyfitter_cfg.o
 .text.CYMEMZERO
                0x000005f4        0xc .\CortexM3\ARM_GCC_541\Debug\cyfitter_cfg.o
 .text.CYCONFIGCPY
                0x00000600        0x8 .\CortexM3\ARM_GCC_541\Debug\cyfitter_cfg.o
 .text.ClockSetup
                0x00000608      0x130 .\CortexM3\ARM_GCC_541\Debug\cyfitter_cfg.o
 .text.cyfitter_cfg
                0x00000738      0x124 .\CortexM3\ARM_GCC_541\Debug\cyfitter_cfg.o
                0x00000738                cyfitter_cfg
 .text.IntDefaultHandler
                0x0000085c       0x10 .\CortexM3\ARM_GCC_541\Debug\Cm3Start.o
                0x0000085c                IntDefaultHandler
 .text.Start_c  0x0000086c       0x4c .\CortexM3\ARM_GCC_541\Debug\Cm3Start.o
                0x0000086c                Start_c
 .text.initialize_psoc
                0x000008b8       0x68 .\CortexM3\ARM_GCC_541\Debug\Cm3Start.o
                0x000008b8                initialize_psoc
 .text.Opamp_Enable
                0x00000920       0x28 .\CortexM3\ARM_GCC_541\Debug\Lab4_Strain_Gauge.a(Opamp.o)
                0x00000920                Opamp_Enable
 .text.Opamp_SetPower
                0x00000948       0x1c .\CortexM3\ARM_GCC_541\Debug\Lab4_Strain_Gauge.a(Opamp.o)
                0x00000948                Opamp_SetPower
 .text.Opamp_Init
                0x00000964        0xc .\CortexM3\ARM_GCC_541\Debug\Lab4_Strain_Gauge.a(Opamp.o)
                0x00000964                Opamp_Init
 .text.Opamp_Start
                0x00000970       0x1c .\CortexM3\ARM_GCC_541\Debug\Lab4_Strain_Gauge.a(Opamp.o)
                0x00000970                Opamp_Start
 .text.DAC_Enable
                0x0000098c       0x1c .\CortexM3\ARM_GCC_541\Debug\Lab4_Strain_Gauge.a(DAC.o)
                0x0000098c                DAC_Enable
 .text.DAC_SetSpeed
                0x000009a8       0x1c .\CortexM3\ARM_GCC_541\Debug\Lab4_Strain_Gauge.a(DAC.o)
                0x000009a8                DAC_SetSpeed
 .text.DAC_SetValue
                0x000009c4        0xc .\CortexM3\ARM_GCC_541\Debug\Lab4_Strain_Gauge.a(DAC.o)
                0x000009c4                DAC_SetValue
 .text.DAC_DacTrim
                0x000009d0       0x24 .\CortexM3\ARM_GCC_541\Debug\Lab4_Strain_Gauge.a(DAC.o)
                0x000009d0                DAC_DacTrim
 .text.DAC_SetRange
                0x000009f4       0x20 .\CortexM3\ARM_GCC_541\Debug\Lab4_Strain_Gauge.a(DAC.o)
                0x000009f4                DAC_SetRange
 .text.DAC_Init
                0x00000a14       0x20 .\CortexM3\ARM_GCC_541\Debug\Lab4_Strain_Gauge.a(DAC.o)
                0x00000a14                DAC_Init
 .text.DAC_Start
                0x00000a34       0x24 .\CortexM3\ARM_GCC_541\Debug\Lab4_Strain_Gauge.a(DAC.o)
                0x00000a34                DAC_Start
 .text.USBUART_Init
                0x00000a58      0x140 .\CortexM3\ARM_GCC_541\Debug\Lab4_Strain_Gauge.a(USBUART.o)
                0x00000a58                USBUART_Init
 .text.USBUART_InitComponent
                0x00000b98       0xb8 .\CortexM3\ARM_GCC_541\Debug\Lab4_Strain_Gauge.a(USBUART.o)
                0x00000b98                USBUART_InitComponent
 .text.USBUART_Start
                0x00000c50       0x24 .\CortexM3\ARM_GCC_541\Debug\Lab4_Strain_Gauge.a(USBUART.o)
                0x00000c50                USBUART_Start
 .text.USBUART_ReInitComponent
                0x00000c74       0x4c .\CortexM3\ARM_GCC_541\Debug\Lab4_Strain_Gauge.a(USBUART.o)
                0x00000c74                USBUART_ReInitComponent
 .text.USBUART_GetConfiguration
                0x00000cc0        0xc .\CortexM3\ARM_GCC_541\Debug\Lab4_Strain_Gauge.a(USBUART.o)
                0x00000cc0                USBUART_GetConfiguration
 .text.USBUART_IsConfigurationChanged
                0x00000ccc       0x20 .\CortexM3\ARM_GCC_541\Debug\Lab4_Strain_Gauge.a(USBUART.o)
                0x00000ccc                USBUART_IsConfigurationChanged
 .text.USBUART_GetEPState
                0x00000cec       0x14 .\CortexM3\ARM_GCC_541\Debug\Lab4_Strain_Gauge.a(USBUART.o)
                0x00000cec                USBUART_GetEPState
 .text.USBUART_LoadInEP
                0x00000d00       0x94 .\CortexM3\ARM_GCC_541\Debug\Lab4_Strain_Gauge.a(USBUART.o)
                0x00000d00                USBUART_LoadInEP
 .text.USBUART_EnableOutEP
                0x00000d94       0x2c .\CortexM3\ARM_GCC_541\Debug\Lab4_Strain_Gauge.a(USBUART.o)
                0x00000d94                USBUART_EnableOutEP
 .text.USBUART_StrLen
                0x00000dc0       0x14 .\CortexM3\ARM_GCC_541\Debug\Lab4_Strain_Gauge.a(USBUART_cdc.o)
 .text.USBUART_GetInterfaceComPort
                0x00000dd4       0x38 .\CortexM3\ARM_GCC_541\Debug\Lab4_Strain_Gauge.a(USBUART_cdc.o)
                0x00000dd4                USBUART_GetInterfaceComPort
 .text.USBUART_DispatchCDCClassRqst
                0x00000e0c       0x98 .\CortexM3\ARM_GCC_541\Debug\Lab4_Strain_Gauge.a(USBUART_cdc.o)
                0x00000e0c                USBUART_DispatchCDCClassRqst
 .text.USBUART_CDC_Init
                0x00000ea4       0x98 .\CortexM3\ARM_GCC_541\Debug\Lab4_Strain_Gauge.a(USBUART_cdc.o)
                0x00000ea4                USBUART_CDC_Init
 .text.USBUART_PutData
                0x00000f3c       0x50 .\CortexM3\ARM_GCC_541\Debug\Lab4_Strain_Gauge.a(USBUART_cdc.o)
                0x00000f3c                USBUART_PutData
 .text.USBUART_PutString
                0x00000f8c       0xa0 .\CortexM3\ARM_GCC_541\Debug\Lab4_Strain_Gauge.a(USBUART_cdc.o)
                0x00000f8c                USBUART_PutString
 .text.USBUART_PutCRLF
                0x0000102c       0x30 .\CortexM3\ARM_GCC_541\Debug\Lab4_Strain_Gauge.a(USBUART_cdc.o)
                0x0000102c                USBUART_PutCRLF
 .text.USBUART_CDCIsReady
                0x0000105c       0x18 .\CortexM3\ARM_GCC_541\Debug\Lab4_Strain_Gauge.a(USBUART_cdc.o)
                0x0000105c                USBUART_CDCIsReady
 .text.USBUART_Cdc_EpInit
                0x00001074       0x50 .\CortexM3\ARM_GCC_541\Debug\Lab4_Strain_Gauge.a(USBUART_cdc.o)
                0x00001074                USBUART_Cdc_EpInit
 .text.USBUART_LoadEP0
                0x000010c4       0x98 .\CortexM3\ARM_GCC_541\Debug\Lab4_Strain_Gauge.a(USBUART_drv.o)
                0x000010c4                USBUART_LoadEP0
 .text.USBUART_InitZeroLengthControlTransfer
                0x0000115c       0x34 .\CortexM3\ARM_GCC_541\Debug\Lab4_Strain_Gauge.a(USBUART_drv.o)
                0x0000115c                USBUART_InitZeroLengthControlTransfer
 .text.USBUART_ControlReadDataStage
                0x00001190        0x8 .\CortexM3\ARM_GCC_541\Debug\Lab4_Strain_Gauge.a(USBUART_drv.o)
                0x00001190                USBUART_ControlReadDataStage
 .text.USBUART_ControlWriteDataStage
                0x00001198       0x84 .\CortexM3\ARM_GCC_541\Debug\Lab4_Strain_Gauge.a(USBUART_drv.o)
                0x00001198                USBUART_ControlWriteDataStage
 .text.USBUART_InitNoDataControlTransfer
                0x0000121c       0x2c .\CortexM3\ARM_GCC_541\Debug\Lab4_Strain_Gauge.a(USBUART_drv.o)
                0x0000121c                USBUART_InitNoDataControlTransfer
 .text.USBUART_UpdateStatusBlock
                0x00001248       0x24 .\CortexM3\ARM_GCC_541\Debug\Lab4_Strain_Gauge.a(USBUART_drv.o)
                0x00001248                USBUART_UpdateStatusBlock
 .text.USBUART_HandleSetup
                0x0000126c       0x5c .\CortexM3\ARM_GCC_541\Debug\Lab4_Strain_Gauge.a(USBUART_drv.o)
                0x0000126c                USBUART_HandleSetup
 .text.USBUART_ControlReadStatusStage
                0x000012c8       0x38 .\CortexM3\ARM_GCC_541\Debug\Lab4_Strain_Gauge.a(USBUART_drv.o)
                0x000012c8                USBUART_ControlReadStatusStage
 .text.USBUART_HandleOUT
                0x00001300       0x38 .\CortexM3\ARM_GCC_541\Debug\Lab4_Strain_Gauge.a(USBUART_drv.o)
                0x00001300                USBUART_HandleOUT
 .text.USBUART_ControlWriteStatusStage
                0x00001338       0x20 .\CortexM3\ARM_GCC_541\Debug\Lab4_Strain_Gauge.a(USBUART_drv.o)
                0x00001338                USBUART_ControlWriteStatusStage
 .text.USBUART_NoDataControlStatusStage
                0x00001358       0x40 .\CortexM3\ARM_GCC_541\Debug\Lab4_Strain_Gauge.a(USBUART_drv.o)
                0x00001358                USBUART_NoDataControlStatusStage
 .text.USBUART_HandleIN
                0x00001398       0x2c .\CortexM3\ARM_GCC_541\Debug\Lab4_Strain_Gauge.a(USBUART_drv.o)
                0x00001398                USBUART_HandleIN
 .text.USBUART_EP_0_ISR
                0x000013c4       0xb8 .\CortexM3\ARM_GCC_541\Debug\Lab4_Strain_Gauge.a(USBUART_drv.o)
                0x000013c4                USBUART_EP_0_ISR
 .text.USBUART_InitializeStatusBlock
                0x0000147c       0x24 .\CortexM3\ARM_GCC_541\Debug\Lab4_Strain_Gauge.a(USBUART_drv.o)
                0x0000147c                USBUART_InitializeStatusBlock
 .text.USBUART_InitControlRead
                0x000014a0       0x50 .\CortexM3\ARM_GCC_541\Debug\Lab4_Strain_Gauge.a(USBUART_drv.o)
                0x000014a0                USBUART_InitControlRead
 .text.USBUART_InitControlWrite
                0x000014f0       0x48 .\CortexM3\ARM_GCC_541\Debug\Lab4_Strain_Gauge.a(USBUART_drv.o)
                0x000014f0                USBUART_InitControlWrite
 .text.USBUART_EP_1_ISR
                0x00001538       0x30 .\CortexM3\ARM_GCC_541\Debug\Lab4_Strain_Gauge.a(USBUART_episr.o)
                0x00001538                USBUART_EP_1_ISR
 .text.USBUART_EP_2_ISR
                0x00001568       0x34 .\CortexM3\ARM_GCC_541\Debug\Lab4_Strain_Gauge.a(USBUART_episr.o)
                0x00001568                USBUART_EP_2_ISR
 .text.USBUART_EP_3_ISR
                0x0000159c       0x3c .\CortexM3\ARM_GCC_541\Debug\Lab4_Strain_Gauge.a(USBUART_episr.o)
                0x0000159c                USBUART_EP_3_ISR
 .text.USBUART_SOF_ISR
                0x000015d8        0x4 .\CortexM3\ARM_GCC_541\Debug\Lab4_Strain_Gauge.a(USBUART_episr.o)
                0x000015d8                USBUART_SOF_ISR
 .text.USBUART_BUS_RESET_ISR
                0x000015dc        0x8 .\CortexM3\ARM_GCC_541\Debug\Lab4_Strain_Gauge.a(USBUART_episr.o)
                0x000015dc                USBUART_BUS_RESET_ISR
 .text.USBUART_DP_ISR
                0x000015e4        0x8 .\CortexM3\ARM_GCC_541\Debug\Lab4_Strain_Gauge.a(USBUART_pm.o)
                0x000015e4                USBUART_DP_ISR
 .text.USBUART_ReadDieID
                0x000015ec       0x6c .\CortexM3\ARM_GCC_541\Debug\Lab4_Strain_Gauge.a(USBUART_std.o)
                0x000015ec                USBUART_ReadDieID
 .text.USBUART_ConfigReg
                0x00001658       0xa4 .\CortexM3\ARM_GCC_541\Debug\Lab4_Strain_Gauge.a(USBUART_std.o)
                0x00001658                USBUART_ConfigReg
 .text.USBUART_GetConfigTablePtr
                0x000016fc       0x28 .\CortexM3\ARM_GCC_541\Debug\Lab4_Strain_Gauge.a(USBUART_std.o)
                0x000016fc                USBUART_GetConfigTablePtr
 .text.USBUART_ConfigAltChanged
                0x00001724      0x11c .\CortexM3\ARM_GCC_541\Debug\Lab4_Strain_Gauge.a(USBUART_std.o)
                0x00001724                USBUART_ConfigAltChanged
 .text.USBUART_GetDeviceTablePtr
                0x00001840       0x18 .\CortexM3\ARM_GCC_541\Debug\Lab4_Strain_Gauge.a(USBUART_std.o)
                0x00001840                USBUART_GetDeviceTablePtr
 .text.USBUART_GetInterfaceClassTablePtr
                0x00001858       0x28 .\CortexM3\ARM_GCC_541\Debug\Lab4_Strain_Gauge.a(USBUART_std.o)
                0x00001858                USBUART_GetInterfaceClassTablePtr
 .text.USBUART_Config
                0x00001880      0x1ec .\CortexM3\ARM_GCC_541\Debug\Lab4_Strain_Gauge.a(USBUART_std.o)
                0x00001880                USBUART_Config
 .text.USBUART_SetEndpointHalt
                0x00001a6c       0x64 .\CortexM3\ARM_GCC_541\Debug\Lab4_Strain_Gauge.a(USBUART_std.o)
                0x00001a6c                USBUART_SetEndpointHalt
 .text.USBUART_ClearEndpointHalt
                0x00001ad0       0xac .\CortexM3\ARM_GCC_541\Debug\Lab4_Strain_Gauge.a(USBUART_std.o)
                0x00001ad0                USBUART_ClearEndpointHalt
 .text.USBUART_ValidateAlternateSetting
                0x00001b7c       0x4c .\CortexM3\ARM_GCC_541\Debug\Lab4_Strain_Gauge.a(USBUART_std.o)
                0x00001b7c                USBUART_ValidateAlternateSetting
 .text.USBUART_HandleStandardRqst
                0x00001bc8      0x354 .\CortexM3\ARM_GCC_541\Debug\Lab4_Strain_Gauge.a(USBUART_std.o)
                0x00001bc8                USBUART_HandleStandardRqst
 .text.USBUART_HandleVendorRqst
                0x00001f1c       0x18 .\CortexM3\ARM_GCC_541\Debug\Lab4_Strain_Gauge.a(USBUART_vnd.o)
                0x00001f1c                USBUART_HandleVendorRqst
 .text.PGA_Enable
                0x00001f34       0x28 .\CortexM3\ARM_GCC_541\Debug\Lab4_Strain_Gauge.a(PGA.o)
                0x00001f34                PGA_Enable
 .text.PGA_SetPower
                0x00001f5c       0x18 .\CortexM3\ARM_GCC_541\Debug\Lab4_Strain_Gauge.a(PGA.o)
                0x00001f5c                PGA_SetPower
 .text.PGA_SetGain
                0x00001f74       0x78 .\CortexM3\ARM_GCC_541\Debug\Lab4_Strain_Gauge.a(PGA.o)
                0x00001f74                PGA_SetGain
 .text.PGA_Init
                0x00001fec       0x34 .\CortexM3\ARM_GCC_541\Debug\Lab4_Strain_Gauge.a(PGA.o)
                0x00001fec                PGA_Init
 .text.PGA_Start
                0x00002020       0x1c .\CortexM3\ARM_GCC_541\Debug\Lab4_Strain_Gauge.a(PGA.o)
                0x00002020                PGA_Start
 .text.LCD_WrCntrlNib
                0x0000203c       0x34 .\CortexM3\ARM_GCC_541\Debug\Lab4_Strain_Gauge.a(LCD.o)
 .text.LCD_WrDatNib
                0x00002070       0x44 .\CortexM3\ARM_GCC_541\Debug\Lab4_Strain_Gauge.a(LCD.o)
 .text.LCD_IsReady
                0x000020b4       0xe4 .\CortexM3\ARM_GCC_541\Debug\Lab4_Strain_Gauge.a(LCD.o)
                0x000020b4                LCD_IsReady
 .text.LCD_WriteData
                0x00002198       0x18 .\CortexM3\ARM_GCC_541\Debug\Lab4_Strain_Gauge.a(LCD.o)
                0x00002198                LCD_WriteData
 .text.LCD_PrintString
                0x000021b0       0x1c .\CortexM3\ARM_GCC_541\Debug\Lab4_Strain_Gauge.a(LCD.o)
                0x000021b0                LCD_PrintString
 .text.LCD_WriteControl
                0x000021cc       0x18 .\CortexM3\ARM_GCC_541\Debug\Lab4_Strain_Gauge.a(LCD.o)
                0x000021cc                LCD_WriteControl
 .text.LCD_Init
                0x000021e4       0x6c .\CortexM3\ARM_GCC_541\Debug\Lab4_Strain_Gauge.a(LCD.o)
                0x000021e4                LCD_Init
 .text.LCD_Enable
                0x00002250       0x14 .\CortexM3\ARM_GCC_541\Debug\Lab4_Strain_Gauge.a(LCD.o)
                0x00002250                LCD_Enable
 .text.LCD_Start
                0x00002264       0x1c .\CortexM3\ARM_GCC_541\Debug\Lab4_Strain_Gauge.a(LCD.o)
                0x00002264                LCD_Start
 .text.LCD_Position
                0x00002280       0x3c .\CortexM3\ARM_GCC_541\Debug\Lab4_Strain_Gauge.a(LCD.o)
                0x00002280                LCD_Position
 .text.LCD_PrintU32Number
                0x000022bc       0x64 .\CortexM3\ARM_GCC_541\Debug\Lab4_Strain_Gauge.a(LCD.o)
                0x000022bc                LCD_PrintU32Number
 .text.USBUART_Dp_ClearInterrupt
                0x00002320       0x10 .\CortexM3\ARM_GCC_541\Debug\Lab4_Strain_Gauge.a(USBUART_Dp.o)
                0x00002320                USBUART_Dp_ClearInterrupt
 .text.CyHalt   0x00002330        0x4 .\CortexM3\ARM_GCC_541\Debug\Lab4_Strain_Gauge.a(CyLib.o)
                0x00002330                CyHalt
 .text.CyDelay  0x00002334       0x2c .\CortexM3\ARM_GCC_541\Debug\Lab4_Strain_Gauge.a(CyLib.o)
                0x00002334                CyDelay
 .text.CyDelayUs
                0x00002360       0x14 .\CortexM3\ARM_GCC_541\Debug\Lab4_Strain_Gauge.a(CyLib.o)
                0x00002360                CyDelayUs
 .text.CyIntSetVector
                0x00002374       0x28 .\CortexM3\ARM_GCC_541\Debug\Lab4_Strain_Gauge.a(CyLib.o)
                0x00002374                CyIntSetVector
 .text.CyIntSetPriority
                0x0000239c       0x30 .\CortexM3\ARM_GCC_541\Debug\Lab4_Strain_Gauge.a(CyLib.o)
                0x0000239c                CyIntSetPriority
 .text.CyGetUniqueId
                0x000023cc       0x70 .\CortexM3\ARM_GCC_541\Debug\Lab4_Strain_Gauge.a(CyLib.o)
                0x000023cc                CyGetUniqueId
 .text.ADC_GainCompensation
                0x0000243c       0xe0 .\CortexM3\ARM_GCC_541\Debug\Lab4_Strain_Gauge.a(ADC.o)
 .text.ADC_SetDSMRef0Reg
                0x0000251c       0x4c .\CortexM3\ARM_GCC_541\Debug\Lab4_Strain_Gauge.a(ADC.o)
 .text.ADC_InitConfig
                0x00002568      0x314 .\CortexM3\ARM_GCC_541\Debug\Lab4_Strain_Gauge.a(ADC.o)
 .text.ADC_Init
                0x0000287c      0x108 .\CortexM3\ARM_GCC_541\Debug\Lab4_Strain_Gauge.a(ADC.o)
                0x0000287c                ADC_Init
 .text.ADC_Enable
                0x00002984       0xd8 .\CortexM3\ARM_GCC_541\Debug\Lab4_Strain_Gauge.a(ADC.o)
                0x00002984                ADC_Enable
 .text.ADC_Start
                0x00002a5c       0x28 .\CortexM3\ARM_GCC_541\Debug\Lab4_Strain_Gauge.a(ADC.o)
                0x00002a5c                ADC_Start
 .text.ADC_StartConvert
                0x00002a84       0x10 .\CortexM3\ARM_GCC_541\Debug\Lab4_Strain_Gauge.a(ADC.o)
                0x00002a84                ADC_StartConvert
 .text.ADC_StopConvert
                0x00002a94       0x10 .\CortexM3\ARM_GCC_541\Debug\Lab4_Strain_Gauge.a(ADC.o)
                0x00002a94                ADC_StopConvert
 .text.ADC_IsEndConversion
                0x00002aa4       0x30 .\CortexM3\ARM_GCC_541\Debug\Lab4_Strain_Gauge.a(ADC.o)
                0x00002aa4                ADC_IsEndConversion
 .text.ADC_GetResult16
                0x00002ad4       0x50 .\CortexM3\ARM_GCC_541\Debug\Lab4_Strain_Gauge.a(ADC.o)
                0x00002ad4                ADC_GetResult16
 .text.ADC_CountsTo_mVolts
                0x00002b24       0x24 .\CortexM3\ARM_GCC_541\Debug\Lab4_Strain_Gauge.a(ADC.o)
                0x00002b24                ADC_CountsTo_mVolts
 .text.ADC_Read16
                0x00002b48       0x28 .\CortexM3\ARM_GCC_541\Debug\Lab4_Strain_Gauge.a(ADC.o)
                0x00002b48                ADC_Read16
 .text.ADC_ISR1
                0x00002b70        0x4 .\CortexM3\ARM_GCC_541\Debug\Lab4_Strain_Gauge.a(ADC_INT.o)
                0x00002b70                ADC_ISR1
 .text.ADC_ISR2
                0x00002b74        0x4 .\CortexM3\ARM_GCC_541\Debug\Lab4_Strain_Gauge.a(ADC_INT.o)
                0x00002b74                ADC_ISR2
 .text.ADC_ISR3
                0x00002b78        0x4 .\CortexM3\ARM_GCC_541\Debug\Lab4_Strain_Gauge.a(ADC_INT.o)
                0x00002b78                ADC_ISR3
 .text.ADC_ISR4
                0x00002b7c        0x4 .\CortexM3\ARM_GCC_541\Debug\Lab4_Strain_Gauge.a(ADC_INT.o)
                0x00002b7c                ADC_ISR4
 .text.ADC_Ext_CP_Clk_GetDividerRegister
                0x00002b80        0xc .\CortexM3\ARM_GCC_541\Debug\Lab4_Strain_Gauge.a(ADC_Ext_CP_Clk.o)
                0x00002b80                ADC_Ext_CP_Clk_GetDividerRegister
 .text.ADC_Ext_CP_Clk_SetModeRegister
                0x00002b8c       0x14 .\CortexM3\ARM_GCC_541\Debug\Lab4_Strain_Gauge.a(ADC_Ext_CP_Clk.o)
                0x00002b8c                ADC_Ext_CP_Clk_SetModeRegister
 .text.ADC_Ext_CP_Clk_GetSourceRegister
                0x00002ba0       0x10 .\CortexM3\ARM_GCC_541\Debug\Lab4_Strain_Gauge.a(ADC_Ext_CP_Clk.o)
                0x00002ba0                ADC_Ext_CP_Clk_GetSourceRegister
 .text.ADC_Ext_CP_Clk_SetDividerRegister
                0x00002bb0       0xd8 .\CortexM3\ARM_GCC_541\Debug\Lab4_Strain_Gauge.a(ADC_Ext_CP_Clk.o)
                0x00002bb0                ADC_Ext_CP_Clk_SetDividerRegister
 .text.ADC_theACLK_GetDividerRegister
                0x00002c88        0xc .\CortexM3\ARM_GCC_541\Debug\Lab4_Strain_Gauge.a(ADC_theACLK.o)
                0x00002c88                ADC_theACLK_GetDividerRegister
 .text.ADC_theACLK_SetModeRegister
                0x00002c94       0x14 .\CortexM3\ARM_GCC_541\Debug\Lab4_Strain_Gauge.a(ADC_theACLK.o)
                0x00002c94                ADC_theACLK_SetModeRegister
 .text.ADC_theACLK_GetSourceRegister
                0x00002ca8       0x10 .\CortexM3\ARM_GCC_541\Debug\Lab4_Strain_Gauge.a(ADC_theACLK.o)
                0x00002ca8                ADC_theACLK_GetSourceRegister
 .text.ADC_theACLK_SetDividerRegister
                0x00002cb8       0xd8 .\CortexM3\ARM_GCC_541\Debug\Lab4_Strain_Gauge.a(ADC_theACLK.o)
                0x00002cb8                ADC_theACLK_SetDividerRegister
 .text          0x00002d90       0x20 .\CortexM3\ARM_GCC_541\Debug\Lab4_Strain_Gauge.a(CyBootAsmGnu.o)
                0x00002d90                CyDelayCycles
                0x00002da0                CyEnterCriticalSection
                0x00002da8                CyExitCriticalSection
 .text.USBUART_DispatchClassRqst
                0x00002db0       0x60 .\CortexM3\ARM_GCC_541\Debug\Lab4_Strain_Gauge.a(USBUART_cls.o)
                0x00002db0                USBUART_DispatchClassRqst
 .text.__errno  0x00002e10        0xc c:/program files (x86)/cypress/psoc creator/4.2/psoc creator/import/gnu/arm/5.4.1/bin/../lib/gcc/arm-none-eabi/5.4.1/../../../../arm-none-eabi/lib/armv7-m\libg_nano.a(lib_a-errno.o)
                0x00002e10                __errno
 .text.__libc_init_array
                0x00002e1c       0x4c c:/program files (x86)/cypress/psoc creator/4.2/psoc creator/import/gnu/arm/5.4.1/bin/../lib/gcc/arm-none-eabi/5.4.1/../../../../arm-none-eabi/lib/armv7-m\libg_nano.a(lib_a-init.o)
                0x00002e1c                __libc_init_array
 .text.__itoa   0x00002e68       0x2e c:/program files (x86)/cypress/psoc creator/4.2/psoc creator/import/gnu/arm/5.4.1/bin/../lib/gcc/arm-none-eabi/5.4.1/../../../../arm-none-eabi/lib/armv7-m\libg_nano.a(lib_a-itoa.o)
                0x00002e68                __itoa
 .text.itoa     0x00002e96        0x4 c:/program files (x86)/cypress/psoc creator/4.2/psoc creator/import/gnu/arm/5.4.1/bin/../lib/gcc/arm-none-eabi/5.4.1/../../../../arm-none-eabi/lib/armv7-m\libg_nano.a(lib_a-itoa.o)
                0x00002e96                itoa
 .text.memcpy   0x00002e9a       0x16 c:/program files (x86)/cypress/psoc creator/4.2/psoc creator/import/gnu/arm/5.4.1/bin/../lib/gcc/arm-none-eabi/5.4.1/../../../../arm-none-eabi/lib/armv7-m\libg_nano.a(lib_a-memcpy-stub.o)
                0x00002e9a                memcpy
 .text.memset   0x00002eb0       0x10 c:/program files (x86)/cypress/psoc creator/4.2/psoc creator/import/gnu/arm/5.4.1/bin/../lib/gcc/arm-none-eabi/5.4.1/../../../../arm-none-eabi/lib/armv7-m\libg_nano.a(lib_a-memset.o)
                0x00002eb0                memset
 .text.__utoa   0x00002ec0       0x78 c:/program files (x86)/cypress/psoc creator/4.2/psoc creator/import/gnu/arm/5.4.1/bin/../lib/gcc/arm-none-eabi/5.4.1/../../../../arm-none-eabi/lib/armv7-m\libg_nano.a(lib_a-utoa.o)
                0x00002ec0                __utoa
 *(.plt)
 *(.gnu.warning)
 *(.glue_7t)
 .glue_7t       0x00002f38        0x0 linker stubs
 *(.glue_7)
 .glue_7        0x00002f38        0x0 linker stubs
 *(.vfp11_veneer)
 .vfp11_veneer  0x00002f38        0x0 linker stubs
 *(.bootloader)
 *(.ARM.extab* .gnu.linkonce.armextab.*)
 *(.gcc_except_table)

.v4_bx          0x00002f38        0x0
 .v4_bx         0x00002f38        0x0 linker stubs

.iplt           0x00002f38        0x0
 .iplt          0x00002f38        0x0 c:/program files (x86)/cypress/psoc creator/4.2/psoc creator/import/gnu/arm/5.4.1/bin/../lib/gcc/arm-none-eabi/5.4.1/armv7-m/crtbegin.o

.eh_frame_hdr
 *(.eh_frame_hdr)

.eh_frame       0x00002f38        0x4
 *(.eh_frame)
 .eh_frame      0x00002f38        0x0 c:/program files (x86)/cypress/psoc creator/4.2/psoc creator/import/gnu/arm/5.4.1/bin/../lib/gcc/arm-none-eabi/5.4.1/armv7-m/crtbegin.o
 .eh_frame      0x00002f38        0x4 c:/program files (x86)/cypress/psoc creator/4.2/psoc creator/import/gnu/arm/5.4.1/bin/../lib/gcc/arm-none-eabi/5.4.1/armv7-m/crtend.o
                [!provide]                PROVIDE (__exidx_start, .)

.ARM.exidx
 *(.ARM.exidx* .gnu.linkonce.armexidx.*)
                0x00002f3c                __exidx_end = .

.rodata         0x00002f3c      0x264
 *(.rodata .rodata.* .gnu.linkonce.r.*)
 .rodata.str1.4
                0x00002f3c       0x49 .\CortexM3\ARM_GCC_541\Debug\main.o
 *fill*         0x00002f85        0x3 
 .rodata        0x00002f88       0x2a .\CortexM3\ARM_GCC_541\Debug\cyfitter_cfg.o
 *fill*         0x00002fb2        0x2 
 .rodata        0x00002fb4        0x2 .\CortexM3\ARM_GCC_541\Debug\Lab4_Strain_Gauge.a(USBUART_cdc.o)
 *fill*         0x00002fb6        0x2 
 .rodata.str1.4
                0x00002fb8       0x14 .\CortexM3\ARM_GCC_541\Debug\Lab4_Strain_Gauge.a(USBUART_std.o)
                                 0x11 (size before relaxing)
 .rodata        0x00002fcc       0x15 .\CortexM3\ARM_GCC_541\Debug\Lab4_Strain_Gauge.a(PGA.o)
 *fill*         0x00002fe1        0x3 
 .rodata        0x00002fe4      0x15e .\CortexM3\ARM_GCC_541\Debug\Lab4_Strain_Gauge.a(USBUART_descr.o)
                0x00002fe4                USBUART_TABLE
                0x00002fec                USBUART_DEVICE0_TABLE
                0x00003004                USBUART_DEVICE0_CONFIGURATION0_TABLE
                0x0000302c                USBUART_DEVICE0_CONFIGURATION0_INTERFACE_CLASS
                0x00003030                USBUART_DEVICE0_CONFIGURATION0_EP_SETTINGS_TABLE
                0x00003048                USBUART_SN_STRING_DESCRIPTOR
                0x0000304c                USBUART_STRING_DESCRIPTORS
                0x000030ec                USBUART_DEVICE0_CONFIGURATION0_DESCR
                0x00003130                USBUART_DEVICE0_DESCR
 .rodata.str1.1
                0x00003142        0x2 c:/program files (x86)/cypress/psoc creator/4.2/psoc creator/import/gnu/arm/5.4.1/bin/../lib/gcc/arm-none-eabi/5.4.1/../../../../arm-none-eabi/lib/armv7-m\libg_nano.a(lib_a-impure.o)
 .rodata.str1.1
                0x00003144       0x25 c:/program files (x86)/cypress/psoc creator/4.2/psoc creator/import/gnu/arm/5.4.1/bin/../lib/gcc/arm-none-eabi/5.4.1/../../../../arm-none-eabi/lib/armv7-m\libg_nano.a(lib_a-utoa.o)
                0x0000316c                . = ALIGN (0x4)
 *fill*         0x00003169        0x3 
 *(.init)
 .init          0x0000316c        0x4 c:/program files (x86)/cypress/psoc creator/4.2/psoc creator/import/gnu/arm/5.4.1/bin/../lib/gcc/arm-none-eabi/5.4.1/armv7-m/crti.o
                0x0000316c                _init
 .init          0x00003170        0x8 c:/program files (x86)/cypress/psoc creator/4.2/psoc creator/import/gnu/arm/5.4.1/bin/../lib/gcc/arm-none-eabi/5.4.1/armv7-m/crtn.o
                0x00003178                . = ALIGN (0x4)
                0x00003178                __preinit_array_start = .
 *(.preinit_array)
                0x00003178                __preinit_array_end = .
                0x00003178                . = ALIGN (0x4)
                0x00003178                __init_array_start = .
 *(SORT(.init_array.*))
 *(.init_array)
 .init_array    0x00003178        0x4 c:/program files (x86)/cypress/psoc creator/4.2/psoc creator/import/gnu/arm/5.4.1/bin/../lib/gcc/arm-none-eabi/5.4.1/armv7-m/crtbegin.o
 .init_array    0x0000317c        0x4 .\CortexM3\ARM_GCC_541\Debug\Cm3Start.o
                0x00003180                __init_array_end = .
                0x00003180                . = ALIGN (0x4)
 *(.fini)
 .fini          0x00003180        0x4 c:/program files (x86)/cypress/psoc creator/4.2/psoc creator/import/gnu/arm/5.4.1/bin/../lib/gcc/arm-none-eabi/5.4.1/armv7-m/crti.o
                0x00003180                _fini
 .fini          0x00003184        0x8 c:/program files (x86)/cypress/psoc creator/4.2/psoc creator/import/gnu/arm/5.4.1/bin/../lib/gcc/arm-none-eabi/5.4.1/armv7-m/crtn.o
                0x0000318c                . = ALIGN (0x4)
                0x0000318c                __fini_array_start = .
 *(.fini_array)
 .fini_array    0x0000318c        0x4 c:/program files (x86)/cypress/psoc creator/4.2/psoc creator/import/gnu/arm/5.4.1/bin/../lib/gcc/arm-none-eabi/5.4.1/armv7-m/crtbegin.o
 *(SORT(.fini_array.*))
                0x00003190                __fini_array_end = .
                0x00003190                . = ALIGN (0x4)
 *crtbegin.o(.ctors)
 *(EXCLUDE_FILE(*crtend.o) .ctors)
 *(SORT(.ctors.*))
 *crtend.o(.ctors)
                0x00003190                . = ALIGN (0x4)
 *crtbegin.o(.dtors)
 *(EXCLUDE_FILE(*crtend.o) .dtors)
 *(SORT(.dtors.*))
 *crtend.o(.dtors)
                0x00003190                . = ALIGN (0x4)
                0x00003190                __cy_regions = .
                0x00003190        0x4 LONG 0x31a0 __cy_region_init_ram
                0x00003194        0x4 LONG 0x1fff80c8 __cy_region_start_data
                0x00003198        0x4 LONG 0x98 __cy_region_init_size_ram
                0x0000319c        0x4 LONG 0x1a8 __cy_region_zero_size_ram
                0x000031a0                __cy_regions_end = .
                0x000031a0                . = ALIGN (0x8)
                0x000031a0                _etext = .

.cy_checksum_exclude
                0x000031a0        0x0
 *(.cy_checksum_exclude)

.ramvectors     0x1fff8000       0xc0
                0x1fff8000                __cy_region_start_ram = .
 *(.ramvectors)
 .ramvectors    0x1fff8000       0xc0 .\CortexM3\ARM_GCC_541\Debug\Cm3Start.o
                0x1fff8000                CyRamVectors

.noinit         0x1fff80c0        0x1
 *(.noinit)
 .noinit        0x1fff80c0        0x1 .\CortexM3\ARM_GCC_541\Debug\Lab4_Strain_Gauge.a(CyLib.o)
                0x1fff80c0                CyResetStatus

.data           0x1fff80c8       0x98 load address 0x000031a0
                0x1fff80c8                __cy_region_start_data = .
 *(.jcr)
 .jcr           0x1fff80c8        0x0 c:/program files (x86)/cypress/psoc creator/4.2/psoc creator/import/gnu/arm/5.4.1/bin/../lib/gcc/arm-none-eabi/5.4.1/armv7-m/crtbegin.o
 .jcr           0x1fff80c8        0x4 c:/program files (x86)/cypress/psoc creator/4.2/psoc creator/import/gnu/arm/5.4.1/bin/../lib/gcc/arm-none-eabi/5.4.1/armv7-m/crtend.o
 *(.got.plt)
 *(.got)
 *(.shdata)
 *(.data .data.* .gnu.linkonce.d.*)
 .data          0x1fff80cc       0x1a .\CortexM3\ARM_GCC_541\Debug\Lab4_Strain_Gauge.a(USBUART_cdc.o)
                0x1fff80cc                USBUART_linesCoding
 *fill*         0x1fff80e6        0x2 
 .data          0x1fff80e8       0x10 .\CortexM3\ARM_GCC_541\Debug\Lab4_Strain_Gauge.a(CyLib.o)
                0x1fff80e8                cydelay_32k_ms
                0x1fff80ec                cydelay_freq_khz
                0x1fff80f0                cydelay_freq_mhz
                0x1fff80f4                cydelay_freq_hz
 .data          0x1fff80f8        0x1 .\CortexM3\ARM_GCC_541\Debug\Lab4_Strain_Gauge.a(ADC.o)
                0x1fff80f8                ADC_Config
 *fill*         0x1fff80f9        0x3 
 .data.impure_data
                0x1fff80fc       0x60 c:/program files (x86)/cypress/psoc creator/4.2/psoc creator/import/gnu/arm/5.4.1/bin/../lib/gcc/arm-none-eabi/5.4.1/../../../../arm-none-eabi/lib/armv7-m\libg_nano.a(lib_a-impure.o)
 .data._impure_ptr
                0x1fff815c        0x4 c:/program files (x86)/cypress/psoc creator/4.2/psoc creator/import/gnu/arm/5.4.1/bin/../lib/gcc/arm-none-eabi/5.4.1/../../../../arm-none-eabi/lib/armv7-m\libg_nano.a(lib_a-impure.o)
                0x1fff815c                _impure_ptr
                0x1fff8160                . = ALIGN (0x8)
 *(.ram)
                0x1fff8160                _edata = .

.igot.plt       0x1fff8160        0x0 load address 0x00003238
 .igot.plt      0x1fff8160        0x0 c:/program files (x86)/cypress/psoc creator/4.2/psoc creator/import/gnu/arm/5.4.1/bin/../lib/gcc/arm-none-eabi/5.4.1/armv7-m/crtbegin.o

.bss            0x1fff8160      0x1a8 load address 0x00003238
                0x1fff8160                PROVIDE (__bss_start__, .)
 *(.shbss)
 *(.bss .bss.* .gnu.linkonce.b.*)
 .bss           0x1fff8160       0x1c c:/program files (x86)/cypress/psoc creator/4.2/psoc creator/import/gnu/arm/5.4.1/bin/../lib/gcc/arm-none-eabi/5.4.1/armv7-m/crtbegin.o
 .bss           0x1fff817c        0x1 .\CortexM3\ARM_GCC_541\Debug\Lab4_Strain_Gauge.a(Opamp.o)
                0x1fff817c                Opamp_initVar
 .bss           0x1fff817d        0x1 .\CortexM3\ARM_GCC_541\Debug\Lab4_Strain_Gauge.a(DAC.o)
                0x1fff817d                DAC_initVar
 .bss           0x1fff817e        0x1 .\CortexM3\ARM_GCC_541\Debug\Lab4_Strain_Gauge.a(USBUART.o)
                0x1fff817e                USBUART_initVar
 .bss           0x1fff817f        0x1 .\CortexM3\ARM_GCC_541\Debug\Lab4_Strain_Gauge.a(USBUART_cdc.o)
 .bss           0x1fff8180        0x2 .\CortexM3\ARM_GCC_541\Debug\Lab4_Strain_Gauge.a(USBUART_std.o)
 .bss           0x1fff8182        0x1 .\CortexM3\ARM_GCC_541\Debug\Lab4_Strain_Gauge.a(PGA.o)
                0x1fff8182                PGA_initVar
 .bss           0x1fff8183        0x2 .\CortexM3\ARM_GCC_541\Debug\Lab4_Strain_Gauge.a(LCD.o)
                0x1fff8183                LCD_enableState
                0x1fff8184                LCD_initVar
 *fill*         0x1fff8185        0x3 
 .bss           0x1fff8188       0x18 .\CortexM3\ARM_GCC_541\Debug\Lab4_Strain_Gauge.a(ADC.o)
                0x1fff8198                ADC_stopConversion
                0x1fff8199                ADC_convDone
                0x1fff819a                ADC_initVar
                0x1fff819b                ADC_started
                0x1fff819c                ADC_Offset
 *(COMMON)
 COMMON         0x1fff81a0       0x8c .\CortexM3\ARM_GCC_541\Debug\main.o
                0x1fff81a0                print
                0x1fff81a8                buffer2
                0x1fff81e8                i
                0x1fff81ec                buffer
 COMMON         0x1fff822c       0x18 .\CortexM3\ARM_GCC_541\Debug\Lab4_Strain_Gauge.a(USBUART_cdc.o)
                0x1fff822c                USBUART_linesChanged
                0x1fff8230                USBUART_cdcDataInEp
                0x1fff8234                USBUART_cdcCommInInterruptEp
                0x1fff8238                USBUART_cdcDataOutEp
                0x1fff823c                USBUART_serialStateBitmap
                0x1fff8240                USBUART_linesControlBitmap
 COMMON         0x1fff8244       0x9a .\CortexM3\ARM_GCC_541\Debug\Lab4_Strain_Gauge.a(USBUART_drv.o)
                0x1fff8244                USBUART_lastPacketSize
                0x1fff8245                USBUART_device
                0x1fff8246                USBUART_transferByteCount
                0x1fff8248                USBUART_transferState
                0x1fff824c                USBUART_interfaceSettingLast
                0x1fff8250                USBUART_currentTD
                0x1fff825c                USBUART_interfaceNumber
                0x1fff8260                USBUART_interfaceClass
                0x1fff8264                USBUART_configurationChanged
                0x1fff8265                USBUART_ep0Mode
                0x1fff8266                USBUART_deviceAddress
                0x1fff8267                USBUART_configuration
                0x1fff8268                USBUART_ep0Count
                0x1fff8269                USBUART_deviceStatus
                0x1fff826c                USBUART_EP
                0x1fff82d8                USBUART_interfaceSetting
                0x1fff82da                USBUART_ep0Toggle
                0x1fff82dc                USBUART_interfaceStatus
 *fill*         0x1fff82de        0x2 
 COMMON         0x1fff82e0        0x4 .\CortexM3\ARM_GCC_541\Debug\Lab4_Strain_Gauge.a(ADC.o)
                0x1fff82e0                ADC_CountsPerVolt
 COMMON         0x1fff82e4       0x22 .\CortexM3\ARM_GCC_541\Debug\Lab4_Strain_Gauge.a(USBUART_descr.o)
                0x1fff82e4                USBUART_idSerialNumberStringDescriptor
                0x1fff8308                . = ALIGN (0x8)
 *fill*         0x1fff8306        0x2 
 *(.ram.b)
                0x1fff8308                _end = .
                0x1fff8308                __end = .
                0x1fff8308                PROVIDE (end, .)
                0x1fff8308                PROVIDE (__bss_end__, .)
                0x000031a0                __cy_region_init_ram = LOADADDR (.data)
                0x00000098                __cy_region_init_size_ram = (_edata - ADDR (.data))
                0x000001a8                __cy_region_zero_size_ram = (_end - _edata)

.heap           0x1fff8308       0x80 load address 0x00003238
                0x1fff8308                . = _end
                0x1fff8388                . = (. + 0x80)
 *fill*         0x1fff8308       0x80 
                0x1fff8388                __cy_heap_limit = .

.stack          0x20007800      0x800
                0x20007800                __cy_stack_limit = .
                0x20008000                . = (. + 0x800)
 *fill*         0x20007800      0x800 
                0x00000001                ASSERT ((__cy_stack_limit >= __cy_heap_limit), region RAM overflowed with stack)
                0x00000000                cy_checksum_exclude_size = (CY_APPL_LOADABLE == 0x1)?SIZEOF (.cy_checksum_exclude):0x0
                0x00000001                ASSERT ((cy_checksum_exclude_size <= CY_CHECKSUM_EXCLUDE_SIZE), CY_BOOT: Section .cy_checksum_exclude size exceedes specified limit.)

.cyloadermeta
 *(.cyloadermeta)

.cyloadablemeta
 *(.cyloadablemeta)

.cyconfigecc    0x80000000       0xf8
 *(.cyconfigecc)
 .cyconfigecc   0x80000000       0xf8 .\CortexM3\ARM_GCC_541\Debug\cymetadata.o
                0x80000000                cy_meta_configecc

.cycustnvl      0x90000000        0x4
 *(.cycustnvl)
 .cycustnvl     0x90000000        0x4 .\CortexM3\ARM_GCC_541\Debug\cymetadata.o
                0x90000000                cy_meta_custnvl

.cywolatch      0x90100000        0x4
 *(.cywolatch)
 .cywolatch     0x90100000        0x4 .\CortexM3\ARM_GCC_541\Debug\cymetadata.o
                0x90100000                cy_meta_wonvl

.cyeeprom       0x90200000        0x0
 *(.cyeeprom)
                0x00000001                ASSERT ((. <= ((0x90200000 + ee_offset) + ee_size)), .cyeeprom data will not fit in EEPROM)

.cyflashprotect
                0x90400000      0x100
 *(.cyflashprotect)
 .cyflashprotect
                0x90400000      0x100 .\CortexM3\ARM_GCC_541\Debug\cymetadata.o
                0x90400000                cy_meta_flashprotect

.cymeta         0x90500000        0xc
 *(.cymeta)
 .cymeta        0x90500000        0xc .\CortexM3\ARM_GCC_541\Debug\cymetadata.o
                0x90500000                cy_metadata

.rel.dyn        0x00003238        0x0 load address 0x9050000c
 .rel.iplt      0x00003238        0x0 c:/program files (x86)/cypress/psoc creator/4.2/psoc creator/import/gnu/arm/5.4.1/bin/../lib/gcc/arm-none-eabi/5.4.1/armv7-m/crtbegin.o

.stab
 *(.stab)

.stabstr
 *(.stabstr)

.debug
 *(.debug)

.line
 *(.line)

.debug_srcinfo
 *(.debug_srcinfo)

.debug_sfnames
 *(.debug_sfnames)

.debug_aranges  0x00000000      0xcb0
 *(.debug_aranges)
 .debug_aranges
                0x00000000       0x28 .\CortexM3\ARM_GCC_541\Debug\main.o
 .debug_aranges
                0x00000028       0x58 .\CortexM3\ARM_GCC_541\Debug\cyfitter_cfg.o
 .debug_aranges
                0x00000080       0x18 .\CortexM3\ARM_GCC_541\Debug\cymetadata.o
 .debug_aranges
                0x00000098       0x48 .\CortexM3\ARM_GCC_541\Debug\Cm3Start.o
 .debug_aranges
                0x000000e0       0x40 .\CortexM3\ARM_GCC_541\Debug\Lab4_Strain_Gauge.a(Opamp.o)
 .debug_aranges
                0x00000120       0x58 .\CortexM3\ARM_GCC_541\Debug\Lab4_Strain_Gauge.a(DAC.o)
 .debug_aranges
                0x00000178       0xc8 .\CortexM3\ARM_GCC_541\Debug\Lab4_Strain_Gauge.a(USBUART.o)
 .debug_aranges
                0x00000240       0xe8 .\CortexM3\ARM_GCC_541\Debug\Lab4_Strain_Gauge.a(USBUART_cdc.o)
 .debug_aranges
                0x00000328       0x98 .\CortexM3\ARM_GCC_541\Debug\Lab4_Strain_Gauge.a(USBUART_drv.o)
 .debug_aranges
                0x000003c0       0x40 .\CortexM3\ARM_GCC_541\Debug\Lab4_Strain_Gauge.a(USBUART_episr.o)
 .debug_aranges
                0x00000400       0x40 .\CortexM3\ARM_GCC_541\Debug\Lab4_Strain_Gauge.a(USBUART_pm.o)
 .debug_aranges
                0x00000440       0x80 .\CortexM3\ARM_GCC_541\Debug\Lab4_Strain_Gauge.a(USBUART_std.o)
 .debug_aranges
                0x000004c0       0x20 .\CortexM3\ARM_GCC_541\Debug\Lab4_Strain_Gauge.a(USBUART_vnd.o)
 .debug_aranges
                0x000004e0       0x48 .\CortexM3\ARM_GCC_541\Debug\Lab4_Strain_Gauge.a(PGA.o)
 .debug_aranges
                0x00000528       0x98 .\CortexM3\ARM_GCC_541\Debug\Lab4_Strain_Gauge.a(LCD.o)
 .debug_aranges
                0x000005c0       0x48 .\CortexM3\ARM_GCC_541\Debug\Lab4_Strain_Gauge.a(USBUART_Dp.o)
 .debug_aranges
                0x00000608      0x2a0 .\CortexM3\ARM_GCC_541\Debug\Lab4_Strain_Gauge.a(CyLib.o)
 .debug_aranges
                0x000008a8       0x98 .\CortexM3\ARM_GCC_541\Debug\Lab4_Strain_Gauge.a(cyPm.o)
 .debug_aranges
                0x00000940       0xe8 .\CortexM3\ARM_GCC_541\Debug\Lab4_Strain_Gauge.a(ADC.o)
 .debug_aranges
                0x00000a28       0x38 .\CortexM3\ARM_GCC_541\Debug\Lab4_Strain_Gauge.a(ADC_INT.o)
 .debug_aranges
                0x00000a60       0x70 .\CortexM3\ARM_GCC_541\Debug\Lab4_Strain_Gauge.a(ADC_Ext_CP_Clk.o)
 .debug_aranges
                0x00000ad0       0x80 .\CortexM3\ARM_GCC_541\Debug\Lab4_Strain_Gauge.a(ADC_theACLK.o)
 .debug_aranges
                0x00000b50       0x20 .\CortexM3\ARM_GCC_541\Debug\Lab4_Strain_Gauge.a(CyBootAsmGnu.o)
 .debug_aranges
                0x00000b70       0x20 .\CortexM3\ARM_GCC_541\Debug\Lab4_Strain_Gauge.a(USBUART_cls.o)
 .debug_aranges
                0x00000b90       0x18 .\CortexM3\ARM_GCC_541\Debug\Lab4_Strain_Gauge.a(USBUART_descr.o)
 .debug_aranges
                0x00000ba8       0x88 .\CortexM3\ARM_GCC_541\Debug\Lab4_Strain_Gauge.a(CyFlash.o)
 .debug_aranges
                0x00000c30       0x80 .\CortexM3\ARM_GCC_541\Debug\Lab4_Strain_Gauge.a(CySpc.o)

.debug_pubnames
 *(.debug_pubnames)

.debug_info     0x00000000     0x9101
 *(.debug_info .gnu.linkonce.wi.*)
 .debug_info    0x00000000      0xcd9 .\CortexM3\ARM_GCC_541\Debug\main.o
 .debug_info    0x00000cd9      0x586 .\CortexM3\ARM_GCC_541\Debug\cyfitter_cfg.o
 .debug_info    0x0000125f      0x134 .\CortexM3\ARM_GCC_541\Debug\cymetadata.o
 .debug_info    0x00001393      0x3bb .\CortexM3\ARM_GCC_541\Debug\Cm3Start.o
 .debug_info    0x0000174e      0x151 .\CortexM3\ARM_GCC_541\Debug\Lab4_Strain_Gauge.a(Opamp.o)
 .debug_info    0x0000189f      0x1df .\CortexM3\ARM_GCC_541\Debug\Lab4_Strain_Gauge.a(DAC.o)
 .debug_info    0x00001a7e      0x995 .\CortexM3\ARM_GCC_541\Debug\Lab4_Strain_Gauge.a(USBUART.o)
 .debug_info    0x00002413      0xaf7 .\CortexM3\ARM_GCC_541\Debug\Lab4_Strain_Gauge.a(USBUART_cdc.o)
 .debug_info    0x00002f0a      0x655 .\CortexM3\ARM_GCC_541\Debug\Lab4_Strain_Gauge.a(USBUART_drv.o)
 .debug_info    0x0000355f      0x254 .\CortexM3\ARM_GCC_541\Debug\Lab4_Strain_Gauge.a(USBUART_episr.o)
 .debug_info    0x000037b3      0x2e4 .\CortexM3\ARM_GCC_541\Debug\Lab4_Strain_Gauge.a(USBUART_pm.o)
 .debug_info    0x00003a97      0xb26 .\CortexM3\ARM_GCC_541\Debug\Lab4_Strain_Gauge.a(USBUART_std.o)
 .debug_info    0x000045bd       0xed .\CortexM3\ARM_GCC_541\Debug\Lab4_Strain_Gauge.a(USBUART_vnd.o)
 .debug_info    0x000046aa      0x1d3 .\CortexM3\ARM_GCC_541\Debug\Lab4_Strain_Gauge.a(PGA.o)
 .debug_info    0x0000487d      0x715 .\CortexM3\ARM_GCC_541\Debug\Lab4_Strain_Gauge.a(LCD.o)
 .debug_info    0x00004f92      0x174 .\CortexM3\ARM_GCC_541\Debug\Lab4_Strain_Gauge.a(USBUART_Dp.o)
 .debug_info    0x00005106     0x1374 .\CortexM3\ARM_GCC_541\Debug\Lab4_Strain_Gauge.a(CyLib.o)
 .debug_info    0x0000647a      0xa2a .\CortexM3\ARM_GCC_541\Debug\Lab4_Strain_Gauge.a(cyPm.o)
 .debug_info    0x00006ea4      0xb90 .\CortexM3\ARM_GCC_541\Debug\Lab4_Strain_Gauge.a(ADC.o)
 .debug_info    0x00007a34       0xd3 .\CortexM3\ARM_GCC_541\Debug\Lab4_Strain_Gauge.a(ADC_INT.o)
 .debug_info    0x00007b07      0x283 .\CortexM3\ARM_GCC_541\Debug\Lab4_Strain_Gauge.a(ADC_Ext_CP_Clk.o)
 .debug_info    0x00007d8a      0x2c4 .\CortexM3\ARM_GCC_541\Debug\Lab4_Strain_Gauge.a(ADC_theACLK.o)
 .debug_info    0x0000804e       0x95 .\CortexM3\ARM_GCC_541\Debug\Lab4_Strain_Gauge.a(CyBootAsmGnu.o)
 .debug_info    0x000080e3      0x1de .\CortexM3\ARM_GCC_541\Debug\Lab4_Strain_Gauge.a(USBUART_cls.o)
 .debug_info    0x000082c1      0x2a3 .\CortexM3\ARM_GCC_541\Debug\Lab4_Strain_Gauge.a(USBUART_descr.o)
 .debug_info    0x00008564      0x64d .\CortexM3\ARM_GCC_541\Debug\Lab4_Strain_Gauge.a(CyFlash.o)
 .debug_info    0x00008bb1      0x550 .\CortexM3\ARM_GCC_541\Debug\Lab4_Strain_Gauge.a(CySpc.o)

.debug_abbrev   0x00000000     0x223d
 *(.debug_abbrev)
 .debug_abbrev  0x00000000      0x15f .\CortexM3\ARM_GCC_541\Debug\main.o
 .debug_abbrev  0x0000015f      0x1fe .\CortexM3\ARM_GCC_541\Debug\cyfitter_cfg.o
 .debug_abbrev  0x0000035d       0x5d .\CortexM3\ARM_GCC_541\Debug\cymetadata.o
 .debug_abbrev  0x000003ba      0x1e8 .\CortexM3\ARM_GCC_541\Debug\Cm3Start.o
 .debug_abbrev  0x000005a2       0xb2 .\CortexM3\ARM_GCC_541\Debug\Lab4_Strain_Gauge.a(Opamp.o)
 .debug_abbrev  0x00000654       0xf7 .\CortexM3\ARM_GCC_541\Debug\Lab4_Strain_Gauge.a(DAC.o)
 .debug_abbrev  0x0000074b      0x215 .\CortexM3\ARM_GCC_541\Debug\Lab4_Strain_Gauge.a(USBUART.o)
 .debug_abbrev  0x00000960      0x245 .\CortexM3\ARM_GCC_541\Debug\Lab4_Strain_Gauge.a(USBUART_cdc.o)
 .debug_abbrev  0x00000ba5      0x189 .\CortexM3\ARM_GCC_541\Debug\Lab4_Strain_Gauge.a(USBUART_drv.o)
 .debug_abbrev  0x00000d2e      0x11b .\CortexM3\ARM_GCC_541\Debug\Lab4_Strain_Gauge.a(USBUART_episr.o)
 .debug_abbrev  0x00000e49      0x108 .\CortexM3\ARM_GCC_541\Debug\Lab4_Strain_Gauge.a(USBUART_pm.o)
 .debug_abbrev  0x00000f51      0x20a .\CortexM3\ARM_GCC_541\Debug\Lab4_Strain_Gauge.a(USBUART_std.o)
 .debug_abbrev  0x0000115b       0x9b .\CortexM3\ARM_GCC_541\Debug\Lab4_Strain_Gauge.a(USBUART_vnd.o)
 .debug_abbrev  0x000011f6       0xf6 .\CortexM3\ARM_GCC_541\Debug\Lab4_Strain_Gauge.a(PGA.o)
 .debug_abbrev  0x000012ec      0x157 .\CortexM3\ARM_GCC_541\Debug\Lab4_Strain_Gauge.a(LCD.o)
 .debug_abbrev  0x00001443       0x90 .\CortexM3\ARM_GCC_541\Debug\Lab4_Strain_Gauge.a(USBUART_Dp.o)
 .debug_abbrev  0x000014d3      0x254 .\CortexM3\ARM_GCC_541\Debug\Lab4_Strain_Gauge.a(CyLib.o)
 .debug_abbrev  0x00001727      0x1ab .\CortexM3\ARM_GCC_541\Debug\Lab4_Strain_Gauge.a(cyPm.o)
 .debug_abbrev  0x000018d2      0x1eb .\CortexM3\ARM_GCC_541\Debug\Lab4_Strain_Gauge.a(ADC.o)
 .debug_abbrev  0x00001abd       0x42 .\CortexM3\ARM_GCC_541\Debug\Lab4_Strain_Gauge.a(ADC_INT.o)
 .debug_abbrev  0x00001aff      0x139 .\CortexM3\ARM_GCC_541\Debug\Lab4_Strain_Gauge.a(ADC_Ext_CP_Clk.o)
 .debug_abbrev  0x00001c38      0x121 .\CortexM3\ARM_GCC_541\Debug\Lab4_Strain_Gauge.a(ADC_theACLK.o)
 .debug_abbrev  0x00001d59       0x14 .\CortexM3\ARM_GCC_541\Debug\Lab4_Strain_Gauge.a(CyBootAsmGnu.o)
 .debug_abbrev  0x00001d6d       0xe1 .\CortexM3\ARM_GCC_541\Debug\Lab4_Strain_Gauge.a(USBUART_cls.o)
 .debug_abbrev  0x00001e4e       0xb4 .\CortexM3\ARM_GCC_541\Debug\Lab4_Strain_Gauge.a(USBUART_descr.o)
 .debug_abbrev  0x00001f02      0x1a7 .\CortexM3\ARM_GCC_541\Debug\Lab4_Strain_Gauge.a(CyFlash.o)
 .debug_abbrev  0x000020a9      0x194 .\CortexM3\ARM_GCC_541\Debug\Lab4_Strain_Gauge.a(CySpc.o)

.debug_line     0x00000000     0x347a
 *(.debug_line)
 .debug_line    0x00000000      0x34c .\CortexM3\ARM_GCC_541\Debug\main.o
 .debug_line    0x0000034c      0x204 .\CortexM3\ARM_GCC_541\Debug\cyfitter_cfg.o
 .debug_line    0x00000550      0x141 .\CortexM3\ARM_GCC_541\Debug\cymetadata.o
 .debug_line    0x00000691      0x234 .\CortexM3\ARM_GCC_541\Debug\Cm3Start.o
 .debug_line    0x000008c5       0xa8 .\CortexM3\ARM_GCC_541\Debug\Lab4_Strain_Gauge.a(Opamp.o)
 .debug_line    0x0000096d       0xe0 .\CortexM3\ARM_GCC_541\Debug\Lab4_Strain_Gauge.a(DAC.o)
 .debug_line    0x00000a4d      0x2dc .\CortexM3\ARM_GCC_541\Debug\Lab4_Strain_Gauge.a(USBUART.o)
 .debug_line    0x00000d29      0x2f2 .\CortexM3\ARM_GCC_541\Debug\Lab4_Strain_Gauge.a(USBUART_cdc.o)
 .debug_line    0x0000101b      0x221 .\CortexM3\ARM_GCC_541\Debug\Lab4_Strain_Gauge.a(USBUART_drv.o)
 .debug_line    0x0000123c       0xe6 .\CortexM3\ARM_GCC_541\Debug\Lab4_Strain_Gauge.a(USBUART_episr.o)
 .debug_line    0x00001322      0x10e .\CortexM3\ARM_GCC_541\Debug\Lab4_Strain_Gauge.a(USBUART_pm.o)
 .debug_line    0x00001430      0x3e2 .\CortexM3\ARM_GCC_541\Debug\Lab4_Strain_Gauge.a(USBUART_std.o)
 .debug_line    0x00001812       0x73 .\CortexM3\ARM_GCC_541\Debug\Lab4_Strain_Gauge.a(USBUART_vnd.o)
 .debug_line    0x00001885       0xca .\CortexM3\ARM_GCC_541\Debug\Lab4_Strain_Gauge.a(PGA.o)
 .debug_line    0x0000194f      0x1dc .\CortexM3\ARM_GCC_541\Debug\Lab4_Strain_Gauge.a(LCD.o)
 .debug_line    0x00001b2b       0xbb .\CortexM3\ARM_GCC_541\Debug\Lab4_Strain_Gauge.a(USBUART_Dp.o)
 .debug_line    0x00001be6      0x816 .\CortexM3\ARM_GCC_541\Debug\Lab4_Strain_Gauge.a(CyLib.o)
 .debug_line    0x000023fc      0x367 .\CortexM3\ARM_GCC_541\Debug\Lab4_Strain_Gauge.a(cyPm.o)
 .debug_line    0x00002763      0x3a7 .\CortexM3\ARM_GCC_541\Debug\Lab4_Strain_Gauge.a(ADC.o)
 .debug_line    0x00002b0a       0x80 .\CortexM3\ARM_GCC_541\Debug\Lab4_Strain_Gauge.a(ADC_INT.o)
 .debug_line    0x00002b8a      0x17d .\CortexM3\ARM_GCC_541\Debug\Lab4_Strain_Gauge.a(ADC_Ext_CP_Clk.o)
 .debug_line    0x00002d07      0x19d .\CortexM3\ARM_GCC_541\Debug\Lab4_Strain_Gauge.a(ADC_theACLK.o)
 .debug_line    0x00002ea4       0x66 .\CortexM3\ARM_GCC_541\Debug\Lab4_Strain_Gauge.a(CyBootAsmGnu.o)
 .debug_line    0x00002f0a       0x95 .\CortexM3\ARM_GCC_541\Debug\Lab4_Strain_Gauge.a(USBUART_cls.o)
 .debug_line    0x00002f9f       0x61 .\CortexM3\ARM_GCC_541\Debug\Lab4_Strain_Gauge.a(USBUART_descr.o)
 .debug_line    0x00003000      0x21a .\CortexM3\ARM_GCC_541\Debug\Lab4_Strain_Gauge.a(CyFlash.o)
 .debug_line    0x0000321a      0x260 .\CortexM3\ARM_GCC_541\Debug\Lab4_Strain_Gauge.a(CySpc.o)

.debug_frame    0x00000000     0x26e0
 *(.debug_frame)
 .debug_frame   0x00000000       0x50 .\CortexM3\ARM_GCC_541\Debug\main.o
 .debug_frame   0x00000050       0xe4 .\CortexM3\ARM_GCC_541\Debug\cyfitter_cfg.o
 .debug_frame   0x00000134       0xb8 .\CortexM3\ARM_GCC_541\Debug\Cm3Start.o
 .debug_frame   0x000001ec       0x78 .\CortexM3\ARM_GCC_541\Debug\Lab4_Strain_Gauge.a(Opamp.o)
 .debug_frame   0x00000264       0xb4 .\CortexM3\ARM_GCC_541\Debug\Lab4_Strain_Gauge.a(DAC.o)
 .debug_frame   0x00000318      0x1dc .\CortexM3\ARM_GCC_541\Debug\Lab4_Strain_Gauge.a(USBUART.o)
 .debug_frame   0x000004f4      0x27c .\CortexM3\ARM_GCC_541\Debug\Lab4_Strain_Gauge.a(USBUART_cdc.o)
 .debug_frame   0x00000770      0x194 .\CortexM3\ARM_GCC_541\Debug\Lab4_Strain_Gauge.a(USBUART_drv.o)
 .debug_frame   0x00000904       0x6c .\CortexM3\ARM_GCC_541\Debug\Lab4_Strain_Gauge.a(USBUART_episr.o)
 .debug_frame   0x00000970       0xa0 .\CortexM3\ARM_GCC_541\Debug\Lab4_Strain_Gauge.a(USBUART_pm.o)
 .debug_frame   0x00000a10      0x17c .\CortexM3\ARM_GCC_541\Debug\Lab4_Strain_Gauge.a(USBUART_std.o)
 .debug_frame   0x00000b8c       0x20 .\CortexM3\ARM_GCC_541\Debug\Lab4_Strain_Gauge.a(USBUART_vnd.o)
 .debug_frame   0x00000bac       0x9c .\CortexM3\ARM_GCC_541\Debug\Lab4_Strain_Gauge.a(PGA.o)
 .debug_frame   0x00000c48      0x1e8 .\CortexM3\ARM_GCC_541\Debug\Lab4_Strain_Gauge.a(LCD.o)
 .debug_frame   0x00000e30       0x70 .\CortexM3\ARM_GCC_541\Debug\Lab4_Strain_Gauge.a(USBUART_Dp.o)
 .debug_frame   0x00000ea0      0x738 .\CortexM3\ARM_GCC_541\Debug\Lab4_Strain_Gauge.a(CyLib.o)
 .debug_frame   0x000015d8      0x1f8 .\CortexM3\ARM_GCC_541\Debug\Lab4_Strain_Gauge.a(cyPm.o)
 .debug_frame   0x000017d0      0x284 .\CortexM3\ARM_GCC_541\Debug\Lab4_Strain_Gauge.a(ADC.o)
 .debug_frame   0x00001a54       0x50 .\CortexM3\ARM_GCC_541\Debug\Lab4_Strain_Gauge.a(ADC_INT.o)
 .debug_frame   0x00001aa4       0xe0 .\CortexM3\ARM_GCC_541\Debug\Lab4_Strain_Gauge.a(ADC_Ext_CP_Clk.o)
 .debug_frame   0x00001b84      0x100 .\CortexM3\ARM_GCC_541\Debug\Lab4_Strain_Gauge.a(ADC_theACLK.o)
 .debug_frame   0x00001c84       0x2c .\CortexM3\ARM_GCC_541\Debug\Lab4_Strain_Gauge.a(USBUART_cls.o)
 .debug_frame   0x00001cb0      0x194 .\CortexM3\ARM_GCC_541\Debug\Lab4_Strain_Gauge.a(CyFlash.o)
 .debug_frame   0x00001e44      0x180 .\CortexM3\ARM_GCC_541\Debug\Lab4_Strain_Gauge.a(CySpc.o)
 .debug_frame   0x00001fc4       0x20 c:/program files (x86)/cypress/psoc creator/4.2/psoc creator/import/gnu/arm/5.4.1/bin/../lib/gcc/arm-none-eabi/5.4.1/../../../../arm-none-eabi/lib/armv7-m\libg_nano.a(lib_a-errno.o)
 .debug_frame   0x00001fe4       0x28 c:/program files (x86)/cypress/psoc creator/4.2/psoc creator/import/gnu/arm/5.4.1/bin/../lib/gcc/arm-none-eabi/5.4.1/../../../../arm-none-eabi/lib/armv7-m\libg_nano.a(lib_a-exit.o)
 .debug_frame   0x0000200c       0x2c c:/program files (x86)/cypress/psoc creator/4.2/psoc creator/import/gnu/arm/5.4.1/bin/../lib/gcc/arm-none-eabi/5.4.1/../../../../arm-none-eabi/lib/armv7-m\libg_nano.a(lib_a-init.o)
 .debug_frame   0x00002038       0x38 c:/program files (x86)/cypress/psoc creator/4.2/psoc creator/import/gnu/arm/5.4.1/bin/../lib/gcc/arm-none-eabi/5.4.1/../../../../arm-none-eabi/lib/armv7-m\libg_nano.a(lib_a-itoa.o)
 .debug_frame   0x00002070       0x28 c:/program files (x86)/cypress/psoc creator/4.2/psoc creator/import/gnu/arm/5.4.1/bin/../lib/gcc/arm-none-eabi/5.4.1/../../../../arm-none-eabi/lib/armv7-m\libg_nano.a(lib_a-memcpy-stub.o)
 .debug_frame   0x00002098       0x20 c:/program files (x86)/cypress/psoc creator/4.2/psoc creator/import/gnu/arm/5.4.1/bin/../lib/gcc/arm-none-eabi/5.4.1/../../../../arm-none-eabi/lib/armv7-m\libg_nano.a(lib_a-memset.o)
 .debug_frame   0x000020b8       0x8c c:/program files (x86)/cypress/psoc creator/4.2/psoc creator/import/gnu/arm/5.4.1/bin/../lib/gcc/arm-none-eabi/5.4.1/../../../../arm-none-eabi/lib/armv7-m\libg_nano.a(lib_a-nano-vfprintf_float.o)
 .debug_frame   0x00002144       0x60 c:/program files (x86)/cypress/psoc creator/4.2/psoc creator/import/gnu/arm/5.4.1/bin/../lib/gcc/arm-none-eabi/5.4.1/../../../../arm-none-eabi/lib/armv7-m\libg_nano.a(lib_a-nano-vfprintf_i.o)
 .debug_frame   0x000021a4       0x44 c:/program files (x86)/cypress/psoc creator/4.2/psoc creator/import/gnu/arm/5.4.1/bin/../lib/gcc/arm-none-eabi/5.4.1/../../../../arm-none-eabi/lib/armv7-m\libg_nano.a(lib_a-utoa.o)
 .debug_frame   0x000021e8       0x6c c:/program files (x86)/cypress/psoc creator/4.2/psoc creator/import/gnu/arm/5.4.1/bin/../lib/gcc/arm-none-eabi/5.4.1/../../../../arm-none-eabi/lib/armv7-m\libg_nano.a(lib_a-dtoa.o)
 .debug_frame   0x00002254       0x98 c:/program files (x86)/cypress/psoc creator/4.2/psoc creator/import/gnu/arm/5.4.1/bin/../lib/gcc/arm-none-eabi/5.4.1/../../../../arm-none-eabi/lib/armv7-m\libg_nano.a(lib_a-locale.o)
 .debug_frame   0x000022ec       0x30 c:/program files (x86)/cypress/psoc creator/4.2/psoc creator/import/gnu/arm/5.4.1/bin/../lib/gcc/arm-none-eabi/5.4.1/../../../../arm-none-eabi/lib/armv7-m\libg_nano.a(lib_a-malloc.o)
 .debug_frame   0x0000231c       0x28 c:/program files (x86)/cypress/psoc creator/4.2/psoc creator/import/gnu/arm/5.4.1/bin/../lib/gcc/arm-none-eabi/5.4.1/../../../../arm-none-eabi/lib/armv7-m\libg_nano.a(lib_a-memchr-stub.o)
 .debug_frame   0x00002344      0x234 c:/program files (x86)/cypress/psoc creator/4.2/psoc creator/import/gnu/arm/5.4.1/bin/../lib/gcc/arm-none-eabi/5.4.1/../../../../arm-none-eabi/lib/armv7-m\libg_nano.a(lib_a-mprec.o)
 .debug_frame   0x00002578       0x2c c:/program files (x86)/cypress/psoc creator/4.2/psoc creator/import/gnu/arm/5.4.1/bin/../lib/gcc/arm-none-eabi/5.4.1/../../../../arm-none-eabi/lib/armv7-m\libg_nano.a(lib_a-nano-callocr.o)
 .debug_frame   0x000025a4       0x38 c:/program files (x86)/cypress/psoc creator/4.2/psoc creator/import/gnu/arm/5.4.1/bin/../lib/gcc/arm-none-eabi/5.4.1/../../../../arm-none-eabi/lib/armv7-m\libg_nano.a(lib_a-nano-freer.o)
 .debug_frame   0x000025dc       0x2c c:/program files (x86)/cypress/psoc creator/4.2/psoc creator/import/gnu/arm/5.4.1/bin/../lib/gcc/arm-none-eabi/5.4.1/../../../../arm-none-eabi/lib/armv7-m\libg_nano.a(lib_a-nano-mallocr.o)
 .debug_frame   0x00002608       0x2c c:/program files (x86)/cypress/psoc creator/4.2/psoc creator/import/gnu/arm/5.4.1/bin/../lib/gcc/arm-none-eabi/5.4.1/../../../../arm-none-eabi/lib/armv7-m\libg_nano.a(lib_a-sbrkr.o)
 .debug_frame   0x00002634       0x20 c:/program files (x86)/cypress/psoc creator/4.2/psoc creator/import/gnu/arm/5.4.1/bin/../lib/gcc/arm-none-eabi/5.4.1/../../../../arm-none-eabi/lib/armv7-m\libg_nano.a(lib_a-strcmp.o)
 .debug_frame   0x00002654       0x30 c:/program files (x86)/cypress/psoc creator/4.2/psoc creator/import/gnu/arm/5.4.1/bin/../lib/gcc/arm-none-eabi/5.4.1/../../../../arm-none-eabi/lib/armv7-m\libg_nano.a(lib_a-mlock.o)
 .debug_frame   0x00002684       0x5c c:/program files (x86)/cypress/psoc creator/4.2/psoc creator/import/gnu/arm/5.4.1/bin/../lib/gcc/arm-none-eabi/5.4.1/../../../../arm-none-eabi/lib/armv7-m\libg_nano.a(lib_a-reent.o)

.debug_str      0x00000000     0x2e1e
 *(.debug_str)
 .debug_str     0x00000000      0x336 .\CortexM3\ARM_GCC_541\Debug\main.o
                                0x397 (size before relaxing)
 .debug_str     0x00000336      0x180 .\CortexM3\ARM_GCC_541\Debug\cyfitter_cfg.o
                                0x314 (size before relaxing)
 .debug_str     0x000004b6       0x75 .\CortexM3\ARM_GCC_541\Debug\cymetadata.o
                                0x1e9 (size before relaxing)
 .debug_str     0x0000052b      0x144 .\CortexM3\ARM_GCC_541\Debug\Cm3Start.o
                                0x30f (size before relaxing)
 .debug_str     0x0000066f       0x65 .\CortexM3\ARM_GCC_541\Debug\Lab4_Strain_Gauge.a(Opamp.o)
                                0x1fc (size before relaxing)
 .debug_str     0x000006d4       0x7d .\CortexM3\ARM_GCC_541\Debug\Lab4_Strain_Gauge.a(DAC.o)
                                0x210 (size before relaxing)
 .debug_str     0x00000751      0x45a .\CortexM3\ARM_GCC_541\Debug\Lab4_Strain_Gauge.a(USBUART.o)
                                0x66f (size before relaxing)
 .debug_str     0x00000bab      0x4dc .\CortexM3\ARM_GCC_541\Debug\Lab4_Strain_Gauge.a(USBUART_cdc.o)
                                0x7d6 (size before relaxing)
 .debug_str     0x00001087      0x291 .\CortexM3\ARM_GCC_541\Debug\Lab4_Strain_Gauge.a(USBUART_drv.o)
                                0x64d (size before relaxing)
 .debug_str     0x00001318       0x80 .\CortexM3\ARM_GCC_541\Debug\Lab4_Strain_Gauge.a(USBUART_episr.o)
                                0x2e4 (size before relaxing)
 .debug_str     0x00001398       0xc6 .\CortexM3\ARM_GCC_541\Debug\Lab4_Strain_Gauge.a(USBUART_pm.o)
                                0x2f5 (size before relaxing)
 .debug_str     0x0000145e      0x270 .\CortexM3\ARM_GCC_541\Debug\Lab4_Strain_Gauge.a(USBUART_std.o)
                                0x7bc (size before relaxing)
 .debug_str     0x000016ce       0x25 .\CortexM3\ARM_GCC_541\Debug\Lab4_Strain_Gauge.a(USBUART_vnd.o)
                                0x1f2 (size before relaxing)
 .debug_str     0x000016f3       0x85 .\CortexM3\ARM_GCC_541\Debug\Lab4_Strain_Gauge.a(PGA.o)
                                0x220 (size before relaxing)
 .debug_str     0x00001778      0x11f .\CortexM3\ARM_GCC_541\Debug\Lab4_Strain_Gauge.a(LCD.o)
                                0x330 (size before relaxing)
 .debug_str     0x00001897       0xa4 .\CortexM3\ARM_GCC_541\Debug\Lab4_Strain_Gauge.a(USBUART_Dp.o)
                                0x246 (size before relaxing)
 .debug_str     0x0000193b      0x7c4 .\CortexM3\ARM_GCC_541\Debug\Lab4_Strain_Gauge.a(CyLib.o)
                                0xa4c (size before relaxing)
 .debug_str     0x000020ff      0x365 .\CortexM3\ARM_GCC_541\Debug\Lab4_Strain_Gauge.a(cyPm.o)
                                0x738 (size before relaxing)
 .debug_str     0x00002464      0x330 .\CortexM3\ARM_GCC_541\Debug\Lab4_Strain_Gauge.a(ADC.o)
                                0x5be (size before relaxing)
 .debug_str     0x00002794       0x45 .\CortexM3\ARM_GCC_541\Debug\Lab4_Strain_Gauge.a(ADC_INT.o)
                                0x1c5 (size before relaxing)
 .debug_str     0x000027d9      0x16d .\CortexM3\ARM_GCC_541\Debug\Lab4_Strain_Gauge.a(ADC_Ext_CP_Clk.o)
                                0x347 (size before relaxing)
 .debug_str     0x00002946      0x14f .\CortexM3\ARM_GCC_541\Debug\Lab4_Strain_Gauge.a(ADC_theACLK.o)
                                0x366 (size before relaxing)
 .debug_str     0x00002a95       0x25 .\CortexM3\ARM_GCC_541\Debug\Lab4_Strain_Gauge.a(USBUART_cls.o)
                                0x2b1 (size before relaxing)
 .debug_str     0x00002aba      0x104 .\CortexM3\ARM_GCC_541\Debug\Lab4_Strain_Gauge.a(USBUART_descr.o)
                                0x35e (size before relaxing)
 .debug_str     0x00002bbe      0x1b4 .\CortexM3\ARM_GCC_541\Debug\Lab4_Strain_Gauge.a(CyFlash.o)
                                0x3c5 (size before relaxing)
 .debug_str     0x00002d72       0xac .\CortexM3\ARM_GCC_541\Debug\Lab4_Strain_Gauge.a(CySpc.o)
                                0x33d (size before relaxing)

.debug_loc      0x00000000     0x3dbf
 *(.debug_loc)
 .debug_loc     0x00000000      0x123 .\CortexM3\ARM_GCC_541\Debug\main.o
 .debug_loc     0x00000123      0x1f0 .\CortexM3\ARM_GCC_541\Debug\cyfitter_cfg.o
 .debug_loc     0x00000313      0x144 .\CortexM3\ARM_GCC_541\Debug\Cm3Start.o
 .debug_loc     0x00000457       0x21 .\CortexM3\ARM_GCC_541\Debug\Lab4_Strain_Gauge.a(Opamp.o)
 .debug_loc     0x00000478       0x79 .\CortexM3\ARM_GCC_541\Debug\Lab4_Strain_Gauge.a(DAC.o)
 .debug_loc     0x000004f1      0x3e1 .\CortexM3\ARM_GCC_541\Debug\Lab4_Strain_Gauge.a(USBUART.o)
 .debug_loc     0x000008d2      0x557 .\CortexM3\ARM_GCC_541\Debug\Lab4_Strain_Gauge.a(USBUART_cdc.o)
 .debug_loc     0x00000e29      0x171 .\CortexM3\ARM_GCC_541\Debug\Lab4_Strain_Gauge.a(USBUART_drv.o)
 .debug_loc     0x00000f9a       0x26 .\CortexM3\ARM_GCC_541\Debug\Lab4_Strain_Gauge.a(USBUART_pm.o)
 .debug_loc     0x00000fc0      0x945 .\CortexM3\ARM_GCC_541\Debug\Lab4_Strain_Gauge.a(USBUART_std.o)
 .debug_loc     0x00001905       0x60 .\CortexM3\ARM_GCC_541\Debug\Lab4_Strain_Gauge.a(PGA.o)
 .debug_loc     0x00001965      0x3c6 .\CortexM3\ARM_GCC_541\Debug\Lab4_Strain_Gauge.a(LCD.o)
 .debug_loc     0x00001d2b       0x84 .\CortexM3\ARM_GCC_541\Debug\Lab4_Strain_Gauge.a(USBUART_Dp.o)
 .debug_loc     0x00001daf      0xa11 .\CortexM3\ARM_GCC_541\Debug\Lab4_Strain_Gauge.a(CyLib.o)
 .debug_loc     0x000027c0      0x1e4 .\CortexM3\ARM_GCC_541\Debug\Lab4_Strain_Gauge.a(cyPm.o)
 .debug_loc     0x000029a4      0x681 .\CortexM3\ARM_GCC_541\Debug\Lab4_Strain_Gauge.a(ADC.o)
 .debug_loc     0x00003025      0x12c .\CortexM3\ARM_GCC_541\Debug\Lab4_Strain_Gauge.a(ADC_Ext_CP_Clk.o)
 .debug_loc     0x00003151      0x14d .\CortexM3\ARM_GCC_541\Debug\Lab4_Strain_Gauge.a(ADC_theACLK.o)
 .debug_loc     0x0000329e       0x6a .\CortexM3\ARM_GCC_541\Debug\Lab4_Strain_Gauge.a(USBUART_cls.o)
 .debug_loc     0x00003308      0x3b2 .\CortexM3\ARM_GCC_541\Debug\Lab4_Strain_Gauge.a(CyFlash.o)
 .debug_loc     0x000036ba      0x705 .\CortexM3\ARM_GCC_541\Debug\Lab4_Strain_Gauge.a(CySpc.o)

.debug_macinfo
 *(.debug_macinfo)

.debug_ranges   0x00000000      0xaf8
 *(.debug_ranges)
 .debug_ranges  0x00000000       0x18 .\CortexM3\ARM_GCC_541\Debug\main.o
 .debug_ranges  0x00000018       0x48 .\CortexM3\ARM_GCC_541\Debug\cyfitter_cfg.o
 .debug_ranges  0x00000060       0x38 .\CortexM3\ARM_GCC_541\Debug\Cm3Start.o
 .debug_ranges  0x00000098       0x30 .\CortexM3\ARM_GCC_541\Debug\Lab4_Strain_Gauge.a(Opamp.o)
 .debug_ranges  0x000000c8       0x48 .\CortexM3\ARM_GCC_541\Debug\Lab4_Strain_Gauge.a(DAC.o)
 .debug_ranges  0x00000110       0xd0 .\CortexM3\ARM_GCC_541\Debug\Lab4_Strain_Gauge.a(USBUART.o)
 .debug_ranges  0x000001e0       0xd8 .\CortexM3\ARM_GCC_541\Debug\Lab4_Strain_Gauge.a(USBUART_cdc.o)
 .debug_ranges  0x000002b8       0x88 .\CortexM3\ARM_GCC_541\Debug\Lab4_Strain_Gauge.a(USBUART_drv.o)
 .debug_ranges  0x00000340       0x30 .\CortexM3\ARM_GCC_541\Debug\Lab4_Strain_Gauge.a(USBUART_episr.o)
 .debug_ranges  0x00000370       0x30 .\CortexM3\ARM_GCC_541\Debug\Lab4_Strain_Gauge.a(USBUART_pm.o)
 .debug_ranges  0x000003a0       0x70 .\CortexM3\ARM_GCC_541\Debug\Lab4_Strain_Gauge.a(USBUART_std.o)
 .debug_ranges  0x00000410       0x10 .\CortexM3\ARM_GCC_541\Debug\Lab4_Strain_Gauge.a(USBUART_vnd.o)
 .debug_ranges  0x00000420       0x38 .\CortexM3\ARM_GCC_541\Debug\Lab4_Strain_Gauge.a(PGA.o)
 .debug_ranges  0x00000458       0x88 .\CortexM3\ARM_GCC_541\Debug\Lab4_Strain_Gauge.a(LCD.o)
 .debug_ranges  0x000004e0       0x38 .\CortexM3\ARM_GCC_541\Debug\Lab4_Strain_Gauge.a(USBUART_Dp.o)
 .debug_ranges  0x00000518      0x290 .\CortexM3\ARM_GCC_541\Debug\Lab4_Strain_Gauge.a(CyLib.o)
 .debug_ranges  0x000007a8       0x88 .\CortexM3\ARM_GCC_541\Debug\Lab4_Strain_Gauge.a(cyPm.o)
 .debug_ranges  0x00000830       0xd8 .\CortexM3\ARM_GCC_541\Debug\Lab4_Strain_Gauge.a(ADC.o)
 .debug_ranges  0x00000908       0x28 .\CortexM3\ARM_GCC_541\Debug\Lab4_Strain_Gauge.a(ADC_INT.o)
 .debug_ranges  0x00000930       0x60 .\CortexM3\ARM_GCC_541\Debug\Lab4_Strain_Gauge.a(ADC_Ext_CP_Clk.o)
 .debug_ranges  0x00000990       0x70 .\CortexM3\ARM_GCC_541\Debug\Lab4_Strain_Gauge.a(ADC_theACLK.o)
 .debug_ranges  0x00000a00       0x10 .\CortexM3\ARM_GCC_541\Debug\Lab4_Strain_Gauge.a(USBUART_cls.o)
 .debug_ranges  0x00000a10       0x78 .\CortexM3\ARM_GCC_541\Debug\Lab4_Strain_Gauge.a(CyFlash.o)
 .debug_ranges  0x00000a88       0x70 .\CortexM3\ARM_GCC_541\Debug\Lab4_Strain_Gauge.a(CySpc.o)

.comment        0x00000000       0x6e
 .comment       0x00000000       0x6e .\CortexM3\ARM_GCC_541\Debug\main.o
                                 0x6f (size before relaxing)
 .comment       0x0000006e       0x6f .\CortexM3\ARM_GCC_541\Debug\cyfitter_cfg.o
 .comment       0x0000006e       0x6f .\CortexM3\ARM_GCC_541\Debug\cymetadata.o
 .comment       0x0000006e       0x6f .\CortexM3\ARM_GCC_541\Debug\Cm3Start.o
 .comment       0x0000006e       0x6f .\CortexM3\ARM_GCC_541\Debug\Lab4_Strain_Gauge.a(Opamp.o)
 .comment       0x0000006e       0x6f .\CortexM3\ARM_GCC_541\Debug\Lab4_Strain_Gauge.a(DAC.o)
 .comment       0x0000006e       0x6f .\CortexM3\ARM_GCC_541\Debug\Lab4_Strain_Gauge.a(USBUART.o)
 .comment       0x0000006e       0x6f .\CortexM3\ARM_GCC_541\Debug\Lab4_Strain_Gauge.a(USBUART_cdc.o)
 .comment       0x0000006e       0x6f .\CortexM3\ARM_GCC_541\Debug\Lab4_Strain_Gauge.a(USBUART_drv.o)
 .comment       0x0000006e       0x6f .\CortexM3\ARM_GCC_541\Debug\Lab4_Strain_Gauge.a(USBUART_episr.o)
 .comment       0x0000006e       0x6f .\CortexM3\ARM_GCC_541\Debug\Lab4_Strain_Gauge.a(USBUART_pm.o)
 .comment       0x0000006e       0x6f .\CortexM3\ARM_GCC_541\Debug\Lab4_Strain_Gauge.a(USBUART_std.o)
 .comment       0x0000006e       0x6f .\CortexM3\ARM_GCC_541\Debug\Lab4_Strain_Gauge.a(USBUART_vnd.o)
 .comment       0x0000006e       0x6f .\CortexM3\ARM_GCC_541\Debug\Lab4_Strain_Gauge.a(PGA.o)
 .comment       0x0000006e       0x6f .\CortexM3\ARM_GCC_541\Debug\Lab4_Strain_Gauge.a(LCD.o)
 .comment       0x0000006e       0x6f .\CortexM3\ARM_GCC_541\Debug\Lab4_Strain_Gauge.a(USBUART_Dp.o)
 .comment       0x0000006e       0x6f .\CortexM3\ARM_GCC_541\Debug\Lab4_Strain_Gauge.a(CyLib.o)
 .comment       0x0000006e       0x6f .\CortexM3\ARM_GCC_541\Debug\Lab4_Strain_Gauge.a(cyPm.o)
 .comment       0x0000006e       0x6f .\CortexM3\ARM_GCC_541\Debug\Lab4_Strain_Gauge.a(ADC.o)
 .comment       0x0000006e       0x6f .\CortexM3\ARM_GCC_541\Debug\Lab4_Strain_Gauge.a(ADC_INT.o)
 .comment       0x0000006e       0x6f .\CortexM3\ARM_GCC_541\Debug\Lab4_Strain_Gauge.a(ADC_Ext_CP_Clk.o)
 .comment       0x0000006e       0x6f .\CortexM3\ARM_GCC_541\Debug\Lab4_Strain_Gauge.a(ADC_theACLK.o)
 .comment       0x0000006e       0x6f .\CortexM3\ARM_GCC_541\Debug\Lab4_Strain_Gauge.a(USBUART_cls.o)
 .comment       0x0000006e       0x6f .\CortexM3\ARM_GCC_541\Debug\Lab4_Strain_Gauge.a(USBUART_descr.o)
 .comment       0x0000006e       0x6f .\CortexM3\ARM_GCC_541\Debug\Lab4_Strain_Gauge.a(CyFlash.o)
 .comment       0x0000006e       0x6f .\CortexM3\ARM_GCC_541\Debug\Lab4_Strain_Gauge.a(CySpc.o)

.debug_weaknames
 *(.debug_weaknames)

.debug_funcnames
 *(.debug_funcnames)

.debug_typenames
 *(.debug_typenames)

.debug_varnames
 *(.debug_varnames)

.note.gnu.arm.ident
 *(.note.gnu.arm.ident)

.ARM.attributes
                0x00000000       0x29
 *(.ARM.attributes)
 .ARM.attributes
                0x00000000       0x1d c:/program files (x86)/cypress/psoc creator/4.2/psoc creator/import/gnu/arm/5.4.1/bin/../lib/gcc/arm-none-eabi/5.4.1/armv7-m/crti.o
 .ARM.attributes
                0x0000001d       0x2d c:/program files (x86)/cypress/psoc creator/4.2/psoc creator/import/gnu/arm/5.4.1/bin/../lib/gcc/arm-none-eabi/5.4.1/armv7-m/crtbegin.o
 .ARM.attributes
                0x0000004a       0x1b c:/program files (x86)/cypress/psoc creator/4.2/psoc creator/import/gnu/arm/5.4.1/bin/../lib/gcc/arm-none-eabi/5.4.1/../../../../arm-none-eabi/lib/armv7-m/crt0.o
 .ARM.attributes
                0x00000065       0x33 .\CortexM3\ARM_GCC_541\Debug\main.o
 .ARM.attributes
                0x00000098       0x33 .\CortexM3\ARM_GCC_541\Debug\cyfitter_cfg.o
 .ARM.attributes
                0x000000cb       0x33 .\CortexM3\ARM_GCC_541\Debug\cymetadata.o
 .ARM.attributes
                0x000000fe       0x33 .\CortexM3\ARM_GCC_541\Debug\Cm3Start.o
 .ARM.attributes
                0x00000131       0x33 .\CortexM3\ARM_GCC_541\Debug\Lab4_Strain_Gauge.a(Opamp.o)
 .ARM.attributes
                0x00000164       0x33 .\CortexM3\ARM_GCC_541\Debug\Lab4_Strain_Gauge.a(DAC.o)
 .ARM.attributes
                0x00000197       0x33 .\CortexM3\ARM_GCC_541\Debug\Lab4_Strain_Gauge.a(USBUART.o)
 .ARM.attributes
                0x000001ca       0x33 .\CortexM3\ARM_GCC_541\Debug\Lab4_Strain_Gauge.a(USBUART_cdc.o)
 .ARM.attributes
                0x000001fd       0x33 .\CortexM3\ARM_GCC_541\Debug\Lab4_Strain_Gauge.a(USBUART_drv.o)
 .ARM.attributes
                0x00000230       0x33 .\CortexM3\ARM_GCC_541\Debug\Lab4_Strain_Gauge.a(USBUART_episr.o)
 .ARM.attributes
                0x00000263       0x33 .\CortexM3\ARM_GCC_541\Debug\Lab4_Strain_Gauge.a(USBUART_pm.o)
 .ARM.attributes
                0x00000296       0x33 .\CortexM3\ARM_GCC_541\Debug\Lab4_Strain_Gauge.a(USBUART_std.o)
 .ARM.attributes
                0x000002c9       0x33 .\CortexM3\ARM_GCC_541\Debug\Lab4_Strain_Gauge.a(USBUART_vnd.o)
 .ARM.attributes
                0x000002fc       0x33 .\CortexM3\ARM_GCC_541\Debug\Lab4_Strain_Gauge.a(PGA.o)
 .ARM.attributes
                0x0000032f       0x33 .\CortexM3\ARM_GCC_541\Debug\Lab4_Strain_Gauge.a(LCD.o)
 .ARM.attributes
                0x00000362       0x33 .\CortexM3\ARM_GCC_541\Debug\Lab4_Strain_Gauge.a(USBUART_Dp.o)
 .ARM.attributes
                0x00000395       0x33 .\CortexM3\ARM_GCC_541\Debug\Lab4_Strain_Gauge.a(CyLib.o)
 .ARM.attributes
                0x000003c8       0x33 .\CortexM3\ARM_GCC_541\Debug\Lab4_Strain_Gauge.a(cyPm.o)
 .ARM.attributes
                0x000003fb       0x33 .\CortexM3\ARM_GCC_541\Debug\Lab4_Strain_Gauge.a(ADC.o)
 .ARM.attributes
                0x0000042e       0x33 .\CortexM3\ARM_GCC_541\Debug\Lab4_Strain_Gauge.a(ADC_INT.o)
 .ARM.attributes
                0x00000461       0x33 .\CortexM3\ARM_GCC_541\Debug\Lab4_Strain_Gauge.a(ADC_Ext_CP_Clk.o)
 .ARM.attributes
                0x00000494       0x33 .\CortexM3\ARM_GCC_541\Debug\Lab4_Strain_Gauge.a(ADC_theACLK.o)
 .ARM.attributes
                0x000004c7       0x21 .\CortexM3\ARM_GCC_541\Debug\Lab4_Strain_Gauge.a(CyBootAsmGnu.o)
 .ARM.attributes
                0x000004e8       0x33 .\CortexM3\ARM_GCC_541\Debug\Lab4_Strain_Gauge.a(USBUART_cls.o)
 .ARM.attributes
                0x0000051b       0x33 .\CortexM3\ARM_GCC_541\Debug\Lab4_Strain_Gauge.a(USBUART_descr.o)
 .ARM.attributes
                0x0000054e       0x33 .\CortexM3\ARM_GCC_541\Debug\Lab4_Strain_Gauge.a(CyFlash.o)
 .ARM.attributes
                0x00000581       0x33 .\CortexM3\ARM_GCC_541\Debug\Lab4_Strain_Gauge.a(CySpc.o)
 .ARM.attributes
                0x000005b4       0x1d c:/program files (x86)/cypress/psoc creator/4.2/psoc creator/import/gnu/arm/5.4.1/bin/../lib/gcc/arm-none-eabi/5.4.1/armv7-m\libgcc.a(_arm_addsubdf3.o)
 .ARM.attributes
                0x000005d1       0x1d c:/program files (x86)/cypress/psoc creator/4.2/psoc creator/import/gnu/arm/5.4.1/bin/../lib/gcc/arm-none-eabi/5.4.1/armv7-m\libgcc.a(_arm_cmpdf2.o)
 .ARM.attributes
                0x000005ee       0x1d c:/program files (x86)/cypress/psoc creator/4.2/psoc creator/import/gnu/arm/5.4.1/bin/../lib/gcc/arm-none-eabi/5.4.1/armv7-m\libgcc.a(_arm_addsubsf3.o)
 .ARM.attributes
                0x0000060b       0x1d c:/program files (x86)/cypress/psoc creator/4.2/psoc creator/import/gnu/arm/5.4.1/bin/../lib/gcc/arm-none-eabi/5.4.1/armv7-m\libgcc.a(_arm_muldivsf3.o)
 .ARM.attributes
                0x00000628       0x1d c:/program files (x86)/cypress/psoc creator/4.2/psoc creator/import/gnu/arm/5.4.1/bin/../lib/gcc/arm-none-eabi/5.4.1/armv7-m\libgcc.a(_arm_fixunssfsi.o)
 .ARM.attributes
                0x00000645       0x2d c:/program files (x86)/cypress/psoc creator/4.2/psoc creator/import/gnu/arm/5.4.1/bin/../lib/gcc/arm-none-eabi/5.4.1/../../../../arm-none-eabi/lib/armv7-m\libg_nano.a(lib_a-errno.o)
 .ARM.attributes
                0x00000672       0x2d c:/program files (x86)/cypress/psoc creator/4.2/psoc creator/import/gnu/arm/5.4.1/bin/../lib/gcc/arm-none-eabi/5.4.1/../../../../arm-none-eabi/lib/armv7-m\libg_nano.a(lib_a-exit.o)
 .ARM.attributes
                0x0000069f       0x2d c:/program files (x86)/cypress/psoc creator/4.2/psoc creator/import/gnu/arm/5.4.1/bin/../lib/gcc/arm-none-eabi/5.4.1/../../../../arm-none-eabi/lib/armv7-m\libg_nano.a(lib_a-impure.o)
 .ARM.attributes
                0x000006cc       0x2d c:/program files (x86)/cypress/psoc creator/4.2/psoc creator/import/gnu/arm/5.4.1/bin/../lib/gcc/arm-none-eabi/5.4.1/../../../../arm-none-eabi/lib/armv7-m\libg_nano.a(lib_a-init.o)
 .ARM.attributes
                0x000006f9       0x2d c:/program files (x86)/cypress/psoc creator/4.2/psoc creator/import/gnu/arm/5.4.1/bin/../lib/gcc/arm-none-eabi/5.4.1/../../../../arm-none-eabi/lib/armv7-m\libg_nano.a(lib_a-itoa.o)
 .ARM.attributes
                0x00000726       0x2d c:/program files (x86)/cypress/psoc creator/4.2/psoc creator/import/gnu/arm/5.4.1/bin/../lib/gcc/arm-none-eabi/5.4.1/../../../../arm-none-eabi/lib/armv7-m\libg_nano.a(lib_a-memcpy-stub.o)
 .ARM.attributes
                0x00000753       0x2d c:/program files (x86)/cypress/psoc creator/4.2/psoc creator/import/gnu/arm/5.4.1/bin/../lib/gcc/arm-none-eabi/5.4.1/../../../../arm-none-eabi/lib/armv7-m\libg_nano.a(lib_a-memset.o)
 .ARM.attributes
                0x00000780       0x2d c:/program files (x86)/cypress/psoc creator/4.2/psoc creator/import/gnu/arm/5.4.1/bin/../lib/gcc/arm-none-eabi/5.4.1/../../../../arm-none-eabi/lib/armv7-m\libg_nano.a(lib_a-nano-vfprintf_float.o)
 .ARM.attributes
                0x000007ad       0x2d c:/program files (x86)/cypress/psoc creator/4.2/psoc creator/import/gnu/arm/5.4.1/bin/../lib/gcc/arm-none-eabi/5.4.1/../../../../arm-none-eabi/lib/armv7-m\libg_nano.a(lib_a-nano-vfprintf_i.o)
 .ARM.attributes
                0x000007da       0x17 c:/program files (x86)/cypress/psoc creator/4.2/psoc creator/import/gnu/arm/5.4.1/bin/../lib/gcc/arm-none-eabi/5.4.1/../../../../arm-none-eabi/lib/armv7-m\libg_nano.a(lib_a-strlen.o)
 .ARM.attributes
                0x000007f1       0x2d c:/program files (x86)/cypress/psoc creator/4.2/psoc creator/import/gnu/arm/5.4.1/bin/../lib/gcc/arm-none-eabi/5.4.1/../../../../arm-none-eabi/lib/armv7-m\libg_nano.a(lib_a-utoa.o)
 .ARM.attributes
                0x0000081e       0x2d c:/program files (x86)/cypress/psoc creator/4.2/psoc creator/import/gnu/arm/5.4.1/bin/../lib/gcc/arm-none-eabi/5.4.1/../../../../arm-none-eabi/lib/armv7-m\libg_nano.a(lib_a-dtoa.o)
 .ARM.attributes
                0x0000084b       0x2d c:/program files (x86)/cypress/psoc creator/4.2/psoc creator/import/gnu/arm/5.4.1/bin/../lib/gcc/arm-none-eabi/5.4.1/../../../../arm-none-eabi/lib/armv7-m\libg_nano.a(lib_a-locale.o)
 .ARM.attributes
                0x00000878       0x2d c:/program files (x86)/cypress/psoc creator/4.2/psoc creator/import/gnu/arm/5.4.1/bin/../lib/gcc/arm-none-eabi/5.4.1/../../../../arm-none-eabi/lib/armv7-m\libg_nano.a(lib_a-malloc.o)
 .ARM.attributes
                0x000008a5       0x2d c:/program files (x86)/cypress/psoc creator/4.2/psoc creator/import/gnu/arm/5.4.1/bin/../lib/gcc/arm-none-eabi/5.4.1/../../../../arm-none-eabi/lib/armv7-m\libg_nano.a(lib_a-memchr-stub.o)
 .ARM.attributes
                0x000008d2       0x2d c:/program files (x86)/cypress/psoc creator/4.2/psoc creator/import/gnu/arm/5.4.1/bin/../lib/gcc/arm-none-eabi/5.4.1/../../../../arm-none-eabi/lib/armv7-m\libg_nano.a(lib_a-mprec.o)
 .ARM.attributes
                0x000008ff       0x2d c:/program files (x86)/cypress/psoc creator/4.2/psoc creator/import/gnu/arm/5.4.1/bin/../lib/gcc/arm-none-eabi/5.4.1/../../../../arm-none-eabi/lib/armv7-m\libg_nano.a(lib_a-nano-callocr.o)
 .ARM.attributes
                0x0000092c       0x2d c:/program files (x86)/cypress/psoc creator/4.2/psoc creator/import/gnu/arm/5.4.1/bin/../lib/gcc/arm-none-eabi/5.4.1/../../../../arm-none-eabi/lib/armv7-m\libg_nano.a(lib_a-nano-freer.o)
 .ARM.attributes
                0x00000959       0x2d c:/program files (x86)/cypress/psoc creator/4.2/psoc creator/import/gnu/arm/5.4.1/bin/../lib/gcc/arm-none-eabi/5.4.1/../../../../arm-none-eabi/lib/armv7-m\libg_nano.a(lib_a-nano-mallocr.o)
 .ARM.attributes
                0x00000986       0x2d c:/program files (x86)/cypress/psoc creator/4.2/psoc creator/import/gnu/arm/5.4.1/bin/../lib/gcc/arm-none-eabi/5.4.1/../../../../arm-none-eabi/lib/armv7-m\libg_nano.a(lib_a-sbrkr.o)
 .ARM.attributes
                0x000009b3       0x1b c:/program files (x86)/cypress/psoc creator/4.2/psoc creator/import/gnu/arm/5.4.1/bin/../lib/gcc/arm-none-eabi/5.4.1/../../../../arm-none-eabi/lib/armv7-m\libg_nano.a(lib_a-strcmp.o)
 .ARM.attributes
                0x000009ce       0x2d c:/program files (x86)/cypress/psoc creator/4.2/psoc creator/import/gnu/arm/5.4.1/bin/../lib/gcc/arm-none-eabi/5.4.1/../../../../arm-none-eabi/lib/armv7-m\libg_nano.a(lib_a-mlock.o)
 .ARM.attributes
                0x000009fb       0x2d c:/program files (x86)/cypress/psoc creator/4.2/psoc creator/import/gnu/arm/5.4.1/bin/../lib/gcc/arm-none-eabi/5.4.1/../../../../arm-none-eabi/lib/armv7-m\libg_nano.a(lib_a-reent.o)
 .ARM.attributes
                0x00000a28       0x1d c:/program files (x86)/cypress/psoc creator/4.2/psoc creator/import/gnu/arm/5.4.1/bin/../lib/gcc/arm-none-eabi/5.4.1/armv7-m\libgcc.a(_arm_muldivdf3.o)
 .ARM.attributes
                0x00000a45       0x1d c:/program files (x86)/cypress/psoc creator/4.2/psoc creator/import/gnu/arm/5.4.1/bin/../lib/gcc/arm-none-eabi/5.4.1/armv7-m\libgcc.a(_arm_unorddf2.o)
 .ARM.attributes
                0x00000a62       0x1d c:/program files (x86)/cypress/psoc creator/4.2/psoc creator/import/gnu/arm/5.4.1/bin/../lib/gcc/arm-none-eabi/5.4.1/armv7-m\libgcc.a(_arm_fixdfsi.o)
 .ARM.attributes
                0x00000a7f       0x2d c:/program files (x86)/cypress/psoc creator/4.2/psoc creator/import/gnu/arm/5.4.1/bin/../lib/gcc/arm-none-eabi/5.4.1/armv7-m/crtend.o
 .ARM.attributes
                0x00000aac       0x1d c:/program files (x86)/cypress/psoc creator/4.2/psoc creator/import/gnu/arm/5.4.1/bin/../lib/gcc/arm-none-eabi/5.4.1/armv7-m/crtn.o

/DISCARD/
 *(.note.GNU-stack)
OUTPUT(C:\Users\poorn\Documents\PSoC Creator\ESM_Labs\Lab4_Strain_Gauge.cydsn\CortexM3\ARM_GCC_541\Debug\Lab4_Strain_Gauge.elf elf32-littlearm)
