Archive member included to satisfy reference by file (symbol)

.\CortexM3\ARM_GCC_541\Debug\Lab2_DC_Motor_V_I.a(P4_1.o)
                              .\CortexM3\ARM_GCC_541\Debug\main.o (P4_1_Write)
.\CortexM3\ARM_GCC_541\Debug\Lab2_DC_Motor_V_I.a(P4_5.o)
                              .\CortexM3\ARM_GCC_541\Debug\main.o (P4_5_Write)
.\CortexM3\ARM_GCC_541\Debug\Lab2_DC_Motor_V_I.a(P4_6.o)
                              .\CortexM3\ARM_GCC_541\Debug\main.o (P4_6_Write)
.\CortexM3\ARM_GCC_541\Debug\Lab2_DC_Motor_V_I.a(PGA_1.o)
                              .\CortexM3\ARM_GCC_541\Debug\main.o (PGA_1_Start)
.\CortexM3\ARM_GCC_541\Debug\Lab2_DC_Motor_V_I.a(AMux_1.o)
                              .\CortexM3\ARM_GCC_541\Debug\main.o (AMux_1_Start)
.\CortexM3\ARM_GCC_541\Debug\Lab2_DC_Motor_V_I.a(ADC_SAR_1.o)
                              .\CortexM3\ARM_GCC_541\Debug\main.o (ADC_SAR_1_Start)
.\CortexM3\ARM_GCC_541\Debug\Lab2_DC_Motor_V_I.a(ADC_SAR_1_INT.o)
                              .\CortexM3\ARM_GCC_541\Debug\Lab2_DC_Motor_V_I.a(ADC_SAR_1.o) (ADC_SAR_1_ISR)
.\CortexM3\ARM_GCC_541\Debug\Lab2_DC_Motor_V_I.a(ADC_SAR_1_theACLK.o)
                              .\CortexM3\ARM_GCC_541\Debug\Lab2_DC_Motor_V_I.a(ADC_SAR_1.o) (ADC_SAR_1_theACLK_SetModeRegister)
.\CortexM3\ARM_GCC_541\Debug\Lab2_DC_Motor_V_I.a(CyLib.o)
                              .\CortexM3\ARM_GCC_541\Debug\Cm3Start.o (CyHalt)
.\CortexM3\ARM_GCC_541\Debug\Lab2_DC_Motor_V_I.a(cyPm.o)
                              .\CortexM3\ARM_GCC_541\Debug\Lab2_DC_Motor_V_I.a(CyLib.o) (CyPmReadStatus)
.\CortexM3\ARM_GCC_541\Debug\Lab2_DC_Motor_V_I.a(LCD.o)
                              .\CortexM3\ARM_GCC_541\Debug\main.o (LCD_PrintString)
.\CortexM3\ARM_GCC_541\Debug\Lab2_DC_Motor_V_I.a(CyBootAsmGnu.o)
                              .\CortexM3\ARM_GCC_541\Debug\cyfitter_cfg.o (CyDelayCycles)
.\CortexM3\ARM_GCC_541\Debug\Lab2_DC_Motor_V_I.a(CyFlash.o)
                              .\CortexM3\ARM_GCC_541\Debug\Lab2_DC_Motor_V_I.a(cyPm.o) (CyFlash_SetWaitCycles)
.\CortexM3\ARM_GCC_541\Debug\Lab2_DC_Motor_V_I.a(CySpc.o)
                              .\CortexM3\ARM_GCC_541\Debug\Lab2_DC_Motor_V_I.a(CyFlash.o) (CySpcStart)
c:/program files (x86)/cypress/psoc creator/4.2/psoc creator/import/gnu/arm/5.4.1/bin/../lib/gcc/arm-none-eabi/5.4.1/armv7-m\libgcc.a(_arm_addsubsf3.o)
                              .\CortexM3\ARM_GCC_541\Debug\Lab2_DC_Motor_V_I.a(ADC_SAR_1.o) (__aeabi_i2f)
c:/program files (x86)/cypress/psoc creator/4.2/psoc creator/import/gnu/arm/5.4.1/bin/../lib/gcc/arm-none-eabi/5.4.1/armv7-m\libgcc.a(_arm_muldivsf3.o)
                              .\CortexM3\ARM_GCC_541\Debug\Lab2_DC_Motor_V_I.a(ADC_SAR_1.o) (__aeabi_fmul)
c:/program files (x86)/cypress/psoc creator/4.2/psoc creator/import/gnu/arm/5.4.1/bin/../lib/gcc/arm-none-eabi/5.4.1/armv7-m\libgcc.a(_aeabi_ldivmod.o)
                              .\CortexM3\ARM_GCC_541\Debug\Lab2_DC_Motor_V_I.a(ADC_SAR_1.o) (__aeabi_ldivmod)
c:/program files (x86)/cypress/psoc creator/4.2/psoc creator/import/gnu/arm/5.4.1/bin/../lib/gcc/arm-none-eabi/5.4.1/armv7-m\libgcc.a(_udivmoddi4.o)
                              c:/program files (x86)/cypress/psoc creator/4.2/psoc creator/import/gnu/arm/5.4.1/bin/../lib/gcc/arm-none-eabi/5.4.1/armv7-m\libgcc.a(_aeabi_ldivmod.o) (__udivmoddi4)
c:/program files (x86)/cypress/psoc creator/4.2/psoc creator/import/gnu/arm/5.4.1/bin/../lib/gcc/arm-none-eabi/5.4.1/armv7-m\libgcc.a(_dvmd_tls.o)
                              c:/program files (x86)/cypress/psoc creator/4.2/psoc creator/import/gnu/arm/5.4.1/bin/../lib/gcc/arm-none-eabi/5.4.1/armv7-m\libgcc.a(_aeabi_ldivmod.o) (__aeabi_ldiv0)
c:/program files (x86)/cypress/psoc creator/4.2/psoc creator/import/gnu/arm/5.4.1/bin/../lib/gcc/arm-none-eabi/5.4.1/../../../../arm-none-eabi/lib/armv7-m\libg_nano.a(lib_a-errno.o)
                              .\CortexM3\ARM_GCC_541\Debug\Cm3Start.o (__errno)
c:/program files (x86)/cypress/psoc creator/4.2/psoc creator/import/gnu/arm/5.4.1/bin/../lib/gcc/arm-none-eabi/5.4.1/../../../../arm-none-eabi/lib/armv7-m\libg_nano.a(lib_a-exit.o)
                              c:/program files (x86)/cypress/psoc creator/4.2/psoc creator/import/gnu/arm/5.4.1/bin/../lib/gcc/arm-none-eabi/5.4.1/../../../../arm-none-eabi/lib/armv7-m/crt0.o (exit)
c:/program files (x86)/cypress/psoc creator/4.2/psoc creator/import/gnu/arm/5.4.1/bin/../lib/gcc/arm-none-eabi/5.4.1/../../../../arm-none-eabi/lib/armv7-m\libg_nano.a(lib_a-impure.o)
                              c:/program files (x86)/cypress/psoc creator/4.2/psoc creator/import/gnu/arm/5.4.1/bin/../lib/gcc/arm-none-eabi/5.4.1/../../../../arm-none-eabi/lib/armv7-m\libg_nano.a(lib_a-exit.o) (_global_impure_ptr)
c:/program files (x86)/cypress/psoc creator/4.2/psoc creator/import/gnu/arm/5.4.1/bin/../lib/gcc/arm-none-eabi/5.4.1/../../../../arm-none-eabi/lib/armv7-m\libg_nano.a(lib_a-init.o)
                              c:/program files (x86)/cypress/psoc creator/4.2/psoc creator/import/gnu/arm/5.4.1/bin/../lib/gcc/arm-none-eabi/5.4.1/../../../../arm-none-eabi/lib/armv7-m/crt0.o (__libc_init_array)
c:/program files (x86)/cypress/psoc creator/4.2/psoc creator/import/gnu/arm/5.4.1/bin/../lib/gcc/arm-none-eabi/5.4.1/../../../../arm-none-eabi/lib/armv7-m\libg_nano.a(lib_a-memcpy-stub.o)
                              .\CortexM3\ARM_GCC_541\Debug\cyfitter_cfg.o (memcpy)
c:/program files (x86)/cypress/psoc creator/4.2/psoc creator/import/gnu/arm/5.4.1/bin/../lib/gcc/arm-none-eabi/5.4.1/../../../../arm-none-eabi/lib/armv7-m\libg_nano.a(lib_a-memset.o)
                              c:/program files (x86)/cypress/psoc creator/4.2/psoc creator/import/gnu/arm/5.4.1/bin/../lib/gcc/arm-none-eabi/5.4.1/../../../../arm-none-eabi/lib/armv7-m/crt0.o (memset)

Allocating common symbols
Common symbol       size              file

ADC_SAR_1_countsPerVolt
                    0x2               .\CortexM3\ARM_GCC_541\Debug\Lab2_DC_Motor_V_I.a(ADC_SAR_1.o)
ADC_SAR_1_shift     0x2               .\CortexM3\ARM_GCC_541\Debug\Lab2_DC_Motor_V_I.a(ADC_SAR_1.o)
ADC_SAR_1_countsPer10Volt
                    0x4               .\CortexM3\ARM_GCC_541\Debug\Lab2_DC_Motor_V_I.a(ADC_SAR_1.o)
dieTemperature      0x2               .\CortexM3\ARM_GCC_541\Debug\Lab2_DC_Motor_V_I.a(CyFlash.o)
ADC_SAR_1_offset    0x2               .\CortexM3\ARM_GCC_541\Debug\Lab2_DC_Motor_V_I.a(ADC_SAR_1.o)

Discarded input sections

 .text          0x00000000        0x0 c:/program files (x86)/cypress/psoc creator/4.2/psoc creator/import/gnu/arm/5.4.1/bin/../lib/gcc/arm-none-eabi/5.4.1/armv7-m/crti.o
 .data          0x00000000        0x0 c:/program files (x86)/cypress/psoc creator/4.2/psoc creator/import/gnu/arm/5.4.1/bin/../lib/gcc/arm-none-eabi/5.4.1/armv7-m/crti.o
 .bss           0x00000000        0x0 c:/program files (x86)/cypress/psoc creator/4.2/psoc creator/import/gnu/arm/5.4.1/bin/../lib/gcc/arm-none-eabi/5.4.1/armv7-m/crti.o
 .data          0x00000000        0x4 c:/program files (x86)/cypress/psoc creator/4.2/psoc creator/import/gnu/arm/5.4.1/bin/../lib/gcc/arm-none-eabi/5.4.1/armv7-m/crtbegin.o
 .text          0x00000000       0x74 c:/program files (x86)/cypress/psoc creator/4.2/psoc creator/import/gnu/arm/5.4.1/bin/../lib/gcc/arm-none-eabi/5.4.1/../../../../arm-none-eabi/lib/armv7-m/crt0.o
 .data          0x00000000        0x0 c:/program files (x86)/cypress/psoc creator/4.2/psoc creator/import/gnu/arm/5.4.1/bin/../lib/gcc/arm-none-eabi/5.4.1/../../../../arm-none-eabi/lib/armv7-m/crt0.o
 .bss           0x00000000        0x0 c:/program files (x86)/cypress/psoc creator/4.2/psoc creator/import/gnu/arm/5.4.1/bin/../lib/gcc/arm-none-eabi/5.4.1/../../../../arm-none-eabi/lib/armv7-m/crt0.o
 .ARM.extab     0x00000000        0x0 c:/program files (x86)/cypress/psoc creator/4.2/psoc creator/import/gnu/arm/5.4.1/bin/../lib/gcc/arm-none-eabi/5.4.1/../../../../arm-none-eabi/lib/armv7-m/crt0.o
 .ARM.exidx     0x00000000        0x8 c:/program files (x86)/cypress/psoc creator/4.2/psoc creator/import/gnu/arm/5.4.1/bin/../lib/gcc/arm-none-eabi/5.4.1/../../../../arm-none-eabi/lib/armv7-m/crt0.o
 .text          0x00000000        0x0 .\CortexM3\ARM_GCC_541\Debug\main.o
 .data          0x00000000        0x0 .\CortexM3\ARM_GCC_541\Debug\main.o
 .bss           0x00000000        0x0 .\CortexM3\ARM_GCC_541\Debug\main.o
 .text          0x00000000        0x0 .\CortexM3\ARM_GCC_541\Debug\cyfitter_cfg.o
 .data          0x00000000        0x0 .\CortexM3\ARM_GCC_541\Debug\cyfitter_cfg.o
 .bss           0x00000000        0x0 .\CortexM3\ARM_GCC_541\Debug\cyfitter_cfg.o
 .text.SetAnalogRoutingPumps
                0x00000000       0x1c .\CortexM3\ARM_GCC_541\Debug\cyfitter_cfg.o
 .text          0x00000000        0x0 .\CortexM3\ARM_GCC_541\Debug\cymetadata.o
 .data          0x00000000        0x0 .\CortexM3\ARM_GCC_541\Debug\cymetadata.o
 .bss           0x00000000        0x0 .\CortexM3\ARM_GCC_541\Debug\cymetadata.o
 .text          0x00000000        0x0 .\CortexM3\ARM_GCC_541\Debug\Cm3Start.o
 .data          0x00000000        0x4 .\CortexM3\ARM_GCC_541\Debug\Cm3Start.o
 .bss           0x00000000        0x0 .\CortexM3\ARM_GCC_541\Debug\Cm3Start.o
 .text._exit    0x00000000        0xc .\CortexM3\ARM_GCC_541\Debug\Cm3Start.o
 .text._sbrk    0x00000000       0x30 .\CortexM3\ARM_GCC_541\Debug\Cm3Start.o
 .text          0x00000000        0x0 .\CortexM3\ARM_GCC_541\Debug\Lab2_DC_Motor_V_I.a(P4_1.o)
 .data          0x00000000        0x0 .\CortexM3\ARM_GCC_541\Debug\Lab2_DC_Motor_V_I.a(P4_1.o)
 .bss           0x00000000        0x0 .\CortexM3\ARM_GCC_541\Debug\Lab2_DC_Motor_V_I.a(P4_1.o)
 .text.P4_1_SetDriveMode
                0x00000000       0x18 .\CortexM3\ARM_GCC_541\Debug\Lab2_DC_Motor_V_I.a(P4_1.o)
 .text.P4_1_Read
                0x00000000       0x10 .\CortexM3\ARM_GCC_541\Debug\Lab2_DC_Motor_V_I.a(P4_1.o)
 .text.P4_1_ReadDataReg
                0x00000000       0x10 .\CortexM3\ARM_GCC_541\Debug\Lab2_DC_Motor_V_I.a(P4_1.o)
 .text          0x00000000        0x0 .\CortexM3\ARM_GCC_541\Debug\Lab2_DC_Motor_V_I.a(P4_5.o)
 .data          0x00000000        0x0 .\CortexM3\ARM_GCC_541\Debug\Lab2_DC_Motor_V_I.a(P4_5.o)
 .bss           0x00000000        0x0 .\CortexM3\ARM_GCC_541\Debug\Lab2_DC_Motor_V_I.a(P4_5.o)
 .text.P4_5_SetDriveMode
                0x00000000       0x18 .\CortexM3\ARM_GCC_541\Debug\Lab2_DC_Motor_V_I.a(P4_5.o)
 .text.P4_5_Read
                0x00000000       0x10 .\CortexM3\ARM_GCC_541\Debug\Lab2_DC_Motor_V_I.a(P4_5.o)
 .text.P4_5_ReadDataReg
                0x00000000       0x10 .\CortexM3\ARM_GCC_541\Debug\Lab2_DC_Motor_V_I.a(P4_5.o)
 .text          0x00000000        0x0 .\CortexM3\ARM_GCC_541\Debug\Lab2_DC_Motor_V_I.a(P4_6.o)
 .data          0x00000000        0x0 .\CortexM3\ARM_GCC_541\Debug\Lab2_DC_Motor_V_I.a(P4_6.o)
 .bss           0x00000000        0x0 .\CortexM3\ARM_GCC_541\Debug\Lab2_DC_Motor_V_I.a(P4_6.o)
 .text.P4_6_SetDriveMode
                0x00000000       0x18 .\CortexM3\ARM_GCC_541\Debug\Lab2_DC_Motor_V_I.a(P4_6.o)
 .text.P4_6_Read
                0x00000000       0x10 .\CortexM3\ARM_GCC_541\Debug\Lab2_DC_Motor_V_I.a(P4_6.o)
 .text.P4_6_ReadDataReg
                0x00000000       0x10 .\CortexM3\ARM_GCC_541\Debug\Lab2_DC_Motor_V_I.a(P4_6.o)
 .text          0x00000000        0x0 .\CortexM3\ARM_GCC_541\Debug\Lab2_DC_Motor_V_I.a(PGA_1.o)
 .data          0x00000000        0x0 .\CortexM3\ARM_GCC_541\Debug\Lab2_DC_Motor_V_I.a(PGA_1.o)
 .text.PGA_1_Stop
                0x00000000       0x1c .\CortexM3\ARM_GCC_541\Debug\Lab2_DC_Motor_V_I.a(PGA_1.o)
 .text          0x00000000        0x0 .\CortexM3\ARM_GCC_541\Debug\Lab2_DC_Motor_V_I.a(AMux_1.o)
 .bss           0x00000000        0x0 .\CortexM3\ARM_GCC_541\Debug\Lab2_DC_Motor_V_I.a(AMux_1.o)
 .text.AMux_1_FastSelect
                0x00000000       0x20 .\CortexM3\ARM_GCC_541\Debug\Lab2_DC_Motor_V_I.a(AMux_1.o)
 .text          0x00000000        0x0 .\CortexM3\ARM_GCC_541\Debug\Lab2_DC_Motor_V_I.a(ADC_SAR_1.o)
 .data          0x00000000        0x0 .\CortexM3\ARM_GCC_541\Debug\Lab2_DC_Motor_V_I.a(ADC_SAR_1.o)
 .text.ADC_SAR_1_Stop
                0x00000000       0x48 .\CortexM3\ARM_GCC_541\Debug\Lab2_DC_Motor_V_I.a(ADC_SAR_1.o)
 .text.ADC_SAR_1_SetPower
                0x00000000       0x18 .\CortexM3\ARM_GCC_541\Debug\Lab2_DC_Motor_V_I.a(ADC_SAR_1.o)
 .text.ADC_SAR_1_StopConvert
                0x00000000       0x10 .\CortexM3\ARM_GCC_541\Debug\Lab2_DC_Motor_V_I.a(ADC_SAR_1.o)
 .text.ADC_SAR_1_GetResult8
                0x00000000       0x18 .\CortexM3\ARM_GCC_541\Debug\Lab2_DC_Motor_V_I.a(ADC_SAR_1.o)
 .text.ADC_SAR_1_SetOffset
                0x00000000        0xc .\CortexM3\ARM_GCC_541\Debug\Lab2_DC_Motor_V_I.a(ADC_SAR_1.o)
 .text.ADC_SAR_1_SetGain
                0x00000000       0x10 .\CortexM3\ARM_GCC_541\Debug\Lab2_DC_Motor_V_I.a(ADC_SAR_1.o)
 .text.ADC_SAR_1_SetScaledGain
                0x00000000        0xc .\CortexM3\ARM_GCC_541\Debug\Lab2_DC_Motor_V_I.a(ADC_SAR_1.o)
 .text.ADC_SAR_1_CountsTo_uVolts
                0x00000000       0x48 .\CortexM3\ARM_GCC_541\Debug\Lab2_DC_Motor_V_I.a(ADC_SAR_1.o)
 .text.ADC_SAR_1_CountsTo_Volts
                0x00000000       0x50 .\CortexM3\ARM_GCC_541\Debug\Lab2_DC_Motor_V_I.a(ADC_SAR_1.o)
 .text          0x00000000        0x0 .\CortexM3\ARM_GCC_541\Debug\Lab2_DC_Motor_V_I.a(ADC_SAR_1_INT.o)
 .data          0x00000000        0x0 .\CortexM3\ARM_GCC_541\Debug\Lab2_DC_Motor_V_I.a(ADC_SAR_1_INT.o)
 .bss           0x00000000        0x0 .\CortexM3\ARM_GCC_541\Debug\Lab2_DC_Motor_V_I.a(ADC_SAR_1_INT.o)
 .text          0x00000000        0x0 .\CortexM3\ARM_GCC_541\Debug\Lab2_DC_Motor_V_I.a(ADC_SAR_1_theACLK.o)
 .data          0x00000000        0x0 .\CortexM3\ARM_GCC_541\Debug\Lab2_DC_Motor_V_I.a(ADC_SAR_1_theACLK.o)
 .bss           0x00000000        0x0 .\CortexM3\ARM_GCC_541\Debug\Lab2_DC_Motor_V_I.a(ADC_SAR_1_theACLK.o)
 .text.ADC_SAR_1_theACLK_Start
                0x00000000       0x1c .\CortexM3\ARM_GCC_541\Debug\Lab2_DC_Motor_V_I.a(ADC_SAR_1_theACLK.o)
 .text.ADC_SAR_1_theACLK_Stop
                0x00000000       0x1c .\CortexM3\ARM_GCC_541\Debug\Lab2_DC_Motor_V_I.a(ADC_SAR_1_theACLK.o)
 .text.ADC_SAR_1_theACLK_StopBlock
                0x00000000       0x6c .\CortexM3\ARM_GCC_541\Debug\Lab2_DC_Motor_V_I.a(ADC_SAR_1_theACLK.o)
 .text.ADC_SAR_1_theACLK_StandbyPower
                0x00000000       0x20 .\CortexM3\ARM_GCC_541\Debug\Lab2_DC_Motor_V_I.a(ADC_SAR_1_theACLK.o)
 .text.ADC_SAR_1_theACLK_GetDividerRegister
                0x00000000        0xc .\CortexM3\ARM_GCC_541\Debug\Lab2_DC_Motor_V_I.a(ADC_SAR_1_theACLK.o)
 .text.ADC_SAR_1_theACLK_ClearModeRegister
                0x00000000       0x18 .\CortexM3\ARM_GCC_541\Debug\Lab2_DC_Motor_V_I.a(ADC_SAR_1_theACLK.o)
 .text.ADC_SAR_1_theACLK_GetModeRegister
                0x00000000       0x10 .\CortexM3\ARM_GCC_541\Debug\Lab2_DC_Motor_V_I.a(ADC_SAR_1_theACLK.o)
 .text.ADC_SAR_1_theACLK_GetSourceRegister
                0x00000000       0x10 .\CortexM3\ARM_GCC_541\Debug\Lab2_DC_Motor_V_I.a(ADC_SAR_1_theACLK.o)
 .text.ADC_SAR_1_theACLK_SetDividerRegister
                0x00000000       0xd8 .\CortexM3\ARM_GCC_541\Debug\Lab2_DC_Motor_V_I.a(ADC_SAR_1_theACLK.o)
 .text.ADC_SAR_1_theACLK_SetSourceRegister
                0x00000000       0x5c .\CortexM3\ARM_GCC_541\Debug\Lab2_DC_Motor_V_I.a(ADC_SAR_1_theACLK.o)
 .text.ADC_SAR_1_theACLK_SetPhaseRegister
                0x00000000       0x10 .\CortexM3\ARM_GCC_541\Debug\Lab2_DC_Motor_V_I.a(ADC_SAR_1_theACLK.o)
 .text.ADC_SAR_1_theACLK_GetPhaseRegister
                0x00000000       0x10 .\CortexM3\ARM_GCC_541\Debug\Lab2_DC_Motor_V_I.a(ADC_SAR_1_theACLK.o)
 .text          0x00000000        0x0 .\CortexM3\ARM_GCC_541\Debug\Lab2_DC_Motor_V_I.a(CyLib.o)
 .bss           0x00000000       0x1c .\CortexM3\ARM_GCC_541\Debug\Lab2_DC_Motor_V_I.a(CyLib.o)
 .text.CyUSB_PowerOnCheck
                0x00000000       0x48 .\CortexM3\ARM_GCC_541\Debug\Lab2_DC_Motor_V_I.a(CyLib.o)
 .text.CyBusClk_Internal_SetDivider
                0x00000000       0x48 .\CortexM3\ARM_GCC_541\Debug\Lab2_DC_Motor_V_I.a(CyLib.o)
 .text.CyPLL_OUT_Stop
                0x00000000       0x10 .\CortexM3\ARM_GCC_541\Debug\Lab2_DC_Motor_V_I.a(CyLib.o)
 .text.CyIMO_Stop
                0x00000000       0x1c .\CortexM3\ARM_GCC_541\Debug\Lab2_DC_Motor_V_I.a(CyLib.o)
 .text.CyIMO_EnableDoubler
                0x00000000       0x10 .\CortexM3\ARM_GCC_541\Debug\Lab2_DC_Motor_V_I.a(CyLib.o)
 .text.CyIMO_DisableDoubler
                0x00000000       0x10 .\CortexM3\ARM_GCC_541\Debug\Lab2_DC_Motor_V_I.a(CyLib.o)
 .text.CyMasterClk_SetSource
                0x00000000       0x18 .\CortexM3\ARM_GCC_541\Debug\Lab2_DC_Motor_V_I.a(CyLib.o)
 .text.CyMasterClk_SetDivider
                0x00000000        0xc .\CortexM3\ARM_GCC_541\Debug\Lab2_DC_Motor_V_I.a(CyLib.o)
 .text.CyBusClk_SetDivider
                0x00000000       0x70 .\CortexM3\ARM_GCC_541\Debug\Lab2_DC_Motor_V_I.a(CyLib.o)
 .text.CyUsbClk_SetSource
                0x00000000       0x18 .\CortexM3\ARM_GCC_541\Debug\Lab2_DC_Motor_V_I.a(CyLib.o)
 .text.CyILO_Start1K
                0x00000000       0x10 .\CortexM3\ARM_GCC_541\Debug\Lab2_DC_Motor_V_I.a(CyLib.o)
 .text.CyILO_Stop1K
                0x00000000       0x10 .\CortexM3\ARM_GCC_541\Debug\Lab2_DC_Motor_V_I.a(CyLib.o)
 .text.CyILO_Start100K
                0x00000000       0x10 .\CortexM3\ARM_GCC_541\Debug\Lab2_DC_Motor_V_I.a(CyLib.o)
 .text.CyILO_Stop100K
                0x00000000       0x10 .\CortexM3\ARM_GCC_541\Debug\Lab2_DC_Motor_V_I.a(CyLib.o)
 .text.CyPLL_OUT_Start
                0x00000000       0x78 .\CortexM3\ARM_GCC_541\Debug\Lab2_DC_Motor_V_I.a(CyLib.o)
 .text.CyIMO_Start
                0x00000000       0x60 .\CortexM3\ARM_GCC_541\Debug\Lab2_DC_Motor_V_I.a(CyLib.o)
 .text.CyILO_Enable33K
                0x00000000       0x10 .\CortexM3\ARM_GCC_541\Debug\Lab2_DC_Motor_V_I.a(CyLib.o)
 .text.CyILO_Disable33K
                0x00000000       0x10 .\CortexM3\ARM_GCC_541\Debug\Lab2_DC_Motor_V_I.a(CyLib.o)
 .text.CyILO_SetSource
                0x00000000       0x18 .\CortexM3\ARM_GCC_541\Debug\Lab2_DC_Motor_V_I.a(CyLib.o)
 .text.CyILO_SetPowerMode
                0x00000000       0x24 .\CortexM3\ARM_GCC_541\Debug\Lab2_DC_Motor_V_I.a(CyLib.o)
 .text.CyXTAL_32KHZ_Stop
                0x00000000       0x30 .\CortexM3\ARM_GCC_541\Debug\Lab2_DC_Motor_V_I.a(CyLib.o)
 .text.CyXTAL_32KHZ_ReadStatus
                0x00000000       0x10 .\CortexM3\ARM_GCC_541\Debug\Lab2_DC_Motor_V_I.a(CyLib.o)
 .text.CyXTAL_Start
                0x00000000       0xac .\CortexM3\ARM_GCC_541\Debug\Lab2_DC_Motor_V_I.a(CyLib.o)
 .text.CyXTAL_Stop
                0x00000000       0x10 .\CortexM3\ARM_GCC_541\Debug\Lab2_DC_Motor_V_I.a(CyLib.o)
 .text.CyXTAL_EnableErrStatus
                0x00000000       0x10 .\CortexM3\ARM_GCC_541\Debug\Lab2_DC_Motor_V_I.a(CyLib.o)
 .text.CyXTAL_DisableErrStatus
                0x00000000       0x10 .\CortexM3\ARM_GCC_541\Debug\Lab2_DC_Motor_V_I.a(CyLib.o)
 .text.CyXTAL_ReadStatus
                0x00000000       0x18 .\CortexM3\ARM_GCC_541\Debug\Lab2_DC_Motor_V_I.a(CyLib.o)
 .text.CyXTAL_EnableFaultRecovery
                0x00000000       0x10 .\CortexM3\ARM_GCC_541\Debug\Lab2_DC_Motor_V_I.a(CyLib.o)
 .text.CyXTAL_DisableFaultRecovery
                0x00000000       0x10 .\CortexM3\ARM_GCC_541\Debug\Lab2_DC_Motor_V_I.a(CyLib.o)
 .text.CyXTAL_SetStartup
                0x00000000       0x18 .\CortexM3\ARM_GCC_541\Debug\Lab2_DC_Motor_V_I.a(CyLib.o)
 .text.CyXTAL_SetFbVoltage
                0x00000000       0x18 .\CortexM3\ARM_GCC_541\Debug\Lab2_DC_Motor_V_I.a(CyLib.o)
 .text.CyXTAL_SetWdVoltage
                0x00000000       0x18 .\CortexM3\ARM_GCC_541\Debug\Lab2_DC_Motor_V_I.a(CyLib.o)
 .text.CyPLL_OUT_SetPQ
                0x00000000       0x60 .\CortexM3\ARM_GCC_541\Debug\Lab2_DC_Motor_V_I.a(CyLib.o)
 .text.CyPLL_OUT_SetSource
                0x00000000       0x34 .\CortexM3\ARM_GCC_541\Debug\Lab2_DC_Motor_V_I.a(CyLib.o)
 .text.CyIMO_SetTrimValue
                0x00000000       0xcc .\CortexM3\ARM_GCC_541\Debug\Lab2_DC_Motor_V_I.a(CyLib.o)
 .text.CyIMO_SetFreq
                0x00000000       0xf4 .\CortexM3\ARM_GCC_541\Debug\Lab2_DC_Motor_V_I.a(CyLib.o)
 .text.CyIMO_SetSource
                0x00000000       0x58 .\CortexM3\ARM_GCC_541\Debug\Lab2_DC_Motor_V_I.a(CyLib.o)
 .text.CySoftwareReset
                0x00000000       0x10 .\CortexM3\ARM_GCC_541\Debug\Lab2_DC_Motor_V_I.a(CyLib.o)
 .text.CyXTAL_32KHZ_SetPowerMode
                0x00000000       0x84 .\CortexM3\ARM_GCC_541\Debug\Lab2_DC_Motor_V_I.a(CyLib.o)
 .text.CyXTAL_32KHZ_Start
                0x00000000       0x74 .\CortexM3\ARM_GCC_541\Debug\Lab2_DC_Motor_V_I.a(CyLib.o)
 .text.CyDelayFreq
                0x00000000       0x4c .\CortexM3\ARM_GCC_541\Debug\Lab2_DC_Motor_V_I.a(CyLib.o)
 .text.CyWdtStart
                0x00000000       0x40 .\CortexM3\ARM_GCC_541\Debug\Lab2_DC_Motor_V_I.a(CyLib.o)
 .text.CyWdtClear
                0x00000000        0xc .\CortexM3\ARM_GCC_541\Debug\Lab2_DC_Motor_V_I.a(CyLib.o)
 .text.CyVdStickyStatus
                0x00000000       0x2c .\CortexM3\ARM_GCC_541\Debug\Lab2_DC_Motor_V_I.a(CyLib.o)
 .text.CyVdLvDigitEnable
                0x00000000       0x84 .\CortexM3\ARM_GCC_541\Debug\Lab2_DC_Motor_V_I.a(CyLib.o)
 .text.CyVdLvAnalogEnable
                0x00000000       0x80 .\CortexM3\ARM_GCC_541\Debug\Lab2_DC_Motor_V_I.a(CyLib.o)
 .text.CyVdLvDigitDisable
                0x00000000       0x30 .\CortexM3\ARM_GCC_541\Debug\Lab2_DC_Motor_V_I.a(CyLib.o)
 .text.CyVdLvAnalogDisable
                0x00000000       0x28 .\CortexM3\ARM_GCC_541\Debug\Lab2_DC_Motor_V_I.a(CyLib.o)
 .text.CyVdHvAnalogEnable
                0x00000000       0x54 .\CortexM3\ARM_GCC_541\Debug\Lab2_DC_Motor_V_I.a(CyLib.o)
 .text.CyVdHvAnalogDisable
                0x00000000       0x20 .\CortexM3\ARM_GCC_541\Debug\Lab2_DC_Motor_V_I.a(CyLib.o)
 .text.CyVdRealTimeStatus
                0x00000000       0x1c .\CortexM3\ARM_GCC_541\Debug\Lab2_DC_Motor_V_I.a(CyLib.o)
 .text.CyDisableInts
                0x00000000       0x1c .\CortexM3\ARM_GCC_541\Debug\Lab2_DC_Motor_V_I.a(CyLib.o)
 .text.CyEnableInts
                0x00000000       0x18 .\CortexM3\ARM_GCC_541\Debug\Lab2_DC_Motor_V_I.a(CyLib.o)
 .text.CyFlushCache
                0x00000000       0x44 .\CortexM3\ARM_GCC_541\Debug\Lab2_DC_Motor_V_I.a(CyLib.o)
 .text.CyIntSetSysVector
                0x00000000       0x28 .\CortexM3\ARM_GCC_541\Debug\Lab2_DC_Motor_V_I.a(CyLib.o)
 .text.CyIntGetSysVector
                0x00000000       0x20 .\CortexM3\ARM_GCC_541\Debug\Lab2_DC_Motor_V_I.a(CyLib.o)
 .text.CyIntGetVector
                0x00000000       0x24 .\CortexM3\ARM_GCC_541\Debug\Lab2_DC_Motor_V_I.a(CyLib.o)
 .text.CyIntGetPriority
                0x00000000       0x20 .\CortexM3\ARM_GCC_541\Debug\Lab2_DC_Motor_V_I.a(CyLib.o)
 .text.CyIntGetState
                0x00000000       0x24 .\CortexM3\ARM_GCC_541\Debug\Lab2_DC_Motor_V_I.a(CyLib.o)
 .text.CySysTickStop
                0x00000000       0x10 .\CortexM3\ARM_GCC_541\Debug\Lab2_DC_Motor_V_I.a(CyLib.o)
 .text.CySysTickEnableInterrupt
                0x00000000       0x10 .\CortexM3\ARM_GCC_541\Debug\Lab2_DC_Motor_V_I.a(CyLib.o)
 .text.CySysTickEnable
                0x00000000       0x18 .\CortexM3\ARM_GCC_541\Debug\Lab2_DC_Motor_V_I.a(CyLib.o)
 .text.CySysTickDisableInterrupt
                0x00000000       0x10 .\CortexM3\ARM_GCC_541\Debug\Lab2_DC_Motor_V_I.a(CyLib.o)
 .text.CySysTickSetReload
                0x00000000       0x10 .\CortexM3\ARM_GCC_541\Debug\Lab2_DC_Motor_V_I.a(CyLib.o)
 .text.CySysTickGetReload
                0x00000000       0x10 .\CortexM3\ARM_GCC_541\Debug\Lab2_DC_Motor_V_I.a(CyLib.o)
 .text.CySysTickGetValue
                0x00000000       0x10 .\CortexM3\ARM_GCC_541\Debug\Lab2_DC_Motor_V_I.a(CyLib.o)
 .text.CySysTickSetClockSource
                0x00000000       0x20 .\CortexM3\ARM_GCC_541\Debug\Lab2_DC_Motor_V_I.a(CyLib.o)
 .text.CySysTickGetClockSource
                0x00000000       0x10 .\CortexM3\ARM_GCC_541\Debug\Lab2_DC_Motor_V_I.a(CyLib.o)
 .text.CySysTickGetCountFlag
                0x00000000       0x10 .\CortexM3\ARM_GCC_541\Debug\Lab2_DC_Motor_V_I.a(CyLib.o)
 .text.CySysTickServiceCallbacks
                0x00000000       0x28 .\CortexM3\ARM_GCC_541\Debug\Lab2_DC_Motor_V_I.a(CyLib.o)
 .text.CySysTickClear
                0x00000000        0xc .\CortexM3\ARM_GCC_541\Debug\Lab2_DC_Motor_V_I.a(CyLib.o)
 .text.CySysTickInit
                0x00000000       0x58 .\CortexM3\ARM_GCC_541\Debug\Lab2_DC_Motor_V_I.a(CyLib.o)
 .text.CySysTickStart
                0x00000000       0x1c .\CortexM3\ARM_GCC_541\Debug\Lab2_DC_Motor_V_I.a(CyLib.o)
 .text.CySysTickSetCallback
                0x00000000       0x10 .\CortexM3\ARM_GCC_541\Debug\Lab2_DC_Motor_V_I.a(CyLib.o)
 .text.CySysTickGetCallback
                0x00000000       0x10 .\CortexM3\ARM_GCC_541\Debug\Lab2_DC_Motor_V_I.a(CyLib.o)
 .text.CyGetUniqueId
                0x00000000       0x70 .\CortexM3\ARM_GCC_541\Debug\Lab2_DC_Motor_V_I.a(CyLib.o)
 .text          0x00000000        0x0 .\CortexM3\ARM_GCC_541\Debug\Lab2_DC_Motor_V_I.a(cyPm.o)
 .data          0x00000000        0x0 .\CortexM3\ARM_GCC_541\Debug\Lab2_DC_Motor_V_I.a(cyPm.o)
 .bss           0x00000000       0x43 .\CortexM3\ARM_GCC_541\Debug\Lab2_DC_Motor_V_I.a(cyPm.o)
 .text.CyPmHibSlpSaveSet
                0x00000000      0x1dc .\CortexM3\ARM_GCC_541\Debug\Lab2_DC_Motor_V_I.a(cyPm.o)
 .text.CyPmHibSlpRestore
                0x00000000       0xd8 .\CortexM3\ARM_GCC_541\Debug\Lab2_DC_Motor_V_I.a(cyPm.o)
 .text.CyPmHviLviSaveDisable
                0x00000000       0xa0 .\CortexM3\ARM_GCC_541\Debug\Lab2_DC_Motor_V_I.a(cyPm.o)
 .text.CyPmHibSaveSet
                0x00000000       0x98 .\CortexM3\ARM_GCC_541\Debug\Lab2_DC_Motor_V_I.a(cyPm.o)
 .text.CyPmHviLviRestore
                0x00000000       0x48 .\CortexM3\ARM_GCC_541\Debug\Lab2_DC_Motor_V_I.a(cyPm.o)
 .text.CyPmHibRestore
                0x00000000       0x60 .\CortexM3\ARM_GCC_541\Debug\Lab2_DC_Motor_V_I.a(cyPm.o)
 .text.CyPmSaveClocks
                0x00000000      0x218 .\CortexM3\ARM_GCC_541\Debug\Lab2_DC_Motor_V_I.a(cyPm.o)
 .text.CyPmRestoreClocks
                0x00000000      0x24c .\CortexM3\ARM_GCC_541\Debug\Lab2_DC_Motor_V_I.a(cyPm.o)
 .text.CyPmAltAct
                0x00000000       0x6c .\CortexM3\ARM_GCC_541\Debug\Lab2_DC_Motor_V_I.a(cyPm.o)
 .text.CyPmSleep
                0x00000000       0xf4 .\CortexM3\ARM_GCC_541\Debug\Lab2_DC_Motor_V_I.a(cyPm.o)
 .text.CyPmHibernateEx
                0x00000000       0xf4 .\CortexM3\ARM_GCC_541\Debug\Lab2_DC_Motor_V_I.a(cyPm.o)
 .text.CyPmHibernate
                0x00000000        0xc .\CortexM3\ARM_GCC_541\Debug\Lab2_DC_Motor_V_I.a(cyPm.o)
 .text.CyPmReadStatus
                0x00000000       0x30 .\CortexM3\ARM_GCC_541\Debug\Lab2_DC_Motor_V_I.a(cyPm.o)
 .text.CyPmCtwSetInterval
                0x00000000       0x5c .\CortexM3\ARM_GCC_541\Debug\Lab2_DC_Motor_V_I.a(cyPm.o)
 .text.CyPmOppsSet
                0x00000000       0x2c .\CortexM3\ARM_GCC_541\Debug\Lab2_DC_Motor_V_I.a(cyPm.o)
 .text.CyPmFtwSetInterval
                0x00000000       0x5c .\CortexM3\ARM_GCC_541\Debug\Lab2_DC_Motor_V_I.a(cyPm.o)
 .rodata        0x00000000        0xf .\CortexM3\ARM_GCC_541\Debug\Lab2_DC_Motor_V_I.a(cyPm.o)
 .text          0x00000000        0x0 .\CortexM3\ARM_GCC_541\Debug\Lab2_DC_Motor_V_I.a(LCD.o)
 .data          0x00000000        0x0 .\CortexM3\ARM_GCC_541\Debug\Lab2_DC_Motor_V_I.a(LCD.o)
 .text.LCD_PutChar
                0x00000000        0x8 .\CortexM3\ARM_GCC_541\Debug\Lab2_DC_Motor_V_I.a(LCD.o)
 .text.LCD_Stop
                0x00000000       0x14 .\CortexM3\ARM_GCC_541\Debug\Lab2_DC_Motor_V_I.a(LCD.o)
 .text.LCD_PrintInt8
                0x00000000       0x20 .\CortexM3\ARM_GCC_541\Debug\Lab2_DC_Motor_V_I.a(LCD.o)
 .text.LCD_PrintInt16
                0x00000000       0x14 .\CortexM3\ARM_GCC_541\Debug\Lab2_DC_Motor_V_I.a(LCD.o)
 .text.LCD_PrintInt32
                0x00000000       0x1c .\CortexM3\ARM_GCC_541\Debug\Lab2_DC_Motor_V_I.a(LCD.o)
 .rodata        0x00000000       0x10 .\CortexM3\ARM_GCC_541\Debug\Lab2_DC_Motor_V_I.a(LCD.o)
 .data          0x00000000        0x0 .\CortexM3\ARM_GCC_541\Debug\Lab2_DC_Motor_V_I.a(CyBootAsmGnu.o)
 .bss           0x00000000        0x0 .\CortexM3\ARM_GCC_541\Debug\Lab2_DC_Motor_V_I.a(CyBootAsmGnu.o)
 .text          0x00000000        0x0 .\CortexM3\ARM_GCC_541\Debug\Lab2_DC_Motor_V_I.a(CyFlash.o)
 .data          0x00000000        0x0 .\CortexM3\ARM_GCC_541\Debug\Lab2_DC_Motor_V_I.a(CyFlash.o)
 .bss           0x00000000        0x0 .\CortexM3\ARM_GCC_541\Debug\Lab2_DC_Motor_V_I.a(CyFlash.o)
 .text.CySetTempInt
                0x00000000       0x60 .\CortexM3\ARM_GCC_541\Debug\Lab2_DC_Motor_V_I.a(CyFlash.o)
 .text.CyFlash_Start
                0x00000000       0x54 .\CortexM3\ARM_GCC_541\Debug\Lab2_DC_Motor_V_I.a(CyFlash.o)
 .text.CyFlash_Stop
                0x00000000       0x24 .\CortexM3\ARM_GCC_541\Debug\Lab2_DC_Motor_V_I.a(CyFlash.o)
 .text.CyFlash_EraseRow
                0x00000000       0x78 .\CortexM3\ARM_GCC_541\Debug\Lab2_DC_Motor_V_I.a(CyFlash.o)
 .text.CyFlashGetSpcAlgorithm
                0x00000000       0x4c .\CortexM3\ARM_GCC_541\Debug\Lab2_DC_Motor_V_I.a(CyFlash.o)
 .text.CySetTemp
                0x00000000       0x14 .\CortexM3\ARM_GCC_541\Debug\Lab2_DC_Motor_V_I.a(CyFlash.o)
 .text.CySetFlashEEBuffer
                0x00000000       0x20 .\CortexM3\ARM_GCC_541\Debug\Lab2_DC_Motor_V_I.a(CyFlash.o)
 .text.CyWriteRowFull
                0x00000000       0xf8 .\CortexM3\ARM_GCC_541\Debug\Lab2_DC_Motor_V_I.a(CyFlash.o)
 .text.CyWriteRowData
                0x00000000       0x14 .\CortexM3\ARM_GCC_541\Debug\Lab2_DC_Motor_V_I.a(CyFlash.o)
 .text.CyFlash_SetWaitCycles
                0x00000000       0x7c .\CortexM3\ARM_GCC_541\Debug\Lab2_DC_Motor_V_I.a(CyFlash.o)
 .text.CyEEPROM_Start
                0x00000000       0x54 .\CortexM3\ARM_GCC_541\Debug\Lab2_DC_Motor_V_I.a(CyFlash.o)
 .text.CyEEPROM_Stop
                0x00000000       0x24 .\CortexM3\ARM_GCC_541\Debug\Lab2_DC_Motor_V_I.a(CyFlash.o)
 .text.CyEEPROM_ReadReserve
                0x00000000       0x1c .\CortexM3\ARM_GCC_541\Debug\Lab2_DC_Motor_V_I.a(CyFlash.o)
 .text.CyEEPROM_ReadRelease
                0x00000000       0x10 .\CortexM3\ARM_GCC_541\Debug\Lab2_DC_Motor_V_I.a(CyFlash.o)
 COMMON         0x00000000        0x2 .\CortexM3\ARM_GCC_541\Debug\Lab2_DC_Motor_V_I.a(CyFlash.o)
 .text          0x00000000        0x0 .\CortexM3\ARM_GCC_541\Debug\Lab2_DC_Motor_V_I.a(CySpc.o)
 .data          0x00000000        0x0 .\CortexM3\ARM_GCC_541\Debug\Lab2_DC_Motor_V_I.a(CySpc.o)
 .bss           0x00000000        0x8 .\CortexM3\ARM_GCC_541\Debug\Lab2_DC_Motor_V_I.a(CySpc.o)
 .text.CySpcStart
                0x00000000       0x24 .\CortexM3\ARM_GCC_541\Debug\Lab2_DC_Motor_V_I.a(CySpc.o)
 .text.CySpcStop
                0x00000000       0x24 .\CortexM3\ARM_GCC_541\Debug\Lab2_DC_Motor_V_I.a(CySpc.o)
 .text.CySpcReadData
                0x00000000       0x34 .\CortexM3\ARM_GCC_541\Debug\Lab2_DC_Motor_V_I.a(CySpc.o)
 .text.CySpcLoadMultiByte
                0x00000000       0x78 .\CortexM3\ARM_GCC_541\Debug\Lab2_DC_Motor_V_I.a(CySpc.o)
 .text.CySpcLoadRow
                0x00000000       0x50 .\CortexM3\ARM_GCC_541\Debug\Lab2_DC_Motor_V_I.a(CySpc.o)
 .text.CySpcLoadRowFull
                0x00000000       0x80 .\CortexM3\ARM_GCC_541\Debug\Lab2_DC_Motor_V_I.a(CySpc.o)
 .text.CySpcWriteRow
                0x00000000       0x4c .\CortexM3\ARM_GCC_541\Debug\Lab2_DC_Motor_V_I.a(CySpc.o)
 .text.CySpcEraseSector
                0x00000000       0x3c .\CortexM3\ARM_GCC_541\Debug\Lab2_DC_Motor_V_I.a(CySpc.o)
 .text.CySpcEraseRow
                0x00000000       0x4c .\CortexM3\ARM_GCC_541\Debug\Lab2_DC_Motor_V_I.a(CySpc.o)
 .text.CySpcGetTemp
                0x00000000       0x3c .\CortexM3\ARM_GCC_541\Debug\Lab2_DC_Motor_V_I.a(CySpc.o)
 .text.CySpcLock
                0x00000000       0x4c .\CortexM3\ARM_GCC_541\Debug\Lab2_DC_Motor_V_I.a(CySpc.o)
 .text.CySpcUnlock
                0x00000000       0x38 .\CortexM3\ARM_GCC_541\Debug\Lab2_DC_Motor_V_I.a(CySpc.o)
 .text.CySpcGetAlgorithm
                0x00000000       0x28 .\CortexM3\ARM_GCC_541\Debug\Lab2_DC_Motor_V_I.a(CySpc.o)
 .text          0x00000000      0x21c c:/program files (x86)/cypress/psoc creator/4.2/psoc creator/import/gnu/arm/5.4.1/bin/../lib/gcc/arm-none-eabi/5.4.1/armv7-m\libgcc.a(_arm_addsubsf3.o)
 .data          0x00000000        0x0 c:/program files (x86)/cypress/psoc creator/4.2/psoc creator/import/gnu/arm/5.4.1/bin/../lib/gcc/arm-none-eabi/5.4.1/armv7-m\libgcc.a(_arm_addsubsf3.o)
 .bss           0x00000000        0x0 c:/program files (x86)/cypress/psoc creator/4.2/psoc creator/import/gnu/arm/5.4.1/bin/../lib/gcc/arm-none-eabi/5.4.1/armv7-m\libgcc.a(_arm_addsubsf3.o)
 .text          0x00000000      0x2a0 c:/program files (x86)/cypress/psoc creator/4.2/psoc creator/import/gnu/arm/5.4.1/bin/../lib/gcc/arm-none-eabi/5.4.1/armv7-m\libgcc.a(_arm_muldivsf3.o)
 .data          0x00000000        0x0 c:/program files (x86)/cypress/psoc creator/4.2/psoc creator/import/gnu/arm/5.4.1/bin/../lib/gcc/arm-none-eabi/5.4.1/armv7-m\libgcc.a(_arm_muldivsf3.o)
 .bss           0x00000000        0x0 c:/program files (x86)/cypress/psoc creator/4.2/psoc creator/import/gnu/arm/5.4.1/bin/../lib/gcc/arm-none-eabi/5.4.1/armv7-m\libgcc.a(_arm_muldivsf3.o)
 .text          0x00000000       0xa0 c:/program files (x86)/cypress/psoc creator/4.2/psoc creator/import/gnu/arm/5.4.1/bin/../lib/gcc/arm-none-eabi/5.4.1/armv7-m\libgcc.a(_aeabi_ldivmod.o)
 .data          0x00000000        0x0 c:/program files (x86)/cypress/psoc creator/4.2/psoc creator/import/gnu/arm/5.4.1/bin/../lib/gcc/arm-none-eabi/5.4.1/armv7-m\libgcc.a(_aeabi_ldivmod.o)
 .bss           0x00000000        0x0 c:/program files (x86)/cypress/psoc creator/4.2/psoc creator/import/gnu/arm/5.4.1/bin/../lib/gcc/arm-none-eabi/5.4.1/armv7-m\libgcc.a(_aeabi_ldivmod.o)
 .text          0x00000000      0x2ec c:/program files (x86)/cypress/psoc creator/4.2/psoc creator/import/gnu/arm/5.4.1/bin/../lib/gcc/arm-none-eabi/5.4.1/armv7-m\libgcc.a(_udivmoddi4.o)
 .data          0x00000000        0x0 c:/program files (x86)/cypress/psoc creator/4.2/psoc creator/import/gnu/arm/5.4.1/bin/../lib/gcc/arm-none-eabi/5.4.1/armv7-m\libgcc.a(_udivmoddi4.o)
 .bss           0x00000000        0x0 c:/program files (x86)/cypress/psoc creator/4.2/psoc creator/import/gnu/arm/5.4.1/bin/../lib/gcc/arm-none-eabi/5.4.1/armv7-m\libgcc.a(_udivmoddi4.o)
 .ARM.extab     0x00000000        0x0 c:/program files (x86)/cypress/psoc creator/4.2/psoc creator/import/gnu/arm/5.4.1/bin/../lib/gcc/arm-none-eabi/5.4.1/armv7-m\libgcc.a(_udivmoddi4.o)
 .ARM.exidx     0x00000000        0x8 c:/program files (x86)/cypress/psoc creator/4.2/psoc creator/import/gnu/arm/5.4.1/bin/../lib/gcc/arm-none-eabi/5.4.1/armv7-m\libgcc.a(_udivmoddi4.o)
 .text          0x00000000        0x4 c:/program files (x86)/cypress/psoc creator/4.2/psoc creator/import/gnu/arm/5.4.1/bin/../lib/gcc/arm-none-eabi/5.4.1/armv7-m\libgcc.a(_dvmd_tls.o)
 .data          0x00000000        0x0 c:/program files (x86)/cypress/psoc creator/4.2/psoc creator/import/gnu/arm/5.4.1/bin/../lib/gcc/arm-none-eabi/5.4.1/armv7-m\libgcc.a(_dvmd_tls.o)
 .bss           0x00000000        0x0 c:/program files (x86)/cypress/psoc creator/4.2/psoc creator/import/gnu/arm/5.4.1/bin/../lib/gcc/arm-none-eabi/5.4.1/armv7-m\libgcc.a(_dvmd_tls.o)
 .text          0x00000000        0x0 c:/program files (x86)/cypress/psoc creator/4.2/psoc creator/import/gnu/arm/5.4.1/bin/../lib/gcc/arm-none-eabi/5.4.1/../../../../arm-none-eabi/lib/armv7-m\libg_nano.a(lib_a-errno.o)
 .data          0x00000000        0x0 c:/program files (x86)/cypress/psoc creator/4.2/psoc creator/import/gnu/arm/5.4.1/bin/../lib/gcc/arm-none-eabi/5.4.1/../../../../arm-none-eabi/lib/armv7-m\libg_nano.a(lib_a-errno.o)
 .bss           0x00000000        0x0 c:/program files (x86)/cypress/psoc creator/4.2/psoc creator/import/gnu/arm/5.4.1/bin/../lib/gcc/arm-none-eabi/5.4.1/../../../../arm-none-eabi/lib/armv7-m\libg_nano.a(lib_a-errno.o)
 .text          0x00000000        0x0 c:/program files (x86)/cypress/psoc creator/4.2/psoc creator/import/gnu/arm/5.4.1/bin/../lib/gcc/arm-none-eabi/5.4.1/../../../../arm-none-eabi/lib/armv7-m\libg_nano.a(lib_a-exit.o)
 .data          0x00000000        0x0 c:/program files (x86)/cypress/psoc creator/4.2/psoc creator/import/gnu/arm/5.4.1/bin/../lib/gcc/arm-none-eabi/5.4.1/../../../../arm-none-eabi/lib/armv7-m\libg_nano.a(lib_a-exit.o)
 .bss           0x00000000        0x0 c:/program files (x86)/cypress/psoc creator/4.2/psoc creator/import/gnu/arm/5.4.1/bin/../lib/gcc/arm-none-eabi/5.4.1/../../../../arm-none-eabi/lib/armv7-m\libg_nano.a(lib_a-exit.o)
 .text.exit     0x00000000       0x28 c:/program files (x86)/cypress/psoc creator/4.2/psoc creator/import/gnu/arm/5.4.1/bin/../lib/gcc/arm-none-eabi/5.4.1/../../../../arm-none-eabi/lib/armv7-m\libg_nano.a(lib_a-exit.o)
 .text          0x00000000        0x0 c:/program files (x86)/cypress/psoc creator/4.2/psoc creator/import/gnu/arm/5.4.1/bin/../lib/gcc/arm-none-eabi/5.4.1/../../../../arm-none-eabi/lib/armv7-m\libg_nano.a(lib_a-impure.o)
 .data          0x00000000        0x0 c:/program files (x86)/cypress/psoc creator/4.2/psoc creator/import/gnu/arm/5.4.1/bin/../lib/gcc/arm-none-eabi/5.4.1/../../../../arm-none-eabi/lib/armv7-m\libg_nano.a(lib_a-impure.o)
 .bss           0x00000000        0x0 c:/program files (x86)/cypress/psoc creator/4.2/psoc creator/import/gnu/arm/5.4.1/bin/../lib/gcc/arm-none-eabi/5.4.1/../../../../arm-none-eabi/lib/armv7-m\libg_nano.a(lib_a-impure.o)
 .rodata._global_impure_ptr
                0x00000000        0x4 c:/program files (x86)/cypress/psoc creator/4.2/psoc creator/import/gnu/arm/5.4.1/bin/../lib/gcc/arm-none-eabi/5.4.1/../../../../arm-none-eabi/lib/armv7-m\libg_nano.a(lib_a-impure.o)
 .text          0x00000000        0x0 c:/program files (x86)/cypress/psoc creator/4.2/psoc creator/import/gnu/arm/5.4.1/bin/../lib/gcc/arm-none-eabi/5.4.1/../../../../arm-none-eabi/lib/armv7-m\libg_nano.a(lib_a-init.o)
 .data          0x00000000        0x0 c:/program files (x86)/cypress/psoc creator/4.2/psoc creator/import/gnu/arm/5.4.1/bin/../lib/gcc/arm-none-eabi/5.4.1/../../../../arm-none-eabi/lib/armv7-m\libg_nano.a(lib_a-init.o)
 .bss           0x00000000        0x0 c:/program files (x86)/cypress/psoc creator/4.2/psoc creator/import/gnu/arm/5.4.1/bin/../lib/gcc/arm-none-eabi/5.4.1/../../../../arm-none-eabi/lib/armv7-m\libg_nano.a(lib_a-init.o)
 .text          0x00000000        0x0 c:/program files (x86)/cypress/psoc creator/4.2/psoc creator/import/gnu/arm/5.4.1/bin/../lib/gcc/arm-none-eabi/5.4.1/../../../../arm-none-eabi/lib/armv7-m\libg_nano.a(lib_a-memcpy-stub.o)
 .data          0x00000000        0x0 c:/program files (x86)/cypress/psoc creator/4.2/psoc creator/import/gnu/arm/5.4.1/bin/../lib/gcc/arm-none-eabi/5.4.1/../../../../arm-none-eabi/lib/armv7-m\libg_nano.a(lib_a-memcpy-stub.o)
 .bss           0x00000000        0x0 c:/program files (x86)/cypress/psoc creator/4.2/psoc creator/import/gnu/arm/5.4.1/bin/../lib/gcc/arm-none-eabi/5.4.1/../../../../arm-none-eabi/lib/armv7-m\libg_nano.a(lib_a-memcpy-stub.o)
 .text          0x00000000        0x0 c:/program files (x86)/cypress/psoc creator/4.2/psoc creator/import/gnu/arm/5.4.1/bin/../lib/gcc/arm-none-eabi/5.4.1/../../../../arm-none-eabi/lib/armv7-m\libg_nano.a(lib_a-memset.o)
 .data          0x00000000        0x0 c:/program files (x86)/cypress/psoc creator/4.2/psoc creator/import/gnu/arm/5.4.1/bin/../lib/gcc/arm-none-eabi/5.4.1/../../../../arm-none-eabi/lib/armv7-m\libg_nano.a(lib_a-memset.o)
 .bss           0x00000000        0x0 c:/program files (x86)/cypress/psoc creator/4.2/psoc creator/import/gnu/arm/5.4.1/bin/../lib/gcc/arm-none-eabi/5.4.1/../../../../arm-none-eabi/lib/armv7-m\libg_nano.a(lib_a-memset.o)
 .text          0x00000000        0x0 c:/program files (x86)/cypress/psoc creator/4.2/psoc creator/import/gnu/arm/5.4.1/bin/../lib/gcc/arm-none-eabi/5.4.1/armv7-m/crtend.o
 .data          0x00000000        0x0 c:/program files (x86)/cypress/psoc creator/4.2/psoc creator/import/gnu/arm/5.4.1/bin/../lib/gcc/arm-none-eabi/5.4.1/armv7-m/crtend.o
 .bss           0x00000000        0x0 c:/program files (x86)/cypress/psoc creator/4.2/psoc creator/import/gnu/arm/5.4.1/bin/../lib/gcc/arm-none-eabi/5.4.1/armv7-m/crtend.o
 .text          0x00000000        0x0 c:/program files (x86)/cypress/psoc creator/4.2/psoc creator/import/gnu/arm/5.4.1/bin/../lib/gcc/arm-none-eabi/5.4.1/armv7-m/crtn.o
 .data          0x00000000        0x0 c:/program files (x86)/cypress/psoc creator/4.2/psoc creator/import/gnu/arm/5.4.1/bin/../lib/gcc/arm-none-eabi/5.4.1/armv7-m/crtn.o
 .bss           0x00000000        0x0 c:/program files (x86)/cypress/psoc creator/4.2/psoc creator/import/gnu/arm/5.4.1/bin/../lib/gcc/arm-none-eabi/5.4.1/armv7-m/crtn.o

Memory Configuration

Name             Origin             Length             Attributes
rom              0x00000000         0x00040000         xr
ram              0x1fff8000         0x00010000         xrw
*default*        0x00000000         0xffffffff

Linker script and memory map

LOAD c:/program files (x86)/cypress/psoc creator/4.2/psoc creator/import/gnu/arm/5.4.1/bin/../lib/gcc/arm-none-eabi/5.4.1/armv7-m/crti.o
LOAD c:/program files (x86)/cypress/psoc creator/4.2/psoc creator/import/gnu/arm/5.4.1/bin/../lib/gcc/arm-none-eabi/5.4.1/armv7-m/crtbegin.o
LOAD c:/program files (x86)/cypress/psoc creator/4.2/psoc creator/import/gnu/arm/5.4.1/bin/../lib/gcc/arm-none-eabi/5.4.1/../../../../arm-none-eabi/lib/armv7-m/crt0.o
START GROUP
LOAD .\CortexM3\ARM_GCC_541\Debug\main.o
LOAD .\CortexM3\ARM_GCC_541\Debug\cyfitter_cfg.o
LOAD .\CortexM3\ARM_GCC_541\Debug\cymetadata.o
LOAD .\CortexM3\ARM_GCC_541\Debug\Cm3Start.o
LOAD .\CortexM3\ARM_GCC_541\Debug\Lab2_DC_Motor_V_I.a
LOAD C:\Program Files (x86)\Cypress\PSoC Creator\4.2\PSoC Creator\psoc\content\cycomponentlibrary\CyComponentLibrary.cylib\CortexM3\ARM_GCC_541\Debug\CyComponentLibrary.a
END GROUP
START GROUP
LOAD c:/program files (x86)/cypress/psoc creator/4.2/psoc creator/import/gnu/arm/5.4.1/bin/../lib/gcc/arm-none-eabi/5.4.1/armv7-m\libgcc.a
LOAD c:/program files (x86)/cypress/psoc creator/4.2/psoc creator/import/gnu/arm/5.4.1/bin/../lib/gcc/arm-none-eabi/5.4.1/../../../../arm-none-eabi/lib/armv7-m\libg_nano.a
LOAD c:/program files (x86)/cypress/psoc creator/4.2/psoc creator/import/gnu/arm/5.4.1/bin/../lib/gcc/arm-none-eabi/5.4.1/../../../../arm-none-eabi/lib/armv7-m\libc_nano.a
END GROUP
START GROUP
LOAD c:/program files (x86)/cypress/psoc creator/4.2/psoc creator/import/gnu/arm/5.4.1/bin/../lib/gcc/arm-none-eabi/5.4.1/armv7-m\libgcc.a
LOAD c:/program files (x86)/cypress/psoc creator/4.2/psoc creator/import/gnu/arm/5.4.1/bin/../lib/gcc/arm-none-eabi/5.4.1/../../../../arm-none-eabi/lib/armv7-m\libc_nano.a
END GROUP
LOAD c:/program files (x86)/cypress/psoc creator/4.2/psoc creator/import/gnu/arm/5.4.1/bin/../lib/gcc/arm-none-eabi/5.4.1/armv7-m/crtend.o
LOAD c:/program files (x86)/cypress/psoc creator/4.2/psoc creator/import/gnu/arm/5.4.1/bin/../lib/gcc/arm-none-eabi/5.4.1/armv7-m/crtn.o
START GROUP
LOAD c:/program files (x86)/cypress/psoc creator/4.2/psoc creator/import/gnu/arm/5.4.1/bin/../lib/gcc/arm-none-eabi/5.4.1/armv7-m\libgcc.a
LOAD c:/program files (x86)/cypress/psoc creator/4.2/psoc creator/import/gnu/arm/5.4.1/bin/../lib/gcc/arm-none-eabi/5.4.1/../../../../arm-none-eabi/lib/armv7-m\libc.a
LOAD c:/program files (x86)/cypress/psoc creator/4.2/psoc creator/import/gnu/arm/5.4.1/bin/../lib/gcc/arm-none-eabi/5.4.1/../../../../arm-none-eabi/lib/armv7-m\libnosys.a
END GROUP
                0x00000000                CY_APPL_ORIGIN = 0x0
                0x00000100                CY_FLASH_ROW_SIZE = 0x100
                0x00000020                CY_ECC_ROW_SIZE = 0x20
                0x00000000                CY_EE_IN_BTLDR = 0x0
                0x00000000                CY_APPL_LOADABLE = 0x0
                0x00000800                CY_EE_SIZE = 0x800
                0x00000001                CY_APPL_NUM = 0x1
                0x00000001                CY_APPL_MAX = 0x1
                0x00000040                CY_METADATA_SIZE = 0x40
                0x00000000                CY_APPL_LOADABLE = 0x0
                0x00000000                CY_CHECKSUM_EXCLUDE_SIZE = ALIGN (0x0, CY_FLASH_ROW_SIZE)
                [!provide]                PROVIDE (__cy_heap_start, _end)
                0x00000001                PROVIDE (__cy_region_num, ((__cy_regions_end - __cy_regions) / 0x10))
                0x20008000                PROVIDE (__cy_stack, (ORIGIN (ram) + LENGTH (ram)))
                [!provide]                PROVIDE (__cy_heap_end, (__cy_stack - 0x800))

.cybootloader   0x00000000        0x0
 *(.cybootloader)
                0x00000000                appl1_start = CY_APPL_ORIGIN?CY_APPL_ORIGIN:ALIGN (CY_FLASH_ROW_SIZE)
                0x0001ff00                appl2_start = (appl1_start + ALIGN ((((LENGTH (rom) - appl1_start) - (0x2 * CY_FLASH_ROW_SIZE)) / 0x2), CY_FLASH_ROW_SIZE))
                0x00000000                appl_start = (CY_APPL_NUM == 0x1)?appl1_start:appl2_start
                0x00000000                ecc_offset = ((appl_start / CY_FLASH_ROW_SIZE) * CY_ECC_ROW_SIZE)
                0x00000000                ee_offset = (CY_APPL_LOADABLE && ! (CY_EE_IN_BTLDR))?((CY_EE_SIZE / CY_APPL_MAX) * (CY_APPL_NUM - 0x1)):0x0
                0x00000800                ee_size = (CY_APPL_LOADABLE && ! (CY_EE_IN_BTLDR))?(CY_EE_SIZE / CY_APPL_MAX):CY_EE_SIZE
                [!provide]                PROVIDE (CY_ECC_OFFSET, ecc_offset)

.text           0x00000000      0xefe
 CREATE_OBJECT_SYMBOLS
                0x00000000                PROVIDE (__cy_interrupt_vector, RomVectors)
 *(.romvectors)
 .romvectors    0x00000000       0x10 .\CortexM3\ARM_GCC_541\Debug\Cm3Start.o
                0x00000000                RomVectors
                0x00000001                ASSERT ((. != __cy_interrupt_vector), No interrupt vector)
                0x00000001                ASSERT (CY_APPL_ORIGIN?(SIZEOF (.cybootloader) <= CY_APPL_ORIGIN):0x1, Wrong image location)
                0x00000010                PROVIDE (__cy_reset, Reset)
 *(.text.Reset)
 .text.Reset    0x00000010       0x18 .\CortexM3\ARM_GCC_541\Debug\Cm3Start.o
                0x00000010                Reset
                0x00000001                ASSERT ((. != __cy_reset), No reset code)
 *(.dma_init)
                0x00000001                ASSERT ((((appl_start + .) <= 0x10000) || 0x1), DMA Init must be within the first 64k of flash)
 *(.text .text.* .gnu.linkonce.t.*)
 .text          0x00000028       0x5c c:/program files (x86)/cypress/psoc creator/4.2/psoc creator/import/gnu/arm/5.4.1/bin/../lib/gcc/arm-none-eabi/5.4.1/armv7-m/crtbegin.o
 .text.main     0x00000084      0x2cc .\CortexM3\ARM_GCC_541\Debug\main.o
                0x00000084                main
 .text.CyClockStartupError
                0x00000350        0x4 .\CortexM3\ARM_GCC_541\Debug\cyfitter_cfg.o
 .text.cfg_write_bytes32
                0x00000354       0x34 .\CortexM3\ARM_GCC_541\Debug\cyfitter_cfg.o
 .text.CYMEMZERO
                0x00000388        0xc .\CortexM3\ARM_GCC_541\Debug\cyfitter_cfg.o
 .text.AnalogSetDefault
                0x00000394       0x94 .\CortexM3\ARM_GCC_541\Debug\cyfitter_cfg.o
 .text.CYCONFIGCPY
                0x00000428        0x8 .\CortexM3\ARM_GCC_541\Debug\cyfitter_cfg.o
 .text.ClockSetup
                0x00000430       0xcc .\CortexM3\ARM_GCC_541\Debug\cyfitter_cfg.o
 .text.AMux_1_Set
                0x000004fc       0x34 .\CortexM3\ARM_GCC_541\Debug\cyfitter_cfg.o
                0x000004fc                AMux_1_Set
 .text.AMux_1_Unset
                0x00000530       0x38 .\CortexM3\ARM_GCC_541\Debug\cyfitter_cfg.o
                0x00000530                AMux_1_Unset
 .text.cyfitter_cfg
                0x00000568       0xe8 .\CortexM3\ARM_GCC_541\Debug\cyfitter_cfg.o
                0x00000568                cyfitter_cfg
 .text.IntDefaultHandler
                0x00000650       0x10 .\CortexM3\ARM_GCC_541\Debug\Cm3Start.o
                0x00000650                IntDefaultHandler
 .text.Start_c  0x00000660       0x4c .\CortexM3\ARM_GCC_541\Debug\Cm3Start.o
                0x00000660                Start_c
 .text.initialize_psoc
                0x000006ac       0x68 .\CortexM3\ARM_GCC_541\Debug\Cm3Start.o
                0x000006ac                initialize_psoc
 .text.P4_1_Write
                0x00000714       0x18 .\CortexM3\ARM_GCC_541\Debug\Lab2_DC_Motor_V_I.a(P4_1.o)
                0x00000714                P4_1_Write
 .text.P4_5_Write
                0x0000072c       0x18 .\CortexM3\ARM_GCC_541\Debug\Lab2_DC_Motor_V_I.a(P4_5.o)
                0x0000072c                P4_5_Write
 .text.P4_6_Write
                0x00000744       0x18 .\CortexM3\ARM_GCC_541\Debug\Lab2_DC_Motor_V_I.a(P4_6.o)
                0x00000744                P4_6_Write
 .text.PGA_1_Enable
                0x0000075c       0x28 .\CortexM3\ARM_GCC_541\Debug\Lab2_DC_Motor_V_I.a(PGA_1.o)
                0x0000075c                PGA_1_Enable
 .text.PGA_1_SetPower
                0x00000784       0x18 .\CortexM3\ARM_GCC_541\Debug\Lab2_DC_Motor_V_I.a(PGA_1.o)
                0x00000784                PGA_1_SetPower
 .text.PGA_1_SetGain
                0x0000079c       0x78 .\CortexM3\ARM_GCC_541\Debug\Lab2_DC_Motor_V_I.a(PGA_1.o)
                0x0000079c                PGA_1_SetGain
 .text.PGA_1_Init
                0x00000814       0x34 .\CortexM3\ARM_GCC_541\Debug\Lab2_DC_Motor_V_I.a(PGA_1.o)
                0x00000814                PGA_1_Init
 .text.PGA_1_Start
                0x00000848       0x1c .\CortexM3\ARM_GCC_541\Debug\Lab2_DC_Motor_V_I.a(PGA_1.o)
                0x00000848                PGA_1_Start
 .text.AMux_1_Start
                0x00000864       0x20 .\CortexM3\ARM_GCC_541\Debug\Lab2_DC_Motor_V_I.a(AMux_1.o)
                0x00000864                AMux_1_Start
 .text.AMux_1_Select
                0x00000884       0x18 .\CortexM3\ARM_GCC_541\Debug\Lab2_DC_Motor_V_I.a(AMux_1.o)
                0x00000884                AMux_1_Select
 .text.ADC_SAR_1_CalcGain
                0x0000089c       0x64 .\CortexM3\ARM_GCC_541\Debug\Lab2_DC_Motor_V_I.a(ADC_SAR_1.o)
 .text.ADC_SAR_1_Enable
                0x00000900       0x94 .\CortexM3\ARM_GCC_541\Debug\Lab2_DC_Motor_V_I.a(ADC_SAR_1.o)
                0x00000900                ADC_SAR_1_Enable
 .text.ADC_SAR_1_SetResolution
                0x00000994       0x38 .\CortexM3\ARM_GCC_541\Debug\Lab2_DC_Motor_V_I.a(ADC_SAR_1.o)
                0x00000994                ADC_SAR_1_SetResolution
 .text.ADC_SAR_1_Init
                0x000009cc       0x3c .\CortexM3\ARM_GCC_541\Debug\Lab2_DC_Motor_V_I.a(ADC_SAR_1.o)
                0x000009cc                ADC_SAR_1_Init
 .text.ADC_SAR_1_Start
                0x00000a08       0x1c .\CortexM3\ARM_GCC_541\Debug\Lab2_DC_Motor_V_I.a(ADC_SAR_1.o)
                0x00000a08                ADC_SAR_1_Start
 .text.ADC_SAR_1_StartConvert
                0x00000a24       0x10 .\CortexM3\ARM_GCC_541\Debug\Lab2_DC_Motor_V_I.a(ADC_SAR_1.o)
                0x00000a24                ADC_SAR_1_StartConvert
 .text.ADC_SAR_1_IsEndConversion
                0x00000a34       0x24 .\CortexM3\ARM_GCC_541\Debug\Lab2_DC_Motor_V_I.a(ADC_SAR_1.o)
                0x00000a34                ADC_SAR_1_IsEndConversion
 .text.ADC_SAR_1_GetResult16
                0x00000a58       0x18 .\CortexM3\ARM_GCC_541\Debug\Lab2_DC_Motor_V_I.a(ADC_SAR_1.o)
                0x00000a58                ADC_SAR_1_GetResult16
 .text.ADC_SAR_1_CountsTo_mVolts
                0x00000a70       0x58 .\CortexM3\ARM_GCC_541\Debug\Lab2_DC_Motor_V_I.a(ADC_SAR_1.o)
                0x00000a70                ADC_SAR_1_CountsTo_mVolts
 .text.ADC_SAR_1_ISR
                0x00000ac8        0x4 .\CortexM3\ARM_GCC_541\Debug\Lab2_DC_Motor_V_I.a(ADC_SAR_1_INT.o)
                0x00000ac8                ADC_SAR_1_ISR
 .text.ADC_SAR_1_theACLK_SetModeRegister
                0x00000acc       0x14 .\CortexM3\ARM_GCC_541\Debug\Lab2_DC_Motor_V_I.a(ADC_SAR_1_theACLK.o)
                0x00000acc                ADC_SAR_1_theACLK_SetModeRegister
 .text.CyHalt   0x00000ae0        0x4 .\CortexM3\ARM_GCC_541\Debug\Lab2_DC_Motor_V_I.a(CyLib.o)
                0x00000ae0                CyHalt
 .text.CyDelay  0x00000ae4       0x2c .\CortexM3\ARM_GCC_541\Debug\Lab2_DC_Motor_V_I.a(CyLib.o)
                0x00000ae4                CyDelay
 .text.CyDelayUs
                0x00000b10       0x14 .\CortexM3\ARM_GCC_541\Debug\Lab2_DC_Motor_V_I.a(CyLib.o)
                0x00000b10                CyDelayUs
 .text.CyIntSetVector
                0x00000b24       0x28 .\CortexM3\ARM_GCC_541\Debug\Lab2_DC_Motor_V_I.a(CyLib.o)
                0x00000b24                CyIntSetVector
 .text.CyIntSetPriority
                0x00000b4c       0x30 .\CortexM3\ARM_GCC_541\Debug\Lab2_DC_Motor_V_I.a(CyLib.o)
                0x00000b4c                CyIntSetPriority
 .text.LCD_WrCntrlNib
                0x00000b7c       0x34 .\CortexM3\ARM_GCC_541\Debug\Lab2_DC_Motor_V_I.a(LCD.o)
 .text.LCD_WrDatNib
                0x00000bb0       0x44 .\CortexM3\ARM_GCC_541\Debug\Lab2_DC_Motor_V_I.a(LCD.o)
 .text.LCD_IsReady
                0x00000bf4       0xe4 .\CortexM3\ARM_GCC_541\Debug\Lab2_DC_Motor_V_I.a(LCD.o)
                0x00000bf4                LCD_IsReady
 .text.LCD_WriteData
                0x00000cd8       0x18 .\CortexM3\ARM_GCC_541\Debug\Lab2_DC_Motor_V_I.a(LCD.o)
                0x00000cd8                LCD_WriteData
 .text.LCD_PrintString
                0x00000cf0       0x1c .\CortexM3\ARM_GCC_541\Debug\Lab2_DC_Motor_V_I.a(LCD.o)
                0x00000cf0                LCD_PrintString
 .text.LCD_WriteControl
                0x00000d0c       0x18 .\CortexM3\ARM_GCC_541\Debug\Lab2_DC_Motor_V_I.a(LCD.o)
                0x00000d0c                LCD_WriteControl
 .text.LCD_Init
                0x00000d24       0x6c .\CortexM3\ARM_GCC_541\Debug\Lab2_DC_Motor_V_I.a(LCD.o)
                0x00000d24                LCD_Init
 .text.LCD_Enable
                0x00000d90       0x14 .\CortexM3\ARM_GCC_541\Debug\Lab2_DC_Motor_V_I.a(LCD.o)
                0x00000d90                LCD_Enable
 .text.LCD_Start
                0x00000da4       0x1c .\CortexM3\ARM_GCC_541\Debug\Lab2_DC_Motor_V_I.a(LCD.o)
                0x00000da4                LCD_Start
 .text.LCD_Position
                0x00000dc0       0x3c .\CortexM3\ARM_GCC_541\Debug\Lab2_DC_Motor_V_I.a(LCD.o)
                0x00000dc0                LCD_Position
 .text.LCD_PrintU32Number
                0x00000dfc       0x64 .\CortexM3\ARM_GCC_541\Debug\Lab2_DC_Motor_V_I.a(LCD.o)
                0x00000dfc                LCD_PrintU32Number
 .text          0x00000e60       0x20 .\CortexM3\ARM_GCC_541\Debug\Lab2_DC_Motor_V_I.a(CyBootAsmGnu.o)
                0x00000e60                CyDelayCycles
                0x00000e70                CyEnterCriticalSection
                0x00000e78                CyExitCriticalSection
 .text.__errno  0x00000e80        0xc c:/program files (x86)/cypress/psoc creator/4.2/psoc creator/import/gnu/arm/5.4.1/bin/../lib/gcc/arm-none-eabi/5.4.1/../../../../arm-none-eabi/lib/armv7-m\libg_nano.a(lib_a-errno.o)
                0x00000e80                __errno
 .text.__libc_init_array
                0x00000e8c       0x4c c:/program files (x86)/cypress/psoc creator/4.2/psoc creator/import/gnu/arm/5.4.1/bin/../lib/gcc/arm-none-eabi/5.4.1/../../../../arm-none-eabi/lib/armv7-m\libg_nano.a(lib_a-init.o)
                0x00000e8c                __libc_init_array
 .text.memcpy   0x00000ed8       0x16 c:/program files (x86)/cypress/psoc creator/4.2/psoc creator/import/gnu/arm/5.4.1/bin/../lib/gcc/arm-none-eabi/5.4.1/../../../../arm-none-eabi/lib/armv7-m\libg_nano.a(lib_a-memcpy-stub.o)
                0x00000ed8                memcpy
 .text.memset   0x00000eee       0x10 c:/program files (x86)/cypress/psoc creator/4.2/psoc creator/import/gnu/arm/5.4.1/bin/../lib/gcc/arm-none-eabi/5.4.1/../../../../arm-none-eabi/lib/armv7-m\libg_nano.a(lib_a-memset.o)
                0x00000eee                memset
 *(.plt)
 *(.gnu.warning)
 *(.glue_7t)
 .glue_7t       0x00000efe        0x0 linker stubs
 *(.glue_7)
 .glue_7        0x00000efe        0x0 linker stubs
 *(.vfp11_veneer)
 .vfp11_veneer  0x00000efe        0x0 linker stubs
 *(.bootloader)
 *(.ARM.extab* .gnu.linkonce.armextab.*)
 *(.gcc_except_table)

.v4_bx          0x00000f00        0x0
 .v4_bx         0x00000f00        0x0 linker stubs

.iplt           0x00000f00        0x0
 .iplt          0x00000f00        0x0 c:/program files (x86)/cypress/psoc creator/4.2/psoc creator/import/gnu/arm/5.4.1/bin/../lib/gcc/arm-none-eabi/5.4.1/armv7-m/crtbegin.o

.eh_frame_hdr
 *(.eh_frame_hdr)

.eh_frame       0x00000f00        0x4
 *(.eh_frame)
 .eh_frame      0x00000f00        0x0 c:/program files (x86)/cypress/psoc creator/4.2/psoc creator/import/gnu/arm/5.4.1/bin/../lib/gcc/arm-none-eabi/5.4.1/armv7-m/crtbegin.o
 .eh_frame      0x00000f00        0x4 c:/program files (x86)/cypress/psoc creator/4.2/psoc creator/import/gnu/arm/5.4.1/bin/../lib/gcc/arm-none-eabi/5.4.1/armv7-m/crtend.o
                [!provide]                PROVIDE (__exidx_start, .)

.ARM.exidx
 *(.ARM.exidx* .gnu.linkonce.armexidx.*)
                0x00000f04                __exidx_end = .

.rodata         0x00000f04       0xc4
 *(.rodata .rodata.* .gnu.linkonce.r.*)
 .rodata.str1.4
                0x00000f04       0x2c .\CortexM3\ARM_GCC_541\Debug\main.o
                                 0x29 (size before relaxing)
 .rodata        0x00000f30       0x4a .\CortexM3\ARM_GCC_541\Debug\cyfitter_cfg.o
                0x00000f30                AMux_1__addrTable
                0x00000f40                AMux_1__maskTable
 *fill*         0x00000f7a        0x2 
 .rodata        0x00000f7c       0x15 .\CortexM3\ARM_GCC_541\Debug\Lab2_DC_Motor_V_I.a(PGA_1.o)
 .rodata.str1.1
                0x00000f91        0x2 c:/program files (x86)/cypress/psoc creator/4.2/psoc creator/import/gnu/arm/5.4.1/bin/../lib/gcc/arm-none-eabi/5.4.1/../../../../arm-none-eabi/lib/armv7-m\libg_nano.a(lib_a-impure.o)
                0x00000f94                . = ALIGN (0x4)
 *fill*         0x00000f93        0x1 
 *(.init)
 .init          0x00000f94        0x4 c:/program files (x86)/cypress/psoc creator/4.2/psoc creator/import/gnu/arm/5.4.1/bin/../lib/gcc/arm-none-eabi/5.4.1/armv7-m/crti.o
                0x00000f94                _init
 .init          0x00000f98        0x8 c:/program files (x86)/cypress/psoc creator/4.2/psoc creator/import/gnu/arm/5.4.1/bin/../lib/gcc/arm-none-eabi/5.4.1/armv7-m/crtn.o
                0x00000fa0                . = ALIGN (0x4)
                0x00000fa0                __preinit_array_start = .
 *(.preinit_array)
                0x00000fa0                __preinit_array_end = .
                0x00000fa0                . = ALIGN (0x4)
                0x00000fa0                __init_array_start = .
 *(SORT(.init_array.*))
 *(.init_array)
 .init_array    0x00000fa0        0x4 c:/program files (x86)/cypress/psoc creator/4.2/psoc creator/import/gnu/arm/5.4.1/bin/../lib/gcc/arm-none-eabi/5.4.1/armv7-m/crtbegin.o
 .init_array    0x00000fa4        0x4 .\CortexM3\ARM_GCC_541\Debug\Cm3Start.o
                0x00000fa8                __init_array_end = .
                0x00000fa8                . = ALIGN (0x4)
 *(.fini)
 .fini          0x00000fa8        0x4 c:/program files (x86)/cypress/psoc creator/4.2/psoc creator/import/gnu/arm/5.4.1/bin/../lib/gcc/arm-none-eabi/5.4.1/armv7-m/crti.o
                0x00000fa8                _fini
 .fini          0x00000fac        0x8 c:/program files (x86)/cypress/psoc creator/4.2/psoc creator/import/gnu/arm/5.4.1/bin/../lib/gcc/arm-none-eabi/5.4.1/armv7-m/crtn.o
                0x00000fb4                . = ALIGN (0x4)
                0x00000fb4                __fini_array_start = .
 *(.fini_array)
 .fini_array    0x00000fb4        0x4 c:/program files (x86)/cypress/psoc creator/4.2/psoc creator/import/gnu/arm/5.4.1/bin/../lib/gcc/arm-none-eabi/5.4.1/armv7-m/crtbegin.o
 *(SORT(.fini_array.*))
                0x00000fb8                __fini_array_end = .
                0x00000fb8                . = ALIGN (0x4)
 *crtbegin.o(.ctors)
 *(EXCLUDE_FILE(*crtend.o) .ctors)
 *(SORT(.ctors.*))
 *crtend.o(.ctors)
                0x00000fb8                . = ALIGN (0x4)
 *crtbegin.o(.dtors)
 *(EXCLUDE_FILE(*crtend.o) .dtors)
 *(SORT(.dtors.*))
 *crtend.o(.dtors)
                0x00000fb8                . = ALIGN (0x4)
                0x00000fb8                __cy_regions = .
                0x00000fb8        0x4 LONG 0xfc8 __cy_region_init_ram
                0x00000fbc        0x4 LONG 0x1fff80c8 __cy_region_start_data
                0x00000fc0        0x4 LONG 0x80 __cy_region_init_size_ram
                0x00000fc4        0x4 LONG 0x30 __cy_region_zero_size_ram
                0x00000fc8                __cy_regions_end = .
                0x00000fc8                . = ALIGN (0x8)
                0x00000fc8                _etext = .

.cy_checksum_exclude
                0x00000fc8        0x0
 *(.cy_checksum_exclude)

.ramvectors     0x1fff8000       0xc0
                0x1fff8000                __cy_region_start_ram = .
 *(.ramvectors)
 .ramvectors    0x1fff8000       0xc0 .\CortexM3\ARM_GCC_541\Debug\Cm3Start.o
                0x1fff8000                CyRamVectors

.noinit         0x1fff80c0        0x1
 *(.noinit)
 .noinit        0x1fff80c0        0x1 .\CortexM3\ARM_GCC_541\Debug\Lab2_DC_Motor_V_I.a(CyLib.o)
                0x1fff80c0                CyResetStatus

.data           0x1fff80c8       0x80 load address 0x00000fc8
                0x1fff80c8                __cy_region_start_data = .
 *(.jcr)
 .jcr           0x1fff80c8        0x0 c:/program files (x86)/cypress/psoc creator/4.2/psoc creator/import/gnu/arm/5.4.1/bin/../lib/gcc/arm-none-eabi/5.4.1/armv7-m/crtbegin.o
 .jcr           0x1fff80c8        0x4 c:/program files (x86)/cypress/psoc creator/4.2/psoc creator/import/gnu/arm/5.4.1/bin/../lib/gcc/arm-none-eabi/5.4.1/armv7-m/crtend.o
 *(.got.plt)
 *(.got)
 *(.shdata)
 *(.data .data.* .gnu.linkonce.d.*)
 .data          0x1fff80cc        0x1 .\CortexM3\ARM_GCC_541\Debug\Lab2_DC_Motor_V_I.a(AMux_1.o)
 *fill*         0x1fff80cd        0x3 
 .data          0x1fff80d0       0x10 .\CortexM3\ARM_GCC_541\Debug\Lab2_DC_Motor_V_I.a(CyLib.o)
                0x1fff80d0                cydelay_32k_ms
                0x1fff80d4                cydelay_freq_khz
                0x1fff80d8                cydelay_freq_mhz
                0x1fff80dc                cydelay_freq_hz
 .data.impure_data
                0x1fff80e0       0x60 c:/program files (x86)/cypress/psoc creator/4.2/psoc creator/import/gnu/arm/5.4.1/bin/../lib/gcc/arm-none-eabi/5.4.1/../../../../arm-none-eabi/lib/armv7-m\libg_nano.a(lib_a-impure.o)
 .data._impure_ptr
                0x1fff8140        0x4 c:/program files (x86)/cypress/psoc creator/4.2/psoc creator/import/gnu/arm/5.4.1/bin/../lib/gcc/arm-none-eabi/5.4.1/../../../../arm-none-eabi/lib/armv7-m\libg_nano.a(lib_a-impure.o)
                0x1fff8140                _impure_ptr
                0x1fff8148                . = ALIGN (0x8)
 *fill*         0x1fff8144        0x4 
 *(.ram)
                0x1fff8148                _edata = .

.igot.plt       0x1fff8148        0x0 load address 0x00001048
 .igot.plt      0x1fff8148        0x0 c:/program files (x86)/cypress/psoc creator/4.2/psoc creator/import/gnu/arm/5.4.1/bin/../lib/gcc/arm-none-eabi/5.4.1/armv7-m/crtbegin.o

.bss            0x1fff8148       0x30 load address 0x00001048
                0x1fff8148                PROVIDE (__bss_start__, .)
 *(.shbss)
 *(.bss .bss.* .gnu.linkonce.b.*)
 .bss           0x1fff8148       0x1c c:/program files (x86)/cypress/psoc creator/4.2/psoc creator/import/gnu/arm/5.4.1/bin/../lib/gcc/arm-none-eabi/5.4.1/armv7-m/crtbegin.o
 .bss           0x1fff8164        0x1 .\CortexM3\ARM_GCC_541\Debug\Lab2_DC_Motor_V_I.a(PGA_1.o)
                0x1fff8164                PGA_1_initVar
 .bss           0x1fff8165        0x1 .\CortexM3\ARM_GCC_541\Debug\Lab2_DC_Motor_V_I.a(ADC_SAR_1.o)
                0x1fff8165                ADC_SAR_1_initVar
 .bss           0x1fff8166        0x2 .\CortexM3\ARM_GCC_541\Debug\Lab2_DC_Motor_V_I.a(LCD.o)
                0x1fff8166                LCD_enableState
                0x1fff8167                LCD_initVar
 *(COMMON)
 COMMON         0x1fff8168        0xa .\CortexM3\ARM_GCC_541\Debug\Lab2_DC_Motor_V_I.a(ADC_SAR_1.o)
                0x1fff8168                ADC_SAR_1_countsPerVolt
                0x1fff816a                ADC_SAR_1_shift
                0x1fff816c                ADC_SAR_1_countsPer10Volt
                0x1fff8170                ADC_SAR_1_offset
                0x1fff8178                . = ALIGN (0x8)
 *fill*         0x1fff8172        0x6 
 *(.ram.b)
                0x1fff8178                _end = .
                0x1fff8178                __end = .
                0x1fff8178                PROVIDE (end, .)
                0x1fff8178                PROVIDE (__bss_end__, .)
                0x00000fc8                __cy_region_init_ram = LOADADDR (.data)
                0x00000080                __cy_region_init_size_ram = (_edata - ADDR (.data))
                0x00000030                __cy_region_zero_size_ram = (_end - _edata)

.heap           0x1fff8178       0x80 load address 0x00001048
                0x1fff8178                . = _end
                0x1fff81f8                . = (. + 0x80)
 *fill*         0x1fff8178       0x80 
                0x1fff81f8                __cy_heap_limit = .

.stack          0x20007800      0x800
                0x20007800                __cy_stack_limit = .
                0x20008000                . = (. + 0x800)
 *fill*         0x20007800      0x800 
                0x00000001                ASSERT ((__cy_stack_limit >= __cy_heap_limit), region RAM overflowed with stack)
                0x00000000                cy_checksum_exclude_size = (CY_APPL_LOADABLE == 0x1)?SIZEOF (.cy_checksum_exclude):0x0
                0x00000001                ASSERT ((cy_checksum_exclude_size <= CY_CHECKSUM_EXCLUDE_SIZE), CY_BOOT: Section .cy_checksum_exclude size exceedes specified limit.)

.cyloadermeta
 *(.cyloadermeta)

.cyloadablemeta
 *(.cyloadablemeta)

.cyconfigecc    0x80000000       0x6c
 *(.cyconfigecc)
 .cyconfigecc   0x80000000       0x6c .\CortexM3\ARM_GCC_541\Debug\cymetadata.o
                0x80000000                cy_meta_configecc

.cycustnvl      0x90000000        0x4
 *(.cycustnvl)
 .cycustnvl     0x90000000        0x4 .\CortexM3\ARM_GCC_541\Debug\cymetadata.o
                0x90000000                cy_meta_custnvl

.cywolatch      0x90100000        0x4
 *(.cywolatch)
 .cywolatch     0x90100000        0x4 .\CortexM3\ARM_GCC_541\Debug\cymetadata.o
                0x90100000                cy_meta_wonvl

.cyeeprom       0x90200000        0x0
 *(.cyeeprom)
                0x00000001                ASSERT ((. <= ((0x90200000 + ee_offset) + ee_size)), .cyeeprom data will not fit in EEPROM)

.cyflashprotect
                0x90400000      0x100
 *(.cyflashprotect)
 .cyflashprotect
                0x90400000      0x100 .\CortexM3\ARM_GCC_541\Debug\cymetadata.o
                0x90400000                cy_meta_flashprotect

.cymeta         0x90500000        0xc
 *(.cymeta)
 .cymeta        0x90500000        0xc .\CortexM3\ARM_GCC_541\Debug\cymetadata.o
                0x90500000                cy_metadata

.rel.dyn        0x00001048        0x0 load address 0x9050000c
 .rel.iplt      0x00001048        0x0 c:/program files (x86)/cypress/psoc creator/4.2/psoc creator/import/gnu/arm/5.4.1/bin/../lib/gcc/arm-none-eabi/5.4.1/armv7-m/crtbegin.o

.stab
 *(.stab)

.stabstr
 *(.stabstr)

.debug
 *(.debug)

.line
 *(.line)

.debug_srcinfo
 *(.debug_srcinfo)

.debug_sfnames
 *(.debug_sfnames)

.debug_aranges  0x00000000      0x848
 *(.debug_aranges)
 .debug_aranges
                0x00000000       0x20 .\CortexM3\ARM_GCC_541\Debug\main.o
 .debug_aranges
                0x00000020       0x68 .\CortexM3\ARM_GCC_541\Debug\cyfitter_cfg.o
 .debug_aranges
                0x00000088       0x18 .\CortexM3\ARM_GCC_541\Debug\cymetadata.o
 .debug_aranges
                0x000000a0       0x48 .\CortexM3\ARM_GCC_541\Debug\Cm3Start.o
 .debug_aranges
                0x000000e8       0x38 .\CortexM3\ARM_GCC_541\Debug\Lab2_DC_Motor_V_I.a(P4_1.o)
 .debug_aranges
                0x00000120       0x38 .\CortexM3\ARM_GCC_541\Debug\Lab2_DC_Motor_V_I.a(P4_5.o)
 .debug_aranges
                0x00000158       0x38 .\CortexM3\ARM_GCC_541\Debug\Lab2_DC_Motor_V_I.a(P4_6.o)
 .debug_aranges
                0x00000190       0x48 .\CortexM3\ARM_GCC_541\Debug\Lab2_DC_Motor_V_I.a(PGA_1.o)
 .debug_aranges
                0x000001d8       0x30 .\CortexM3\ARM_GCC_541\Debug\Lab2_DC_Motor_V_I.a(AMux_1.o)
 .debug_aranges
                0x00000208       0xa8 .\CortexM3\ARM_GCC_541\Debug\Lab2_DC_Motor_V_I.a(ADC_SAR_1.o)
 .debug_aranges
                0x000002b0       0x20 .\CortexM3\ARM_GCC_541\Debug\Lab2_DC_Motor_V_I.a(ADC_SAR_1_INT.o)
 .debug_aranges
                0x000002d0       0x80 .\CortexM3\ARM_GCC_541\Debug\Lab2_DC_Motor_V_I.a(ADC_SAR_1_theACLK.o)
 .debug_aranges
                0x00000350      0x2a0 .\CortexM3\ARM_GCC_541\Debug\Lab2_DC_Motor_V_I.a(CyLib.o)
 .debug_aranges
                0x000005f0       0x98 .\CortexM3\ARM_GCC_541\Debug\Lab2_DC_Motor_V_I.a(cyPm.o)
 .debug_aranges
                0x00000688       0x98 .\CortexM3\ARM_GCC_541\Debug\Lab2_DC_Motor_V_I.a(LCD.o)
 .debug_aranges
                0x00000720       0x20 .\CortexM3\ARM_GCC_541\Debug\Lab2_DC_Motor_V_I.a(CyBootAsmGnu.o)
 .debug_aranges
                0x00000740       0x88 .\CortexM3\ARM_GCC_541\Debug\Lab2_DC_Motor_V_I.a(CyFlash.o)
 .debug_aranges
                0x000007c8       0x80 .\CortexM3\ARM_GCC_541\Debug\Lab2_DC_Motor_V_I.a(CySpc.o)

.debug_pubnames
 *(.debug_pubnames)

.debug_info     0x00000000     0x53d7
 *(.debug_info .gnu.linkonce.wi.*)
 .debug_info    0x00000000      0x85b .\CortexM3\ARM_GCC_541\Debug\main.o
 .debug_info    0x0000085b      0x5fd .\CortexM3\ARM_GCC_541\Debug\cyfitter_cfg.o
 .debug_info    0x00000e58      0x134 .\CortexM3\ARM_GCC_541\Debug\cymetadata.o
 .debug_info    0x00000f8c      0x3bb .\CortexM3\ARM_GCC_541\Debug\Cm3Start.o
 .debug_info    0x00001347      0x11f .\CortexM3\ARM_GCC_541\Debug\Lab2_DC_Motor_V_I.a(P4_1.o)
 .debug_info    0x00001466      0x11f .\CortexM3\ARM_GCC_541\Debug\Lab2_DC_Motor_V_I.a(P4_5.o)
 .debug_info    0x00001585      0x11f .\CortexM3\ARM_GCC_541\Debug\Lab2_DC_Motor_V_I.a(P4_6.o)
 .debug_info    0x000016a4      0x1d3 .\CortexM3\ARM_GCC_541\Debug\Lab2_DC_Motor_V_I.a(PGA_1.o)
 .debug_info    0x00001877      0x165 .\CortexM3\ARM_GCC_541\Debug\Lab2_DC_Motor_V_I.a(AMux_1.o)
 .debug_info    0x000019dc      0x5c0 .\CortexM3\ARM_GCC_541\Debug\Lab2_DC_Motor_V_I.a(ADC_SAR_1.o)
 .debug_info    0x00001f9c       0x92 .\CortexM3\ARM_GCC_541\Debug\Lab2_DC_Motor_V_I.a(ADC_SAR_1_INT.o)
 .debug_info    0x0000202e      0x2c4 .\CortexM3\ARM_GCC_541\Debug\Lab2_DC_Motor_V_I.a(ADC_SAR_1_theACLK.o)
 .debug_info    0x000022f2     0x1374 .\CortexM3\ARM_GCC_541\Debug\Lab2_DC_Motor_V_I.a(CyLib.o)
 .debug_info    0x00003666      0xa2a .\CortexM3\ARM_GCC_541\Debug\Lab2_DC_Motor_V_I.a(cyPm.o)
 .debug_info    0x00004090      0x715 .\CortexM3\ARM_GCC_541\Debug\Lab2_DC_Motor_V_I.a(LCD.o)
 .debug_info    0x000047a5       0x95 .\CortexM3\ARM_GCC_541\Debug\Lab2_DC_Motor_V_I.a(CyBootAsmGnu.o)
 .debug_info    0x0000483a      0x64d .\CortexM3\ARM_GCC_541\Debug\Lab2_DC_Motor_V_I.a(CyFlash.o)
 .debug_info    0x00004e87      0x550 .\CortexM3\ARM_GCC_541\Debug\Lab2_DC_Motor_V_I.a(CySpc.o)

.debug_abbrev   0x00000000     0x1464
 *(.debug_abbrev)
 .debug_abbrev  0x00000000       0xf6 .\CortexM3\ARM_GCC_541\Debug\main.o
 .debug_abbrev  0x000000f6      0x21e .\CortexM3\ARM_GCC_541\Debug\cyfitter_cfg.o
 .debug_abbrev  0x00000314       0x5d .\CortexM3\ARM_GCC_541\Debug\cymetadata.o
 .debug_abbrev  0x00000371      0x1e8 .\CortexM3\ARM_GCC_541\Debug\Cm3Start.o
 .debug_abbrev  0x00000559       0x90 .\CortexM3\ARM_GCC_541\Debug\Lab2_DC_Motor_V_I.a(P4_1.o)
 .debug_abbrev  0x000005e9       0x90 .\CortexM3\ARM_GCC_541\Debug\Lab2_DC_Motor_V_I.a(P4_5.o)
 .debug_abbrev  0x00000679       0x90 .\CortexM3\ARM_GCC_541\Debug\Lab2_DC_Motor_V_I.a(P4_6.o)
 .debug_abbrev  0x00000709       0xf6 .\CortexM3\ARM_GCC_541\Debug\Lab2_DC_Motor_V_I.a(PGA_1.o)
 .debug_abbrev  0x000007ff       0xb1 .\CortexM3\ARM_GCC_541\Debug\Lab2_DC_Motor_V_I.a(AMux_1.o)
 .debug_abbrev  0x000008b0      0x1ac .\CortexM3\ARM_GCC_541\Debug\Lab2_DC_Motor_V_I.a(ADC_SAR_1.o)
 .debug_abbrev  0x00000a5c       0x42 .\CortexM3\ARM_GCC_541\Debug\Lab2_DC_Motor_V_I.a(ADC_SAR_1_INT.o)
 .debug_abbrev  0x00000a9e      0x121 .\CortexM3\ARM_GCC_541\Debug\Lab2_DC_Motor_V_I.a(ADC_SAR_1_theACLK.o)
 .debug_abbrev  0x00000bbf      0x254 .\CortexM3\ARM_GCC_541\Debug\Lab2_DC_Motor_V_I.a(CyLib.o)
 .debug_abbrev  0x00000e13      0x1ab .\CortexM3\ARM_GCC_541\Debug\Lab2_DC_Motor_V_I.a(cyPm.o)
 .debug_abbrev  0x00000fbe      0x157 .\CortexM3\ARM_GCC_541\Debug\Lab2_DC_Motor_V_I.a(LCD.o)
 .debug_abbrev  0x00001115       0x14 .\CortexM3\ARM_GCC_541\Debug\Lab2_DC_Motor_V_I.a(CyBootAsmGnu.o)
 .debug_abbrev  0x00001129      0x1a7 .\CortexM3\ARM_GCC_541\Debug\Lab2_DC_Motor_V_I.a(CyFlash.o)
 .debug_abbrev  0x000012d0      0x194 .\CortexM3\ARM_GCC_541\Debug\Lab2_DC_Motor_V_I.a(CySpc.o)

.debug_line     0x00000000     0x2132
 *(.debug_line)
 .debug_line    0x00000000      0x22f .\CortexM3\ARM_GCC_541\Debug\main.o
 .debug_line    0x0000022f      0x215 .\CortexM3\ARM_GCC_541\Debug\cyfitter_cfg.o
 .debug_line    0x00000444      0x141 .\CortexM3\ARM_GCC_541\Debug\cymetadata.o
 .debug_line    0x00000585      0x234 .\CortexM3\ARM_GCC_541\Debug\Cm3Start.o
 .debug_line    0x000007b9       0x91 .\CortexM3\ARM_GCC_541\Debug\Lab2_DC_Motor_V_I.a(P4_1.o)
 .debug_line    0x0000084a       0x91 .\CortexM3\ARM_GCC_541\Debug\Lab2_DC_Motor_V_I.a(P4_5.o)
 .debug_line    0x000008db       0x91 .\CortexM3\ARM_GCC_541\Debug\Lab2_DC_Motor_V_I.a(P4_6.o)
 .debug_line    0x0000096c       0xcc .\CortexM3\ARM_GCC_541\Debug\Lab2_DC_Motor_V_I.a(PGA_1.o)
 .debug_line    0x00000a38       0xaa .\CortexM3\ARM_GCC_541\Debug\Lab2_DC_Motor_V_I.a(AMux_1.o)
 .debug_line    0x00000ae2      0x21e .\CortexM3\ARM_GCC_541\Debug\Lab2_DC_Motor_V_I.a(ADC_SAR_1.o)
 .debug_line    0x00000d00       0x56 .\CortexM3\ARM_GCC_541\Debug\Lab2_DC_Motor_V_I.a(ADC_SAR_1_INT.o)
 .debug_line    0x00000d56      0x1a3 .\CortexM3\ARM_GCC_541\Debug\Lab2_DC_Motor_V_I.a(ADC_SAR_1_theACLK.o)
 .debug_line    0x00000ef9      0x816 .\CortexM3\ARM_GCC_541\Debug\Lab2_DC_Motor_V_I.a(CyLib.o)
 .debug_line    0x0000170f      0x367 .\CortexM3\ARM_GCC_541\Debug\Lab2_DC_Motor_V_I.a(cyPm.o)
 .debug_line    0x00001a76      0x1dc .\CortexM3\ARM_GCC_541\Debug\Lab2_DC_Motor_V_I.a(LCD.o)
 .debug_line    0x00001c52       0x66 .\CortexM3\ARM_GCC_541\Debug\Lab2_DC_Motor_V_I.a(CyBootAsmGnu.o)
 .debug_line    0x00001cb8      0x21a .\CortexM3\ARM_GCC_541\Debug\Lab2_DC_Motor_V_I.a(CyFlash.o)
 .debug_line    0x00001ed2      0x260 .\CortexM3\ARM_GCC_541\Debug\Lab2_DC_Motor_V_I.a(CySpc.o)

.debug_frame    0x00000000     0x1644
 *(.debug_frame)
 .debug_frame   0x00000000       0x38 .\CortexM3\ARM_GCC_541\Debug\main.o
 .debug_frame   0x00000038      0x130 .\CortexM3\ARM_GCC_541\Debug\cyfitter_cfg.o
 .debug_frame   0x00000168       0xb8 .\CortexM3\ARM_GCC_541\Debug\Cm3Start.o
 .debug_frame   0x00000220       0x50 .\CortexM3\ARM_GCC_541\Debug\Lab2_DC_Motor_V_I.a(P4_1.o)
 .debug_frame   0x00000270       0x50 .\CortexM3\ARM_GCC_541\Debug\Lab2_DC_Motor_V_I.a(P4_5.o)
 .debug_frame   0x000002c0       0x50 .\CortexM3\ARM_GCC_541\Debug\Lab2_DC_Motor_V_I.a(P4_6.o)
 .debug_frame   0x00000310       0x9c .\CortexM3\ARM_GCC_541\Debug\Lab2_DC_Motor_V_I.a(PGA_1.o)
 .debug_frame   0x000003ac       0x64 .\CortexM3\ARM_GCC_541\Debug\Lab2_DC_Motor_V_I.a(AMux_1.o)
 .debug_frame   0x00000410      0x1b0 .\CortexM3\ARM_GCC_541\Debug\Lab2_DC_Motor_V_I.a(ADC_SAR_1.o)
 .debug_frame   0x000005c0       0x20 .\CortexM3\ARM_GCC_541\Debug\Lab2_DC_Motor_V_I.a(ADC_SAR_1_INT.o)
 .debug_frame   0x000005e0      0x100 .\CortexM3\ARM_GCC_541\Debug\Lab2_DC_Motor_V_I.a(ADC_SAR_1_theACLK.o)
 .debug_frame   0x000006e0      0x738 .\CortexM3\ARM_GCC_541\Debug\Lab2_DC_Motor_V_I.a(CyLib.o)
 .debug_frame   0x00000e18      0x1f8 .\CortexM3\ARM_GCC_541\Debug\Lab2_DC_Motor_V_I.a(cyPm.o)
 .debug_frame   0x00001010      0x1e8 .\CortexM3\ARM_GCC_541\Debug\Lab2_DC_Motor_V_I.a(LCD.o)
 .debug_frame   0x000011f8      0x194 .\CortexM3\ARM_GCC_541\Debug\Lab2_DC_Motor_V_I.a(CyFlash.o)
 .debug_frame   0x0000138c      0x180 .\CortexM3\ARM_GCC_541\Debug\Lab2_DC_Motor_V_I.a(CySpc.o)
 .debug_frame   0x0000150c       0x44 c:/program files (x86)/cypress/psoc creator/4.2/psoc creator/import/gnu/arm/5.4.1/bin/../lib/gcc/arm-none-eabi/5.4.1/armv7-m\libgcc.a(_aeabi_ldivmod.o)
 .debug_frame   0x00001550       0x38 c:/program files (x86)/cypress/psoc creator/4.2/psoc creator/import/gnu/arm/5.4.1/bin/../lib/gcc/arm-none-eabi/5.4.1/armv7-m\libgcc.a(_udivmoddi4.o)
 .debug_frame   0x00001588       0x20 c:/program files (x86)/cypress/psoc creator/4.2/psoc creator/import/gnu/arm/5.4.1/bin/../lib/gcc/arm-none-eabi/5.4.1/../../../../arm-none-eabi/lib/armv7-m\libg_nano.a(lib_a-errno.o)
 .debug_frame   0x000015a8       0x28 c:/program files (x86)/cypress/psoc creator/4.2/psoc creator/import/gnu/arm/5.4.1/bin/../lib/gcc/arm-none-eabi/5.4.1/../../../../arm-none-eabi/lib/armv7-m\libg_nano.a(lib_a-exit.o)
 .debug_frame   0x000015d0       0x2c c:/program files (x86)/cypress/psoc creator/4.2/psoc creator/import/gnu/arm/5.4.1/bin/../lib/gcc/arm-none-eabi/5.4.1/../../../../arm-none-eabi/lib/armv7-m\libg_nano.a(lib_a-init.o)
 .debug_frame   0x000015fc       0x28 c:/program files (x86)/cypress/psoc creator/4.2/psoc creator/import/gnu/arm/5.4.1/bin/../lib/gcc/arm-none-eabi/5.4.1/../../../../arm-none-eabi/lib/armv7-m\libg_nano.a(lib_a-memcpy-stub.o)
 .debug_frame   0x00001624       0x20 c:/program files (x86)/cypress/psoc creator/4.2/psoc creator/import/gnu/arm/5.4.1/bin/../lib/gcc/arm-none-eabi/5.4.1/../../../../arm-none-eabi/lib/armv7-m\libg_nano.a(lib_a-memset.o)

.debug_str      0x00000000     0x1ba7
 *(.debug_str)
 .debug_str     0x00000000      0x2f8 .\CortexM3\ARM_GCC_541\Debug\main.o
                                0x35a (size before relaxing)
 .debug_str     0x000002f8      0x1be .\CortexM3\ARM_GCC_541\Debug\cyfitter_cfg.o
                                0x362 (size before relaxing)
 .debug_str     0x000004b6       0x75 .\CortexM3\ARM_GCC_541\Debug\cymetadata.o
                                0x1e9 (size before relaxing)
 .debug_str     0x0000052b      0x144 .\CortexM3\ARM_GCC_541\Debug\Cm3Start.o
                                0x30f (size before relaxing)
 .debug_str     0x0000066f       0x5b .\CortexM3\ARM_GCC_541\Debug\Lab2_DC_Motor_V_I.a(P4_1.o)
                                0x1e2 (size before relaxing)
 .debug_str     0x000006ca       0x4b .\CortexM3\ARM_GCC_541\Debug\Lab2_DC_Motor_V_I.a(P4_5.o)
                                0x1e2 (size before relaxing)
 .debug_str     0x00000715       0x4b .\CortexM3\ARM_GCC_541\Debug\Lab2_DC_Motor_V_I.a(P4_6.o)
                                0x1e2 (size before relaxing)
 .debug_str     0x00000760       0x9d .\CortexM3\ARM_GCC_541\Debug\Lab2_DC_Motor_V_I.a(PGA_1.o)
                                0x234 (size before relaxing)
 .debug_str     0x000007fd       0x4a .\CortexM3\ARM_GCC_541\Debug\Lab2_DC_Motor_V_I.a(AMux_1.o)
                                0x1f6 (size before relaxing)
 .debug_str     0x00000847      0x251 .\CortexM3\ARM_GCC_541\Debug\Lab2_DC_Motor_V_I.a(ADC_SAR_1.o)
                                0x4c2 (size before relaxing)
 .debug_str     0x00000a98       0x35 .\CortexM3\ARM_GCC_541\Debug\Lab2_DC_Motor_V_I.a(ADC_SAR_1_INT.o)
                                0x1a0 (size before relaxing)
 .debug_str     0x00000acd      0x20d .\CortexM3\ARM_GCC_541\Debug\Lab2_DC_Motor_V_I.a(ADC_SAR_1_theACLK.o)
                                0x3ba (size before relaxing)
 .debug_str     0x00000cda      0x7ea .\CortexM3\ARM_GCC_541\Debug\Lab2_DC_Motor_V_I.a(CyLib.o)
                                0xa4c (size before relaxing)
 .debug_str     0x000014c4      0x365 .\CortexM3\ARM_GCC_541\Debug\Lab2_DC_Motor_V_I.a(cyPm.o)
                                0x738 (size before relaxing)
 .debug_str     0x00001829      0x117 .\CortexM3\ARM_GCC_541\Debug\Lab2_DC_Motor_V_I.a(LCD.o)
                                0x330 (size before relaxing)
 .debug_str     0x00001940      0x1bb .\CortexM3\ARM_GCC_541\Debug\Lab2_DC_Motor_V_I.a(CyFlash.o)
                                0x3c5 (size before relaxing)
 .debug_str     0x00001afb       0xac .\CortexM3\ARM_GCC_541\Debug\Lab2_DC_Motor_V_I.a(CySpc.o)
                                0x33d (size before relaxing)

.debug_loc      0x00000000     0x2553
 *(.debug_loc)
 .debug_loc     0x00000000      0x17e .\CortexM3\ARM_GCC_541\Debug\main.o
 .debug_loc     0x0000017e      0x2ab .\CortexM3\ARM_GCC_541\Debug\cyfitter_cfg.o
 .debug_loc     0x00000429      0x144 .\CortexM3\ARM_GCC_541\Debug\Cm3Start.o
 .debug_loc     0x0000056d       0x42 .\CortexM3\ARM_GCC_541\Debug\Lab2_DC_Motor_V_I.a(P4_1.o)
 .debug_loc     0x000005af       0x42 .\CortexM3\ARM_GCC_541\Debug\Lab2_DC_Motor_V_I.a(P4_5.o)
 .debug_loc     0x000005f1       0x42 .\CortexM3\ARM_GCC_541\Debug\Lab2_DC_Motor_V_I.a(P4_6.o)
 .debug_loc     0x00000633       0x60 .\CortexM3\ARM_GCC_541\Debug\Lab2_DC_Motor_V_I.a(PGA_1.o)
 .debug_loc     0x00000693       0x6c .\CortexM3\ARM_GCC_541\Debug\Lab2_DC_Motor_V_I.a(AMux_1.o)
 .debug_loc     0x000006ff      0x295 .\CortexM3\ARM_GCC_541\Debug\Lab2_DC_Motor_V_I.a(ADC_SAR_1.o)
 .debug_loc     0x00000994      0x14d .\CortexM3\ARM_GCC_541\Debug\Lab2_DC_Motor_V_I.a(ADC_SAR_1_theACLK.o)
 .debug_loc     0x00000ae1      0xa11 .\CortexM3\ARM_GCC_541\Debug\Lab2_DC_Motor_V_I.a(CyLib.o)
 .debug_loc     0x000014f2      0x1e4 .\CortexM3\ARM_GCC_541\Debug\Lab2_DC_Motor_V_I.a(cyPm.o)
 .debug_loc     0x000016d6      0x3c6 .\CortexM3\ARM_GCC_541\Debug\Lab2_DC_Motor_V_I.a(LCD.o)
 .debug_loc     0x00001a9c      0x3b2 .\CortexM3\ARM_GCC_541\Debug\Lab2_DC_Motor_V_I.a(CyFlash.o)
 .debug_loc     0x00001e4e      0x705 .\CortexM3\ARM_GCC_541\Debug\Lab2_DC_Motor_V_I.a(CySpc.o)

.debug_macinfo
 *(.debug_macinfo)

.debug_ranges   0x00000000      0x728
 *(.debug_ranges)
 .debug_ranges  0x00000000       0x28 .\CortexM3\ARM_GCC_541\Debug\main.o
 .debug_ranges  0x00000028       0x58 .\CortexM3\ARM_GCC_541\Debug\cyfitter_cfg.o
 .debug_ranges  0x00000080       0x38 .\CortexM3\ARM_GCC_541\Debug\Cm3Start.o
 .debug_ranges  0x000000b8       0x28 .\CortexM3\ARM_GCC_541\Debug\Lab2_DC_Motor_V_I.a(P4_1.o)
 .debug_ranges  0x000000e0       0x28 .\CortexM3\ARM_GCC_541\Debug\Lab2_DC_Motor_V_I.a(P4_5.o)
 .debug_ranges  0x00000108       0x28 .\CortexM3\ARM_GCC_541\Debug\Lab2_DC_Motor_V_I.a(P4_6.o)
 .debug_ranges  0x00000130       0x38 .\CortexM3\ARM_GCC_541\Debug\Lab2_DC_Motor_V_I.a(PGA_1.o)
 .debug_ranges  0x00000168       0x20 .\CortexM3\ARM_GCC_541\Debug\Lab2_DC_Motor_V_I.a(AMux_1.o)
 .debug_ranges  0x00000188       0x98 .\CortexM3\ARM_GCC_541\Debug\Lab2_DC_Motor_V_I.a(ADC_SAR_1.o)
 .debug_ranges  0x00000220       0x10 .\CortexM3\ARM_GCC_541\Debug\Lab2_DC_Motor_V_I.a(ADC_SAR_1_INT.o)
 .debug_ranges  0x00000230       0x70 .\CortexM3\ARM_GCC_541\Debug\Lab2_DC_Motor_V_I.a(ADC_SAR_1_theACLK.o)
 .debug_ranges  0x000002a0      0x290 .\CortexM3\ARM_GCC_541\Debug\Lab2_DC_Motor_V_I.a(CyLib.o)
 .debug_ranges  0x00000530       0x88 .\CortexM3\ARM_GCC_541\Debug\Lab2_DC_Motor_V_I.a(cyPm.o)
 .debug_ranges  0x000005b8       0x88 .\CortexM3\ARM_GCC_541\Debug\Lab2_DC_Motor_V_I.a(LCD.o)
 .debug_ranges  0x00000640       0x78 .\CortexM3\ARM_GCC_541\Debug\Lab2_DC_Motor_V_I.a(CyFlash.o)
 .debug_ranges  0x000006b8       0x70 .\CortexM3\ARM_GCC_541\Debug\Lab2_DC_Motor_V_I.a(CySpc.o)

.comment        0x00000000       0x6e
 .comment       0x00000000       0x6e .\CortexM3\ARM_GCC_541\Debug\main.o
                                 0x6f (size before relaxing)
 .comment       0x0000006e       0x6f .\CortexM3\ARM_GCC_541\Debug\cyfitter_cfg.o
 .comment       0x0000006e       0x6f .\CortexM3\ARM_GCC_541\Debug\cymetadata.o
 .comment       0x0000006e       0x6f .\CortexM3\ARM_GCC_541\Debug\Cm3Start.o
 .comment       0x0000006e       0x6f .\CortexM3\ARM_GCC_541\Debug\Lab2_DC_Motor_V_I.a(P4_1.o)
 .comment       0x0000006e       0x6f .\CortexM3\ARM_GCC_541\Debug\Lab2_DC_Motor_V_I.a(P4_5.o)
 .comment       0x0000006e       0x6f .\CortexM3\ARM_GCC_541\Debug\Lab2_DC_Motor_V_I.a(P4_6.o)
 .comment       0x0000006e       0x6f .\CortexM3\ARM_GCC_541\Debug\Lab2_DC_Motor_V_I.a(PGA_1.o)
 .comment       0x0000006e       0x6f .\CortexM3\ARM_GCC_541\Debug\Lab2_DC_Motor_V_I.a(AMux_1.o)
 .comment       0x0000006e       0x6f .\CortexM3\ARM_GCC_541\Debug\Lab2_DC_Motor_V_I.a(ADC_SAR_1.o)
 .comment       0x0000006e       0x6f .\CortexM3\ARM_GCC_541\Debug\Lab2_DC_Motor_V_I.a(ADC_SAR_1_INT.o)
 .comment       0x0000006e       0x6f .\CortexM3\ARM_GCC_541\Debug\Lab2_DC_Motor_V_I.a(ADC_SAR_1_theACLK.o)
 .comment       0x0000006e       0x6f .\CortexM3\ARM_GCC_541\Debug\Lab2_DC_Motor_V_I.a(CyLib.o)
 .comment       0x0000006e       0x6f .\CortexM3\ARM_GCC_541\Debug\Lab2_DC_Motor_V_I.a(cyPm.o)
 .comment       0x0000006e       0x6f .\CortexM3\ARM_GCC_541\Debug\Lab2_DC_Motor_V_I.a(LCD.o)
 .comment       0x0000006e       0x6f .\CortexM3\ARM_GCC_541\Debug\Lab2_DC_Motor_V_I.a(CyFlash.o)
 .comment       0x0000006e       0x6f .\CortexM3\ARM_GCC_541\Debug\Lab2_DC_Motor_V_I.a(CySpc.o)

.debug_weaknames
 *(.debug_weaknames)

.debug_funcnames
 *(.debug_funcnames)

.debug_typenames
 *(.debug_typenames)

.debug_varnames
 *(.debug_varnames)

.note.gnu.arm.ident
 *(.note.gnu.arm.ident)

.ARM.attributes
                0x00000000       0x29
 *(.ARM.attributes)
 .ARM.attributes
                0x00000000       0x1d c:/program files (x86)/cypress/psoc creator/4.2/psoc creator/import/gnu/arm/5.4.1/bin/../lib/gcc/arm-none-eabi/5.4.1/armv7-m/crti.o
 .ARM.attributes
                0x0000001d       0x2d c:/program files (x86)/cypress/psoc creator/4.2/psoc creator/import/gnu/arm/5.4.1/bin/../lib/gcc/arm-none-eabi/5.4.1/armv7-m/crtbegin.o
 .ARM.attributes
                0x0000004a       0x1b c:/program files (x86)/cypress/psoc creator/4.2/psoc creator/import/gnu/arm/5.4.1/bin/../lib/gcc/arm-none-eabi/5.4.1/../../../../arm-none-eabi/lib/armv7-m/crt0.o
 .ARM.attributes
                0x00000065       0x33 .\CortexM3\ARM_GCC_541\Debug\main.o
 .ARM.attributes
                0x00000098       0x33 .\CortexM3\ARM_GCC_541\Debug\cyfitter_cfg.o
 .ARM.attributes
                0x000000cb       0x33 .\CortexM3\ARM_GCC_541\Debug\cymetadata.o
 .ARM.attributes
                0x000000fe       0x33 .\CortexM3\ARM_GCC_541\Debug\Cm3Start.o
 .ARM.attributes
                0x00000131       0x33 .\CortexM3\ARM_GCC_541\Debug\Lab2_DC_Motor_V_I.a(P4_1.o)
 .ARM.attributes
                0x00000164       0x33 .\CortexM3\ARM_GCC_541\Debug\Lab2_DC_Motor_V_I.a(P4_5.o)
 .ARM.attributes
                0x00000197       0x33 .\CortexM3\ARM_GCC_541\Debug\Lab2_DC_Motor_V_I.a(P4_6.o)
 .ARM.attributes
                0x000001ca       0x33 .\CortexM3\ARM_GCC_541\Debug\Lab2_DC_Motor_V_I.a(PGA_1.o)
 .ARM.attributes
                0x000001fd       0x33 .\CortexM3\ARM_GCC_541\Debug\Lab2_DC_Motor_V_I.a(AMux_1.o)
 .ARM.attributes
                0x00000230       0x33 .\CortexM3\ARM_GCC_541\Debug\Lab2_DC_Motor_V_I.a(ADC_SAR_1.o)
 .ARM.attributes
                0x00000263       0x33 .\CortexM3\ARM_GCC_541\Debug\Lab2_DC_Motor_V_I.a(ADC_SAR_1_INT.o)
 .ARM.attributes
                0x00000296       0x33 .\CortexM3\ARM_GCC_541\Debug\Lab2_DC_Motor_V_I.a(ADC_SAR_1_theACLK.o)
 .ARM.attributes
                0x000002c9       0x33 .\CortexM3\ARM_GCC_541\Debug\Lab2_DC_Motor_V_I.a(CyLib.o)
 .ARM.attributes
                0x000002fc       0x33 .\CortexM3\ARM_GCC_541\Debug\Lab2_DC_Motor_V_I.a(cyPm.o)
 .ARM.attributes
                0x0000032f       0x33 .\CortexM3\ARM_GCC_541\Debug\Lab2_DC_Motor_V_I.a(LCD.o)
 .ARM.attributes
                0x00000362       0x21 .\CortexM3\ARM_GCC_541\Debug\Lab2_DC_Motor_V_I.a(CyBootAsmGnu.o)
 .ARM.attributes
                0x00000383       0x33 .\CortexM3\ARM_GCC_541\Debug\Lab2_DC_Motor_V_I.a(CyFlash.o)
 .ARM.attributes
                0x000003b6       0x33 .\CortexM3\ARM_GCC_541\Debug\Lab2_DC_Motor_V_I.a(CySpc.o)
 .ARM.attributes
                0x000003e9       0x1d c:/program files (x86)/cypress/psoc creator/4.2/psoc creator/import/gnu/arm/5.4.1/bin/../lib/gcc/arm-none-eabi/5.4.1/armv7-m\libgcc.a(_arm_addsubsf3.o)
 .ARM.attributes
                0x00000406       0x1d c:/program files (x86)/cypress/psoc creator/4.2/psoc creator/import/gnu/arm/5.4.1/bin/../lib/gcc/arm-none-eabi/5.4.1/armv7-m\libgcc.a(_arm_muldivsf3.o)
 .ARM.attributes
                0x00000423       0x1d c:/program files (x86)/cypress/psoc creator/4.2/psoc creator/import/gnu/arm/5.4.1/bin/../lib/gcc/arm-none-eabi/5.4.1/armv7-m\libgcc.a(_aeabi_ldivmod.o)
 .ARM.attributes
                0x00000440       0x2d c:/program files (x86)/cypress/psoc creator/4.2/psoc creator/import/gnu/arm/5.4.1/bin/../lib/gcc/arm-none-eabi/5.4.1/armv7-m\libgcc.a(_udivmoddi4.o)
 .ARM.attributes
                0x0000046d       0x1d c:/program files (x86)/cypress/psoc creator/4.2/psoc creator/import/gnu/arm/5.4.1/bin/../lib/gcc/arm-none-eabi/5.4.1/armv7-m\libgcc.a(_dvmd_tls.o)
 .ARM.attributes
                0x0000048a       0x2d c:/program files (x86)/cypress/psoc creator/4.2/psoc creator/import/gnu/arm/5.4.1/bin/../lib/gcc/arm-none-eabi/5.4.1/../../../../arm-none-eabi/lib/armv7-m\libg_nano.a(lib_a-errno.o)
 .ARM.attributes
                0x000004b7       0x2d c:/program files (x86)/cypress/psoc creator/4.2/psoc creator/import/gnu/arm/5.4.1/bin/../lib/gcc/arm-none-eabi/5.4.1/../../../../arm-none-eabi/lib/armv7-m\libg_nano.a(lib_a-exit.o)
 .ARM.attributes
                0x000004e4       0x2d c:/program files (x86)/cypress/psoc creator/4.2/psoc creator/import/gnu/arm/5.4.1/bin/../lib/gcc/arm-none-eabi/5.4.1/../../../../arm-none-eabi/lib/armv7-m\libg_nano.a(lib_a-impure.o)
 .ARM.attributes
                0x00000511       0x2d c:/program files (x86)/cypress/psoc creator/4.2/psoc creator/import/gnu/arm/5.4.1/bin/../lib/gcc/arm-none-eabi/5.4.1/../../../../arm-none-eabi/lib/armv7-m\libg_nano.a(lib_a-init.o)
 .ARM.attributes
                0x0000053e       0x2d c:/program files (x86)/cypress/psoc creator/4.2/psoc creator/import/gnu/arm/5.4.1/bin/../lib/gcc/arm-none-eabi/5.4.1/../../../../arm-none-eabi/lib/armv7-m\libg_nano.a(lib_a-memcpy-stub.o)
 .ARM.attributes
                0x0000056b       0x2d c:/program files (x86)/cypress/psoc creator/4.2/psoc creator/import/gnu/arm/5.4.1/bin/../lib/gcc/arm-none-eabi/5.4.1/../../../../arm-none-eabi/lib/armv7-m\libg_nano.a(lib_a-memset.o)
 .ARM.attributes
                0x00000598       0x2d c:/program files (x86)/cypress/psoc creator/4.2/psoc creator/import/gnu/arm/5.4.1/bin/../lib/gcc/arm-none-eabi/5.4.1/armv7-m/crtend.o
 .ARM.attributes
                0x000005c5       0x1d c:/program files (x86)/cypress/psoc creator/4.2/psoc creator/import/gnu/arm/5.4.1/bin/../lib/gcc/arm-none-eabi/5.4.1/armv7-m/crtn.o

/DISCARD/
 *(.note.GNU-stack)
OUTPUT(C:\Users\poorn\Documents\PSoC Creator\ESM_Labs\Lab2_DC_Motor_V_I.cydsn\CortexM3\ARM_GCC_541\Debug\Lab2_DC_Motor_V_I.elf elf32-littlearm)
